Archive member included to satisfy reference by file (symbol)

c:/users/94736/.eide/tools/gcc_arm/bin/../lib/gcc/arm-none-eabi/8.3.1/../../../../arm-none-eabi/lib/thumb/v7e-m+fp/hard\libm.a(lib_a-w_sqrt.o)
                              ./build/gimbctrl/src/libs/MahonyAHRS.o (sqrt)
c:/users/94736/.eide/tools/gcc_arm/bin/../lib/gcc/arm-none-eabi/8.3.1/../../../../arm-none-eabi/lib/thumb/v7e-m+fp/hard\libm.a(lib_a-wf_asin.o)
                              ./build/gimbctrl/src/tasks/INS_task.o (asinf)
c:/users/94736/.eide/tools/gcc_arm/bin/../lib/gcc/arm-none-eabi/8.3.1/../../../../arm-none-eabi/lib/thumb/v7e-m+fp/hard\libm.a(lib_a-wf_atan2.o)
                              ./build/gimbctrl/src/tasks/INS_task.o (atan2f)
c:/users/94736/.eide/tools/gcc_arm/bin/../lib/gcc/arm-none-eabi/8.3.1/../../../../arm-none-eabi/lib/thumb/v7e-m+fp/hard\libm.a(lib_a-e_sqrt.o)
                              c:/users/94736/.eide/tools/gcc_arm/bin/../lib/gcc/arm-none-eabi/8.3.1/../../../../arm-none-eabi/lib/thumb/v7e-m+fp/hard\libm.a(lib_a-w_sqrt.o) (__ieee754_sqrt)
c:/users/94736/.eide/tools/gcc_arm/bin/../lib/gcc/arm-none-eabi/8.3.1/../../../../arm-none-eabi/lib/thumb/v7e-m+fp/hard\libm.a(lib_a-ef_asin.o)
                              c:/users/94736/.eide/tools/gcc_arm/bin/../lib/gcc/arm-none-eabi/8.3.1/../../../../arm-none-eabi/lib/thumb/v7e-m+fp/hard\libm.a(lib_a-wf_asin.o) (__ieee754_asinf)
c:/users/94736/.eide/tools/gcc_arm/bin/../lib/gcc/arm-none-eabi/8.3.1/../../../../arm-none-eabi/lib/thumb/v7e-m+fp/hard\libm.a(lib_a-ef_atan2.o)
                              c:/users/94736/.eide/tools/gcc_arm/bin/../lib/gcc/arm-none-eabi/8.3.1/../../../../arm-none-eabi/lib/thumb/v7e-m+fp/hard\libm.a(lib_a-wf_atan2.o) (__ieee754_atan2f)
c:/users/94736/.eide/tools/gcc_arm/bin/../lib/gcc/arm-none-eabi/8.3.1/../../../../arm-none-eabi/lib/thumb/v7e-m+fp/hard\libm.a(lib_a-ef_sqrt.o)
                              c:/users/94736/.eide/tools/gcc_arm/bin/../lib/gcc/arm-none-eabi/8.3.1/../../../../arm-none-eabi/lib/thumb/v7e-m+fp/hard\libm.a(lib_a-ef_asin.o) (__ieee754_sqrtf)
c:/users/94736/.eide/tools/gcc_arm/bin/../lib/gcc/arm-none-eabi/8.3.1/../../../../arm-none-eabi/lib/thumb/v7e-m+fp/hard\libm.a(lib_a-s_lib_ver.o)
                              c:/users/94736/.eide/tools/gcc_arm/bin/../lib/gcc/arm-none-eabi/8.3.1/../../../../arm-none-eabi/lib/thumb/v7e-m+fp/hard\libm.a(lib_a-w_sqrt.o) (__fdlib_version)
c:/users/94736/.eide/tools/gcc_arm/bin/../lib/gcc/arm-none-eabi/8.3.1/../../../../arm-none-eabi/lib/thumb/v7e-m+fp/hard\libm.a(lib_a-sf_atan.o)
                              c:/users/94736/.eide/tools/gcc_arm/bin/../lib/gcc/arm-none-eabi/8.3.1/../../../../arm-none-eabi/lib/thumb/v7e-m+fp/hard\libm.a(lib_a-ef_atan2.o) (atanf)
c:/users/94736/.eide/tools/gcc_arm/bin/../lib/gcc/arm-none-eabi/8.3.1/../../../../arm-none-eabi/lib/thumb/v7e-m+fp/hard\libm.a(lib_a-sf_fabs.o)
                              c:/users/94736/.eide/tools/gcc_arm/bin/../lib/gcc/arm-none-eabi/8.3.1/../../../../arm-none-eabi/lib/thumb/v7e-m+fp/hard\libm.a(lib_a-wf_asin.o) (fabsf)
c:/users/94736/.eide/tools/gcc_arm/bin/../lib/gcc/arm-none-eabi/8.3.1/../../../../arm-none-eabi/lib/thumb/v7e-m+fp/hard\libm.a(lib_a-sf_nan.o)
                              c:/users/94736/.eide/tools/gcc_arm/bin/../lib/gcc/arm-none-eabi/8.3.1/../../../../arm-none-eabi/lib/thumb/v7e-m+fp/hard\libm.a(lib_a-wf_asin.o) (nanf)
c:/users/94736/.eide/tools/gcc_arm/bin/../lib/gcc/arm-none-eabi/8.3.1/thumb/v7e-m+fp/hard\libgcc.a(_arm_addsubdf3.o)
                              c:/users/94736/.eide/tools/gcc_arm/bin/../lib/gcc/arm-none-eabi/8.3.1/../../../../arm-none-eabi/lib/thumb/v7e-m+fp/hard\libm.a(lib_a-e_sqrt.o) (__aeabi_dsub)
c:/users/94736/.eide/tools/gcc_arm/bin/../lib/gcc/arm-none-eabi/8.3.1/thumb/v7e-m+fp/hard\libgcc.a(_arm_muldivdf3.o)
                              c:/users/94736/.eide/tools/gcc_arm/bin/../lib/gcc/arm-none-eabi/8.3.1/../../../../arm-none-eabi/lib/thumb/v7e-m+fp/hard\libm.a(lib_a-e_sqrt.o) (__aeabi_dmul)
c:/users/94736/.eide/tools/gcc_arm/bin/../lib/gcc/arm-none-eabi/8.3.1/thumb/v7e-m+fp/hard\libgcc.a(_arm_cmpdf2.o)
                              c:/users/94736/.eide/tools/gcc_arm/bin/../lib/gcc/arm-none-eabi/8.3.1/../../../../arm-none-eabi/lib/thumb/v7e-m+fp/hard\libm.a(lib_a-w_sqrt.o) (__aeabi_dcmplt)
c:/users/94736/.eide/tools/gcc_arm/bin/../lib/gcc/arm-none-eabi/8.3.1/thumb/v7e-m+fp/hard\libgcc.a(_arm_unorddf2.o)
                              c:/users/94736/.eide/tools/gcc_arm/bin/../lib/gcc/arm-none-eabi/8.3.1/../../../../arm-none-eabi/lib/thumb/v7e-m+fp/hard\libm.a(lib_a-w_sqrt.o) (__aeabi_dcmpun)
c:/users/94736/.eide/tools/gcc_arm/bin/../lib/gcc/arm-none-eabi/8.3.1/thumb/v7e-m+fp/hard\libgcc.a(_arm_truncdfsf2.o)
                              ./build/gimbctrl/src/libs/MahonyAHRS.o (__aeabi_d2f)
c:/users/94736/.eide/tools/gcc_arm/bin/../lib/gcc/arm-none-eabi/8.3.1/thumb/v7e-m+fp/hard\libgcc.a(_aeabi_uldivmod.o)
[...]
Memory Configuration

Name             Origin             Length             Attributes
RAM              0x20000000         0x00020000         xrw
CCMRAM           0x10000000         0x00010000         xrw
FLASH            0x08000000         0x00100000         xr
*default*        0x00000000         0xffffffff

Linker script and memory map

LOAD c:/users/94736/.eide/tools/gcc_arm/bin/../lib/gcc/arm-none-eabi/8.3.1/thumb/v7e-m+fp/hard/crti.o
LOAD c:/users/94736/.eide/tools/gcc_arm/bin/../lib/gcc/arm-none-eabi/8.3.1/thumb/v7e-m+fp/hard/crtbegin.o
LOAD c:/users/94736/.eide/tools/gcc_arm/bin/../lib/gcc/arm-none-eabi/8.3.1/../../../../arm-none-eabi/lib/thumb/v7e-m+fp/hard/crt0.o
LOAD ./build/gimbctrl/Drivers/STM32F4xx_HAL_Driver/Src/stm32f4xx_hal.o
LOAD ./build/gimbctrl/Drivers/STM32F4xx_HAL_Driver/Src/stm32f4xx_hal_can.o
LOAD ./build/gimbctrl/Drivers/STM32F4xx_HAL_Driver/Src/stm32f4xx_hal_cortex.o
LOAD ./build/gimbctrl/Drivers/STM32F4xx_HAL_Driver/Src/stm32f4xx_hal_dma.o
LOAD ./build/gimbctrl/Drivers/STM32F4xx_HAL_Driver/Src/stm32f4xx_hal_dma_ex.o
LOAD ./build/gimbctrl/Drivers/STM32F4xx_HAL_Driver/Src/stm32f4xx_hal_exti.o
LOAD ./build/gimbctrl/Drivers/STM32F4xx_HAL_Driver/Src/stm32f4xx_hal_flash.o
LOAD ./build/gimbctrl/Drivers/STM32F4xx_HAL_Driver/Src/stm32f4xx_hal_flash_ex.o
LOAD ./build/gimbctrl/Drivers/STM32F4xx_HAL_Driver/Src/stm32f4xx_hal_flash_ramfunc.o
LOAD ./build/gimbctrl/Drivers/STM32F4xx_HAL_Driver/Src/stm32f4xx_hal_gpio.o
LOAD ./build/gimbctrl/Drivers/STM32F4xx_HAL_Driver/Src/stm32f4xx_hal_i2c.o
LOAD ./build/gimbctrl/Drivers/STM32F4xx_HAL_Driver/Src/stm32f4xx_hal_i2c_ex.o
LOAD ./build/gimbctrl/Drivers/STM32F4xx_HAL_Driver/Src/stm32f4xx_hal_pwr.o
LOAD ./build/gimbctrl/Drivers/STM32F4xx_HAL_Driver/Src/stm32f4xx_hal_pwr_ex.o
LOAD ./build/gimbctrl/Drivers/STM32F4xx_HAL_Driver/Src/stm32f4xx_hal_rcc.o
LOAD ./build/gimbctrl/Drivers/STM32F4xx_HAL_Driver/Src/stm32f4xx_hal_rcc_ex.o
LOAD ./build/gimbctrl/Drivers/STM32F4xx_HAL_Driver/Src/stm32f4xx_hal_spi.o
LOAD ./build/gimbctrl/Drivers/STM32F4xx_HAL_Driver/Src/stm32f4xx_hal_tim.o
LOAD ./build/gimbctrl/Drivers/STM32F4xx_HAL_Driver/Src/stm32f4xx_hal_tim_ex.o
LOAD ./build/gimbctrl/Middlewares/Third_Party/FreeRTOS/Source/CMSIS_RTOS_V2/cmsis_os2.o
LOAD ./build/gimbctrl/Middlewares/Third_Party/FreeRTOS/Source/croutine.o
LOAD ./build/gimbctrl/Middlewares/Third_Party/FreeRTOS/Source/event_groups.o
LOAD ./build/gimbctrl/Middlewares/Third_Party/FreeRTOS/Source/list.o
LOAD ./build/gimbctrl/Middlewares/Third_Party/FreeRTOS/Source/portable/GCC/ARM_CM4F/port.o
LOAD ./build/gimbctrl/Middlewares/Third_Party/FreeRTOS/Source/portable/MemMang/heap_4.o
LOAD ./build/gimbctrl/Middlewares/Third_Party/FreeRTOS/Source/queue.o
LOAD ./build/gimbctrl/Middlewares/Third_Party/FreeRTOS/Source/stream_buffer.o
LOAD ./build/gimbctrl/Middlewares/Third_Party/FreeRTOS/Source/tasks.o
LOAD ./build/gimbctrl/Middlewares/Third_Party/FreeRTOS/Source/timers.o
LOAD ./build/gimbctrl/Src/can.o
LOAD ./build/gimbctrl/Src/dma.o
LOAD ./build/gimbctrl/Src/freertos.o
LOAD ./build/gimbctrl/Src/gpio.o
LOAD ./build/gimbctrl/Src/i2c.o
LOAD ./build/gimbctrl/Src/main.o
LOAD ./build/gimbctrl/Src/spi.o
LOAD ./build/gimbctrl/Src/stm32f4xx_hal_msp.o
LOAD ./build/gimbctrl/Src/stm32f4xx_it.o
LOAD ./build/gimbctrl/Src/system_stm32f4xx.o
LOAD ./build/gimbctrl/Src/tim.o
LOAD ./build/gimbctrl/src/bsps/bsp_delay.o
LOAD ./build/gimbctrl/src/bsps/bsp_imu_pwm.o
LOAD ./build/gimbctrl/src/bsps/bsp_spi.o
LOAD ./build/gimbctrl/src/bsps/can_bsp.o
LOAD ./build/gimbctrl/src/bsps/flash_bsp.o
LOAD ./build/gimbctrl/src/devices/BMI088Middleware.o
LOAD ./build/gimbctrl/src/devices/BMI088driver.o
LOAD ./build/gimbctrl/src/devices/canbus.o
LOAD ./build/gimbctrl/src/devices/ist8310driver.o
LOAD ./build/gimbctrl/src/devices/ist8310driver_middleware.o
LOAD ./build/gimbctrl/src/libs/MahonyAHRS.o
LOAD ./build/gimbctrl/src/libs/motlib.o
LOAD ./build/gimbctrl/src/libs/pid.o
LOAD ./build/gimbctrl/src/libs/user_lib.o
LOAD ./build/gimbctrl/src/tasks/INS_task.o
LOAD ./build/gimbctrl/src/tasks/comutask.o
LOAD ./build/gimbctrl/src/tasks/devmoni.o
LOAD ./build/gimbctrl/src/tasks/infoupdate.o
LOAD ./build/gimbctrl/src/tasks/init.o
LOAD ./build/gimbctrl/src/tasks/shoottask.o
LOAD ./build/gimbctrl/startup_stm32f407xx.o
LOAD c:/users/94736/.eide/tools/gcc_arm/bin/../lib/gcc/arm-none-eabi/8.3.1/../../../../arm-none-eabi/lib/thumb/v7e-m+fp/hard\libm.a
START GROUP
LOAD c:/users/94736/.eide/tools/gcc_arm/bin/../lib/gcc/arm-none-eabi/8.3.1/thumb/v7e-m+fp/hard\libgcc.a
LOAD c:/users/94736/.eide/tools/gcc_arm/bin/../lib/gcc/arm-none-eabi/8.3.1/../../../../arm-none-eabi/lib/thumb/v7e-m+fp/hard\libc_nano.a
END GROUP
START GROUP
LOAD c:/users/94736/.eide/tools/gcc_arm/bin/../lib/gcc/arm-none-eabi/8.3.1/thumb/v7e-m+fp/hard\libgcc.a
LOAD c:/users/94736/.eide/tools/gcc_arm/bin/../lib/gcc/arm-none-eabi/8.3.1/../../../../arm-none-eabi/lib/thumb/v7e-m+fp/hard\libc_nano.a
LOAD c:/users/94736/.eide/tools/gcc_arm/bin/../lib/gcc/arm-none-eabi/8.3.1/../../../../arm-none-eabi/lib/thumb/v7e-m+fp/hard\libnosys.a
END GROUP
START GROUP
LOAD c:/users/94736/.eide/tools/gcc_arm/bin/../lib/gcc/arm-none-eabi/8.3.1/thumb/v7e-m+fp/hard\libgcc.a
LOAD c:/users/94736/.eide/tools/gcc_arm/bin/../lib/gcc/arm-none-eabi/8.3.1/../../../../arm-none-eabi/lib/thumb/v7e-m+fp/hard\libc_nano.a
LOAD c:/users/94736/.eide/tools/gcc_arm/bin/../lib/gcc/arm-none-eabi/8.3.1/../../../../arm-none-eabi/lib/thumb/v7e-m+fp/hard\libnosys.a
END GROUP
LOAD c:/users/94736/.eide/tools/gcc_arm/bin/../lib/gcc/arm-none-eabi/8.3.1/thumb/v7e-m+fp/hard/crtend.o
LOAD c:/users/94736/.eide/tools/gcc_arm/bin/../lib/gcc/arm-none-eabi/8.3.1/thumb/v7e-m+fp/hard/crtn.o
                0x20020000                _estack = (ORIGIN (RAM) + LENGTH (RAM))
                0x00000200                _Min_Heap_Size = 0x200
                0x00000400                _Min_Stack_Size = 0x400

.isr_vector     0x08000000      0x188
                0x08000000                . = ALIGN (0x4)
 *(.isr_vector)
 .isr_vector    0x08000000      0x188 ./build/gimbctrl/startup_stm32f407xx.o
                0x08000000                g_pfnVectors
                0x08000188                . = ALIGN (0x4)

.text           0x08000190     0xad38
                0x08000190                . = ALIGN (0x4)
 *(.text)
 .text          0x08000190       0x40 c:/users/94736/.eide/tools/gcc_arm/bin/../lib/gcc/arm-none-eabi/8.3.1/thumb/v7e-m+fp/hard/crtbegin.o
 .text          0x080001d0      0x378 c:/users/94736/.eide/tools/gcc_arm/bin/../lib/gcc/arm-none-eabi/8.3.1/thumb/v7e-m+fp/hard\libgcc.a(_arm_addsubdf3.o)
                0x080001d0                __aeabi_drsub
                0x080001d8                __aeabi_dsub
                0x080001d8                __subdf3
                0x080001dc                __aeabi_dadd
                0x080001dc                __adddf3
                0x08000454                __floatunsidf
                0x08000454                __aeabi_ui2d
                0x08000474                __floatsidf
                0x08000474                __aeabi_i2d
                0x08000498                __aeabi_f2d
                0x08000498                __extendsfdf2
                0x080004dc                __floatundidf
                0x080004dc                __aeabi_ul2d
                0x080004ec                __floatdidf
                0x080004ec                __aeabi_l2d
 .text          0x08000548      0x424 c:/users/94736/.eide/tools/gcc_arm/bin/../lib/gcc/arm-none-eabi/8.3.1/thumb/v7e-m+fp/hard\libgcc.a(_arm_muldivdf3.o)
                0x08000548                __aeabi_dmul
                0x08000548                __muldf3
                0x0800079c                __divdf3
                0x0800079c                __aeabi_ddiv
 .text          0x0800096c      0x110 c:/users/94736/.eide/tools/gcc_arm/bin/../lib/gcc/arm-none-eabi/8.3.1/thumb/v7e-m+fp/hard\libgcc.a(_arm_cmpdf2.o)
                0x0800096c                __gtdf2
                0x0800096c                __gedf2
                0x08000974                __ltdf2
                0x08000974                __ledf2
                0x0800097c                __nedf2
                0x0800097c                __eqdf2
                0x0800097c                __cmpdf2
                0x080009f8                __aeabi_cdrcmple
                0x08000a08                __aeabi_cdcmpeq
                0x08000a08                __aeabi_cdcmple
                0x08000a18                __aeabi_dcmpeq
                0x08000a2c                __aeabi_dcmplt
                0x08000a40                __aeabi_dcmple
                0x08000a54                __aeabi_dcmpge
                0x08000a68                __aeabi_dcmpgt
 .text          0x08000a7c       0x2c c:/users/94736/.eide/tools/gcc_arm/bin/../lib/gcc/arm-none-eabi/8.3.1/thumb/v7e-m+fp/hard\libgcc.a(_arm_unorddf2.o)
                0x08000a7c                __unorddf2
                0x08000a7c                __aeabi_dcmpun
 .text          0x08000aa8       0xa0 c:/users/94736/.eide/tools/gcc_arm/bin/../lib/gcc/arm-none-eabi/8.3.1/thumb/v7e-m+fp/hard\libgcc.a(_arm_truncdfsf2.o)
                0x08000aa8                __truncdfsf2
                0x08000aa8                __aeabi_d2f
 .text          0x08000b48       0x30 c:/users/94736/.eide/tools/gcc_arm/bin/../lib/gcc/arm-none-eabi/8.3.1/thumb/v7e-m+fp/hard\libgcc.a(_aeabi_uldivmod.o)
                0x08000b48                __aeabi_uldivmod
 .text          0x08000b78      0x2d0 c:/users/94736/.eide/tools/gcc_arm/bin/../lib/gcc/arm-none-eabi/8.3.1/thumb/v7e-m+fp/hard\libgcc.a(_udivmoddi4.o)
                0x08000b78                __udivmoddi4
 .text          0x08000e48        0x4 c:/users/94736/.eide/tools/gcc_arm/bin/../lib/gcc/arm-none-eabi/8.3.1/thumb/v7e-m+fp/hard\libgcc.a(_dvmd_tls.o)
                0x08000e48                __aeabi_idiv0
                0x08000e48                __aeabi_ldiv0
 .text          0x08000e4c       0x10 c:/users/94736/.eide/tools/gcc_arm/bin/../lib/gcc/arm-none-eabi/8.3.1/../../../../arm-none-eabi/lib/thumb/v7e-m+fp/hard\libc_nano.a(lib_a-strlen.o)
                0x08000e4c                strlen
 *(.text*)
 .text.HAL_InitTick
                0x08000e5c       0x4c ./build/gimbctrl/Drivers/STM32F4xx_HAL_Driver/Src/stm32f4xx_hal.o
                0x08000e5c                HAL_InitTick
 .text.HAL_Init
                0x08000ea8       0x34 ./build/gimbctrl/Drivers/STM32F4xx_HAL_Driver/Src/stm32f4xx_hal.o
                0x08000ea8                HAL_Init
 .text.HAL_IncTick
                0x08000edc       0x18 ./build/gimbctrl/Drivers/STM32F4xx_HAL_Driver/Src/stm32f4xx_hal.o
                0x08000edc                HAL_IncTick
 .text.HAL_GetTick
                0x08000ef4        0xc ./build/gimbctrl/Drivers/STM32F4xx_HAL_Driver/Src/stm32f4xx_hal.o
                0x08000ef4                HAL_GetTick
 .text.HAL_CAN_Init
                0x08000f00      0x14c ./build/gimbctrl/Drivers/STM32F4xx_HAL_Driver/Src/stm32f4xx_hal_can.o
                0x08000f00                HAL_CAN_Init
 .text.HAL_CAN_ConfigFilter
                0x0800104c      0x12c ./build/gimbctrl/Drivers/STM32F4xx_HAL_Driver/Src/stm32f4xx_hal_can.o
                0x0800104c                HAL_CAN_ConfigFilter
 .text.HAL_CAN_Start
                0x08001178       0x5c ./build/gimbctrl/Drivers/STM32F4xx_HAL_Driver/Src/stm32f4xx_hal_can.o
                0x08001178                HAL_CAN_Start
 .text.HAL_CAN_AddTxMessage
                0x080011d4       0xec ./build/gimbctrl/Drivers/STM32F4xx_HAL_Driver/Src/stm32f4xx_hal_can.o
                0x080011d4                HAL_CAN_AddTxMessage
 .text.HAL_CAN_GetRxMessage
                0x080012c0      0x132 ./build/gimbctrl/Drivers/STM32F4xx_HAL_Driver/Src/stm32f4xx_hal_can.o
                0x080012c0                HAL_CAN_GetRxMessage
 .text.HAL_CAN_ActivateNotification
                0x080013f2       0x24 ./build/gimbctrl/Drivers/STM32F4xx_HAL_Driver/Src/stm32f4xx_hal_can.o
                0x080013f2                HAL_CAN_ActivateNotification
 .text.HAL_CAN_TxMailbox0CompleteCallback
                0x08001416        0x2 ./build/gimbctrl/Drivers/STM32F4xx_HAL_Driver/Src/stm32f4xx_hal_can.o
                0x08001416                HAL_CAN_TxMailbox0CompleteCallback
 .text.HAL_CAN_TxMailbox1CompleteCallback
                0x08001418        0x2 ./build/gimbctrl/Drivers/STM32F4xx_HAL_Driver/Src/stm32f4xx_hal_can.o
                0x08001418                HAL_CAN_TxMailbox1CompleteCallback
 .text.HAL_CAN_TxMailbox2CompleteCallback
                0x0800141a        0x2 ./build/gimbctrl/Drivers/STM32F4xx_HAL_Driver/Src/stm32f4xx_hal_can.o
                0x0800141a                HAL_CAN_TxMailbox2CompleteCallback
 .text.HAL_CAN_TxMailbox0AbortCallback
                0x0800141c        0x2 ./build/gimbctrl/Drivers/STM32F4xx_HAL_Driver/Src/stm32f4xx_hal_can.o
                0x0800141c                HAL_CAN_TxMailbox0AbortCallback
 .text.HAL_CAN_TxMailbox1AbortCallback
                0x0800141e        0x2 ./build/gimbctrl/Drivers/STM32F4xx_HAL_Driver/Src/stm32f4xx_hal_can.o
                0x0800141e                HAL_CAN_TxMailbox1AbortCallback
 .text.HAL_CAN_TxMailbox2AbortCallback
                0x08001420        0x2 ./build/gimbctrl/Drivers/STM32F4xx_HAL_Driver/Src/stm32f4xx_hal_can.o
                0x08001420                HAL_CAN_TxMailbox2AbortCallback
 .text.HAL_CAN_RxFifo0FullCallback
                0x08001422        0x2 ./build/gimbctrl/Drivers/STM32F4xx_HAL_Driver/Src/stm32f4xx_hal_can.o
                0x08001422                HAL_CAN_RxFifo0FullCallback
 .text.HAL_CAN_RxFifo1MsgPendingCallback
                0x08001424        0x2 ./build/gimbctrl/Drivers/STM32F4xx_HAL_Driver/Src/stm32f4xx_hal_can.o
                0x08001424                HAL_CAN_RxFifo1MsgPendingCallback
 .text.HAL_CAN_RxFifo1FullCallback
                0x08001426        0x2 ./build/gimbctrl/Drivers/STM32F4xx_HAL_Driver/Src/stm32f4xx_hal_can.o
                0x08001426                HAL_CAN_RxFifo1FullCallback
 .text.HAL_CAN_SleepCallback
                0x08001428        0x2 ./build/gimbctrl/Drivers/STM32F4xx_HAL_Driver/Src/stm32f4xx_hal_can.o
                0x08001428                HAL_CAN_SleepCallback
 .text.HAL_CAN_WakeUpFromRxMsgCallback
                0x0800142a        0x2 ./build/gimbctrl/Drivers/STM32F4xx_HAL_Driver/Src/stm32f4xx_hal_can.o
                0x0800142a                HAL_CAN_WakeUpFromRxMsgCallback
 .text.HAL_CAN_ErrorCallback
                0x0800142c        0x2 ./build/gimbctrl/Drivers/STM32F4xx_HAL_Driver/Src/stm32f4xx_hal_can.o
                0x0800142c                HAL_CAN_ErrorCallback
 .text.HAL_CAN_IRQHandler
                0x0800142e      0x252 ./build/gimbctrl/Drivers/STM32F4xx_HAL_Driver/Src/stm32f4xx_hal_can.o
                0x0800142e                HAL_CAN_IRQHandler
 .text.HAL_NVIC_SetPriorityGrouping
                0x08001680       0x24 ./build/gimbctrl/Drivers/STM32F4xx_HAL_Driver/Src/stm32f4xx_hal_cortex.o
                0x08001680                HAL_NVIC_SetPriorityGrouping
 .text.HAL_NVIC_SetPriority
                0x080016a4       0x68 ./build/gimbctrl/Drivers/STM32F4xx_HAL_Driver/Src/stm32f4xx_hal_cortex.o
                0x080016a4                HAL_NVIC_SetPriority
 .text.HAL_NVIC_EnableIRQ
                0x0800170c       0x1c ./build/gimbctrl/Drivers/STM32F4xx_HAL_Driver/Src/stm32f4xx_hal_cortex.o
                0x0800170c                HAL_NVIC_EnableIRQ
 .text.HAL_SYSTICK_Config
                0x08001728       0x2c ./build/gimbctrl/Drivers/STM32F4xx_HAL_Driver/Src/stm32f4xx_hal_cortex.o
                0x08001728                HAL_SYSTICK_Config
 .text.DMA_CalcBaseAndBitshift
                0x08001754       0x44 ./build/gimbctrl/Drivers/STM32F4xx_HAL_Driver/Src/stm32f4xx_hal_dma.o
 .text.DMA_CheckFifoParam
                0x08001798       0x8e ./build/gimbctrl/Drivers/STM32F4xx_HAL_Driver/Src/stm32f4xx_hal_dma.o
 *fill*         0x08001826        0x2 
 .text.HAL_DMA_Init
                0x08001828       0xcc ./build/gimbctrl/Drivers/STM32F4xx_HAL_Driver/Src/stm32f4xx_hal_dma.o
                0x08001828                HAL_DMA_Init
 .text.HAL_GPIO_Init
                0x080018f4      0x1d4 ./build/gimbctrl/Drivers/STM32F4xx_HAL_Driver/Src/stm32f4xx_hal_gpio.o
                0x080018f4                HAL_GPIO_Init
 .text.HAL_GPIO_WritePin
                0x08001ac8        0xc ./build/gimbctrl/Drivers/STM32F4xx_HAL_Driver/Src/stm32f4xx_hal_gpio.o
                0x08001ac8                HAL_GPIO_WritePin
 .text.HAL_GPIO_EXTI_IRQHandler
                0x08001ad4       0x1c ./build/gimbctrl/Drivers/STM32F4xx_HAL_Driver/Src/stm32f4xx_hal_gpio.o
                0x08001ad4                HAL_GPIO_EXTI_IRQHandler
 .text.I2C_IsAcknowledgeFailed
                0x08001af0       0x32 ./build/gimbctrl/Drivers/STM32F4xx_HAL_Driver/Src/stm32f4xx_hal_i2c.o
 .text.I2C_WaitOnFlagUntilTimeout
                0x08001b22       0x70 ./build/gimbctrl/Drivers/STM32F4xx_HAL_Driver/Src/stm32f4xx_hal_i2c.o
 .text.I2C_WaitOnMasterAddressFlagUntilTimeout
                0x08001b92       0xa4 ./build/gimbctrl/Drivers/STM32F4xx_HAL_Driver/Src/stm32f4xx_hal_i2c.o
 .text.I2C_WaitOnTXEFlagUntilTimeout
                0x08001c36       0x54 ./build/gimbctrl/Drivers/STM32F4xx_HAL_Driver/Src/stm32f4xx_hal_i2c.o
 *fill*         0x08001c8a        0x2 
 .text.I2C_RequestMemoryWrite
                0x08001c8c       0xd8 ./build/gimbctrl/Drivers/STM32F4xx_HAL_Driver/Src/stm32f4xx_hal_i2c.o
 .text.I2C_RequestMemoryRead
                0x08001d64      0x14c ./build/gimbctrl/Drivers/STM32F4xx_HAL_Driver/Src/stm32f4xx_hal_i2c.o
 .text.I2C_WaitOnBTFFlagUntilTimeout
                0x08001eb0       0x54 ./build/gimbctrl/Drivers/STM32F4xx_HAL_Driver/Src/stm32f4xx_hal_i2c.o
 .text.I2C_WaitOnRXNEFlagUntilTimeout
                0x08001f04       0x6a ./build/gimbctrl/Drivers/STM32F4xx_HAL_Driver/Src/stm32f4xx_hal_i2c.o
 *fill*         0x08001f6e        0x2 
 .text.HAL_I2C_Init
                0x08001f70      0x1b8 ./build/gimbctrl/Drivers/STM32F4xx_HAL_Driver/Src/stm32f4xx_hal_i2c.o
                0x08001f70                HAL_I2C_Init
 .text.HAL_I2C_Mem_Write
                0x08002128      0x164 ./build/gimbctrl/Drivers/STM32F4xx_HAL_Driver/Src/stm32f4xx_hal_i2c.o
                0x08002128                HAL_I2C_Mem_Write
 .text.HAL_I2C_Mem_Read
                0x0800228c      0x2d0 ./build/gimbctrl/Drivers/STM32F4xx_HAL_Driver/Src/stm32f4xx_hal_i2c.o
                0x0800228c                HAL_I2C_Mem_Read
 .text.HAL_RCC_OscConfig
                0x0800255c      0x3f8 ./build/gimbctrl/Drivers/STM32F4xx_HAL_Driver/Src/stm32f4xx_hal_rcc.o
                0x0800255c                HAL_RCC_OscConfig
 .text.HAL_RCC_GetSysClockFreq
                0x08002954       0xa4 ./build/gimbctrl/Drivers/STM32F4xx_HAL_Driver/Src/stm32f4xx_hal_rcc.o
                0x08002954                HAL_RCC_GetSysClockFreq
 .text.HAL_RCC_ClockConfig
                0x080029f8      0x160 ./build/gimbctrl/Drivers/STM32F4xx_HAL_Driver/Src/stm32f4xx_hal_rcc.o
                0x080029f8                HAL_RCC_ClockConfig
 .text.HAL_RCC_GetHCLKFreq
                0x08002b58        0xc ./build/gimbctrl/Drivers/STM32F4xx_HAL_Driver/Src/stm32f4xx_hal_rcc.o
                0x08002b58                HAL_RCC_GetHCLKFreq
 .text.HAL_RCC_GetPCLK1Freq
                0x08002b64       0x20 ./build/gimbctrl/Drivers/STM32F4xx_HAL_Driver/Src/stm32f4xx_hal_rcc.o
                0x08002b64                HAL_RCC_GetPCLK1Freq
 .text.SPI_WaitFlagStateUntilTimeout
                0x08002b84       0xd0 ./build/gimbctrl/Drivers/STM32F4xx_HAL_Driver/Src/stm32f4xx_hal_spi.o
 .text.SPI_EndRxTxTransaction
                0x08002c54       0x68 ./build/gimbctrl/Drivers/STM32F4xx_HAL_Driver/Src/stm32f4xx_hal_spi.o
 .text.HAL_SPI_Init
                0x08002cbc       0xbe ./build/gimbctrl/Drivers/STM32F4xx_HAL_Driver/Src/stm32f4xx_hal_spi.o
                0x08002cbc                HAL_SPI_Init
 .text.HAL_SPI_TransmitReceive
                0x08002d7a      0x230 ./build/gimbctrl/Drivers/STM32F4xx_HAL_Driver/Src/stm32f4xx_hal_spi.o
                0x08002d7a                HAL_SPI_TransmitReceive
 *fill*         0x08002faa        0x2 
 .text.TIM_OC1_SetConfig
                0x08002fac       0x68 ./build/gimbctrl/Drivers/STM32F4xx_HAL_Driver/Src/stm32f4xx_hal_tim.o
 .text.TIM_OC3_SetConfig
                0x08003014       0x70 ./build/gimbctrl/Drivers/STM32F4xx_HAL_Driver/Src/stm32f4xx_hal_tim.o
 .text.TIM_OC4_SetConfig
                0x08003084       0x50 ./build/gimbctrl/Drivers/STM32F4xx_HAL_Driver/Src/stm32f4xx_hal_tim.o
 .text.TIM_Base_SetConfig
                0x080030d4       0xc8 ./build/gimbctrl/Drivers/STM32F4xx_HAL_Driver/Src/stm32f4xx_hal_tim.o
                0x080030d4                TIM_Base_SetConfig
 .text.HAL_TIM_Base_Init
                0x0800319c       0x58 ./build/gimbctrl/Drivers/STM32F4xx_HAL_Driver/Src/stm32f4xx_hal_tim.o
                0x0800319c                HAL_TIM_Base_Init
 .text.HAL_TIM_PWM_Init
                0x080031f4       0x58 ./build/gimbctrl/Drivers/STM32F4xx_HAL_Driver/Src/stm32f4xx_hal_tim.o
                0x080031f4                HAL_TIM_PWM_Init
 .text.TIM_OC2_SetConfig
                0x0800324c       0x70 ./build/gimbctrl/Drivers/STM32F4xx_HAL_Driver/Src/stm32f4xx_hal_tim.o
                0x0800324c                TIM_OC2_SetConfig
 .text.HAL_TIM_PWM_ConfigChannel
                0x080032bc       0xdc ./build/gimbctrl/Drivers/STM32F4xx_HAL_Driver/Src/stm32f4xx_hal_tim.o
                0x080032bc                HAL_TIM_PWM_ConfigChannel
 .text.HAL_TIMEx_MasterConfigSynchronization
                0x08003398       0x88 ./build/gimbctrl/Drivers/STM32F4xx_HAL_Driver/Src/stm32f4xx_hal_tim_ex.o
                0x08003398                HAL_TIMEx_MasterConfigSynchronization
 .text.HAL_TIMEx_ConfigBreakDeadTime
                0x08003420       0x52 ./build/gimbctrl/Drivers/STM32F4xx_HAL_Driver/Src/stm32f4xx_hal_tim_ex.o
                0x08003420                HAL_TIMEx_ConfigBreakDeadTime
 *fill*         0x08003472        0x2 
 .text.osKernelInitialize
                0x08003474       0x24 ./build/gimbctrl/Middlewares/Third_Party/FreeRTOS/Source/CMSIS_RTOS_V2/cmsis_os2.o
                0x08003474                osKernelInitialize
 .text.osKernelStart
                0x08003498       0x38 ./build/gimbctrl/Middlewares/Third_Party/FreeRTOS/Source/CMSIS_RTOS_V2/cmsis_os2.o
                0x08003498                osKernelStart
 .text.osThreadNew
                0x080034d0       0xbc ./build/gimbctrl/Middlewares/Third_Party/FreeRTOS/Source/CMSIS_RTOS_V2/cmsis_os2.o
                0x080034d0                osThreadNew
 .text.osDelay  0x0800358c       0x1c ./build/gimbctrl/Middlewares/Third_Party/FreeRTOS/Source/CMSIS_RTOS_V2/cmsis_os2.o
                0x0800358c                osDelay
 .text.osDelayUntil
                0x080035a8       0x30 ./build/gimbctrl/Middlewares/Third_Party/FreeRTOS/Source/CMSIS_RTOS_V2/cmsis_os2.o
                0x080035a8                osDelayUntil
 .text.vApplicationGetIdleTaskMemory
                0x080035d8       0x18 ./build/gimbctrl/Middlewares/Third_Party/FreeRTOS/Source/CMSIS_RTOS_V2/cmsis_os2.o
                0x080035d8                vApplicationGetIdleTaskMemory
 .text.vApplicationGetTimerTaskMemory
                0x080035f0       0x18 ./build/gimbctrl/Middlewares/Third_Party/FreeRTOS/Source/CMSIS_RTOS_V2/cmsis_os2.o
                0x080035f0                vApplicationGetTimerTaskMemory
 .text.vListInitialise
                0x08003608       0x16 ./build/gimbctrl/Middlewares/Third_Party/FreeRTOS/Source/list.o
                0x08003608                vListInitialise
 .text.vListInitialiseItem
                0x0800361e        0x6 ./build/gimbctrl/Middlewares/Third_Party/FreeRTOS/Source/list.o
                0x0800361e                vListInitialiseItem
 .text.vListInsertEnd
                0x08003624       0x16 ./build/gimbctrl/Middlewares/Third_Party/FreeRTOS/Source/list.o
                0x08003624                vListInsertEnd
 .text.vListInsert
                0x0800363a       0x34 ./build/gimbctrl/Middlewares/Third_Party/FreeRTOS/Source/list.o
                0x0800363a                vListInsert
 .text.uxListRemove
                0x0800366e       0x26 ./build/gimbctrl/Middlewares/Third_Party/FreeRTOS/Source/list.o
                0x0800366e                uxListRemove
 .text.prvTaskExitError
                0x08003694       0x40 ./build/gimbctrl/Middlewares/Third_Party/FreeRTOS/Source/portable/GCC/ARM_CM4F/port.o
 .text.prvPortStartFirstTask
                0x080036d4       0x28 ./build/gimbctrl/Middlewares/Third_Party/FreeRTOS/Source/portable/GCC/ARM_CM4F/port.o
 .text.vPortEnableVFP
                0x080036fc       0x14 ./build/gimbctrl/Middlewares/Third_Party/FreeRTOS/Source/portable/GCC/ARM_CM4F/port.o
 .text.pxPortInitialiseStack
                0x08003710       0x2c ./build/gimbctrl/Middlewares/Third_Party/FreeRTOS/Source/portable/GCC/ARM_CM4F/port.o
                0x08003710                pxPortInitialiseStack
 *fill*         0x0800373c        0x4 
 .text.SVC_Handler
                0x08003740       0x24 ./build/gimbctrl/Middlewares/Third_Party/FreeRTOS/Source/portable/GCC/ARM_CM4F/port.o
                0x08003740                SVC_Handler
 .text.vPortEnterCritical
                0x08003764       0x44 ./build/gimbctrl/Middlewares/Third_Party/FreeRTOS/Source/portable/GCC/ARM_CM4F/port.o
                0x08003764                vPortEnterCritical
 .text.vPortExitCritical
                0x080037a8       0x2c ./build/gimbctrl/Middlewares/Third_Party/FreeRTOS/Source/portable/GCC/ARM_CM4F/port.o
                0x080037a8                vPortExitCritical
 *fill*         0x080037d4        0xc 
 .text.PendSV_Handler
                0x080037e0       0x64 ./build/gimbctrl/Middlewares/Third_Party/FreeRTOS/Source/portable/GCC/ARM_CM4F/port.o
                0x080037e0                PendSV_Handler
 .text.xPortSysTickHandler
                0x08003844       0x2c ./build/gimbctrl/Middlewares/Third_Party/FreeRTOS/Source/portable/GCC/ARM_CM4F/port.o
                0x08003844                xPortSysTickHandler
 .text.vPortSetupTimerInterrupt
                0x08003870       0x38 ./build/gimbctrl/Middlewares/Third_Party/FreeRTOS/Source/portable/GCC/ARM_CM4F/port.o
                0x08003870                vPortSetupTimerInterrupt
 .text.xPortStartScheduler
                0x080038a8      0x110 ./build/gimbctrl/Middlewares/Third_Party/FreeRTOS/Source/portable/GCC/ARM_CM4F/port.o
                0x080038a8                xPortStartScheduler
 .text.vPortValidateInterruptPriority
                0x080039b8       0x5c ./build/gimbctrl/Middlewares/Third_Party/FreeRTOS/Source/portable/GCC/ARM_CM4F/port.o
                0x080039b8                vPortValidateInterruptPriority
 .text.prvHeapInit
                0x08003a14       0x64 ./build/gimbctrl/Middlewares/Third_Party/FreeRTOS/Source/portable/MemMang/heap_4.o
 .text.prvInsertBlockIntoFreeList
                0x08003a78       0x58 ./build/gimbctrl/Middlewares/Third_Party/FreeRTOS/Source/portable/MemMang/heap_4.o
 .text.pvPortMalloc
                0x08003ad0      0x114 ./build/gimbctrl/Middlewares/Third_Party/FreeRTOS/Source/portable/MemMang/heap_4.o
                0x08003ad0                pvPortMalloc
 .text.vPortFree
                0x08003be4       0x7c ./build/gimbctrl/Middlewares/Third_Party/FreeRTOS/Source/portable/MemMang/heap_4.o
                0x08003be4                vPortFree
 .text.prvIsQueueFull
                0x08003c60       0x1e ./build/gimbctrl/Middlewares/Third_Party/FreeRTOS/Source/queue.o
 .text.prvIsQueueEmpty
                0x08003c7e       0x1a ./build/gimbctrl/Middlewares/Third_Party/FreeRTOS/Source/queue.o
 .text.prvCopyDataToQueue
                0x08003c98       0x76 ./build/gimbctrl/Middlewares/Third_Party/FreeRTOS/Source/queue.o
 .text.prvCopyDataFromQueue
                0x08003d0e       0x24 ./build/gimbctrl/Middlewares/Third_Party/FreeRTOS/Source/queue.o
 .text.prvUnlockQueue
                0x08003d32       0x6e ./build/gimbctrl/Middlewares/Third_Party/FreeRTOS/Source/queue.o
 .text.xQueueGenericReset
                0x08003da0       0x84 ./build/gimbctrl/Middlewares/Third_Party/FreeRTOS/Source/queue.o
                0x08003da0                xQueueGenericReset
 .text.prvInitialiseNewQueue
                0x08003e24       0x22 ./build/gimbctrl/Middlewares/Third_Party/FreeRTOS/Source/queue.o
 .text.xQueueGenericCreateStatic
                0x08003e46       0x94 ./build/gimbctrl/Middlewares/Third_Party/FreeRTOS/Source/queue.o
                0x08003e46                xQueueGenericCreateStatic
 *fill*         0x08003eda        0x2 
 .text.xQueueGenericSend
                0x08003edc      0x180 ./build/gimbctrl/Middlewares/Third_Party/FreeRTOS/Source/queue.o
                0x08003edc                xQueueGenericSend
 .text.xQueueGenericSendFromISR
                0x0800405c       0xd0 ./build/gimbctrl/Middlewares/Third_Party/FreeRTOS/Source/queue.o
                0x0800405c                xQueueGenericSendFromISR
 .text.xQueueReceive
                0x0800412c      0x15c ./build/gimbctrl/Middlewares/Third_Party/FreeRTOS/Source/queue.o
                0x0800412c                xQueueReceive
 .text.vQueueAddToRegistry
                0x08004288       0x28 ./build/gimbctrl/Middlewares/Third_Party/FreeRTOS/Source/queue.o
                0x08004288                vQueueAddToRegistry
 .text.vQueueWaitForMessageRestricted
                0x080042b0       0x52 ./build/gimbctrl/Middlewares/Third_Party/FreeRTOS/Source/queue.o
                0x080042b0                vQueueWaitForMessageRestricted
 .text.prvSearchForNameWithinSingleList
                0x08004302       0x62 ./build/gimbctrl/Middlewares/Third_Party/FreeRTOS/Source/tasks.o
 .text.prvResetNextTaskUnblockTime
                0x08004364       0x2c ./build/gimbctrl/Middlewares/Third_Party/FreeRTOS/Source/tasks.o
 .text.prvInitialiseNewTask
                0x08004390       0x9c ./build/gimbctrl/Middlewares/Third_Party/FreeRTOS/Source/tasks.o
 .text.prvInitialiseTaskLists
                0x0800442c       0x68 ./build/gimbctrl/Middlewares/Third_Party/FreeRTOS/Source/tasks.o
 .text.prvAddNewTaskToReadyList
                0x08004494       0xac ./build/gimbctrl/Middlewares/Third_Party/FreeRTOS/Source/tasks.o
 .text.prvDeleteTCB
                0x08004540       0x38 ./build/gimbctrl/Middlewares/Third_Party/FreeRTOS/Source/tasks.o
 .text.prvCheckTasksWaitingTermination
                0x08004578       0x4c ./build/gimbctrl/Middlewares/Third_Party/FreeRTOS/Source/tasks.o
 .text.prvIdleTask
                0x080045c4       0x28 ./build/gimbctrl/Middlewares/Third_Party/FreeRTOS/Source/tasks.o
 .text.prvAddCurrentTaskToDelayedList
                0x080045ec       0x84 ./build/gimbctrl/Middlewares/Third_Party/FreeRTOS/Source/tasks.o
 .text.xTaskCreateStatic
                0x08004670       0x74 ./build/gimbctrl/Middlewares/Third_Party/FreeRTOS/Source/tasks.o
                0x08004670                xTaskCreateStatic
 .text.xTaskCreate
                0x080046e4       0x66 ./build/gimbctrl/Middlewares/Third_Party/FreeRTOS/Source/tasks.o
                0x080046e4                xTaskCreate
 *fill*         0x0800474a        0x2 
 .text.vTaskStartScheduler
                0x0800474c       0x94 ./build/gimbctrl/Middlewares/Third_Party/FreeRTOS/Source/tasks.o
                0x0800474c                vTaskStartScheduler
 .text.vTaskSuspendAll
                0x080047e0       0x10 ./build/gimbctrl/Middlewares/Third_Party/FreeRTOS/Source/tasks.o
                0x080047e0                vTaskSuspendAll
 .text.xTaskGetTickCount
                0x080047f0        0xc ./build/gimbctrl/Middlewares/Third_Party/FreeRTOS/Source/tasks.o
                0x080047f0                xTaskGetTickCount
 .text.pcTaskGetName
                0x080047fc       0x28 ./build/gimbctrl/Middlewares/Third_Party/FreeRTOS/Source/tasks.o
                0x080047fc                pcTaskGetName
 .text.xTaskIncrementTick
                0x08004824      0x11c ./build/gimbctrl/Middlewares/Third_Party/FreeRTOS/Source/tasks.o
                0x08004824                xTaskIncrementTick
 .text.xTaskResumeAll
                0x08004940       0xf8 ./build/gimbctrl/Middlewares/Third_Party/FreeRTOS/Source/tasks.o
                0x08004940                xTaskResumeAll
 .text.vTaskDelayUntil
                0x08004a38       0xa4 ./build/gimbctrl/Middlewares/Third_Party/FreeRTOS/Source/tasks.o
                0x08004a38                vTaskDelayUntil
 .text.vTaskDelay
                0x08004adc       0x4c ./build/gimbctrl/Middlewares/Third_Party/FreeRTOS/Source/tasks.o
                0x08004adc                vTaskDelay
 .text.xTaskGetHandle
                0x08004b28       0x98 ./build/gimbctrl/Middlewares/Third_Party/FreeRTOS/Source/tasks.o
                0x08004b28                xTaskGetHandle
 .text.vTaskSwitchContext
                0x08004bc0       0x9c ./build/gimbctrl/Middlewares/Third_Party/FreeRTOS/Source/tasks.o
                0x08004bc0                vTaskSwitchContext
 .text.vTaskPlaceOnEventList
                0x08004c5c       0x30 ./build/gimbctrl/Middlewares/Third_Party/FreeRTOS/Source/tasks.o
                0x08004c5c                vTaskPlaceOnEventList
 .text.vTaskPlaceOnEventListRestricted
                0x08004c8c       0x38 ./build/gimbctrl/Middlewares/Third_Party/FreeRTOS/Source/tasks.o
                0x08004c8c                vTaskPlaceOnEventListRestricted
 .text.xTaskRemoveFromEventList
                0x08004cc4       0x8c ./build/gimbctrl/Middlewares/Third_Party/FreeRTOS/Source/tasks.o
                0x08004cc4                xTaskRemoveFromEventList
 .text.vTaskInternalSetTimeOutState
                0x08004d50       0x18 ./build/gimbctrl/Middlewares/Third_Party/FreeRTOS/Source/tasks.o
                0x08004d50                vTaskInternalSetTimeOutState
 .text.xTaskCheckForTimeOut
                0x08004d68       0xa0 ./build/gimbctrl/Middlewares/Third_Party/FreeRTOS/Source/tasks.o
                0x08004d68                xTaskCheckForTimeOut
 .text.vTaskMissedYield
                0x08004e08        0xc ./build/gimbctrl/Middlewares/Third_Party/FreeRTOS/Source/tasks.o
                0x08004e08                vTaskMissedYield
 .text.xTaskGetSchedulerState
                0x08004e14       0x20 ./build/gimbctrl/Middlewares/Third_Party/FreeRTOS/Source/tasks.o
                0x08004e14                xTaskGetSchedulerState
 .text.xTaskPriorityDisinherit
                0x08004e34       0x90 ./build/gimbctrl/Middlewares/Third_Party/FreeRTOS/Source/tasks.o
                0x08004e34                xTaskPriorityDisinherit
 .text.ulTaskNotifyTake
                0x08004ec4       0x78 ./build/gimbctrl/Middlewares/Third_Party/FreeRTOS/Source/tasks.o
                0x08004ec4                ulTaskNotifyTake
 .text.vTaskNotifyGiveFromISR
                0x08004f3c       0xd0 ./build/gimbctrl/Middlewares/Third_Party/FreeRTOS/Source/tasks.o
                0x08004f3c                vTaskNotifyGiveFromISR
 .text.prvGetNextExpireTime
                0x0800500c       0x20 ./build/gimbctrl/Middlewares/Third_Party/FreeRTOS/Source/timers.o
 .text.prvInsertTimerInActiveList
                0x0800502c       0x48 ./build/gimbctrl/Middlewares/Third_Party/FreeRTOS/Source/timers.o
 .text.prvCheckForValidListAndQueue
                0x08005074       0x70 ./build/gimbctrl/Middlewares/Third_Party/FreeRTOS/Source/timers.o
 .text.xTimerCreateTimerTask
                0x080050e4       0x64 ./build/gimbctrl/Middlewares/Third_Party/FreeRTOS/Source/timers.o
                0x080050e4                xTimerCreateTimerTask
 .text.xTimerGenericCommand
                0x08005148       0x6c ./build/gimbctrl/Middlewares/Third_Party/FreeRTOS/Source/timers.o
                0x08005148                xTimerGenericCommand
 .text.prvSwitchTimerLists
                0x080051b4       0x7c ./build/gimbctrl/Middlewares/Third_Party/FreeRTOS/Source/timers.o
 .text.prvSampleTimeNow
                0x08005230       0x2c ./build/gimbctrl/Middlewares/Third_Party/FreeRTOS/Source/timers.o
 .text.prvProcessExpiredTimer
                0x0800525c       0x6c ./build/gimbctrl/Middlewares/Third_Party/FreeRTOS/Source/timers.o
 .text.prvProcessTimerOrBlockTask
                0x080052c8       0x74 ./build/gimbctrl/Middlewares/Third_Party/FreeRTOS/Source/timers.o
 .text.prvProcessReceivedCommands
                0x0800533c      0x110 ./build/gimbctrl/Middlewares/Third_Party/FreeRTOS/Source/timers.o
 .text.prvTimerTask
                0x0800544c       0x16 ./build/gimbctrl/Middlewares/Third_Party/FreeRTOS/Source/timers.o
 *fill*         0x08005462        0x2 
 .text.MX_CAN1_Init
                0x08005464       0x40 ./build/gimbctrl/Src/can.o
                0x08005464                MX_CAN1_Init
 .text.MX_CAN2_Init
                0x080054a4       0x38 ./build/gimbctrl/Src/can.o
                0x080054a4                MX_CAN2_Init
 .text.HAL_CAN_MspInit
                0x080054dc      0x120 ./build/gimbctrl/Src/can.o
                0x080054dc                HAL_CAN_MspInit
 .text.MX_DMA_Init
                0x080055fc       0x44 ./build/gimbctrl/Src/dma.o
                0x080055fc                MX_DMA_Init
 .text.MX_FREERTOS_Init
                0x08005640       0x88 ./build/gimbctrl/Src/freertos.o
                0x08005640                MX_FREERTOS_Init
 .text.MX_GPIO_Init
                0x080056c8      0x198 ./build/gimbctrl/Src/gpio.o
                0x080056c8                MX_GPIO_Init
 .text.MX_I2C3_Init
                0x08005860       0x3c ./build/gimbctrl/Src/i2c.o
                0x08005860                MX_I2C3_Init
 .text.HAL_I2C_MspInit
                0x0800589c       0xb4 ./build/gimbctrl/Src/i2c.o
                0x0800589c                HAL_I2C_MspInit
 .text.Error_Handler
                0x08005950        0x4 ./build/gimbctrl/Src/main.o
                0x08005950                Error_Handler
 .text.SystemClock_Config
                0x08005954       0xa8 ./build/gimbctrl/Src/main.o
                0x08005954                SystemClock_Config
 .text.main     0x080059fc       0x40 ./build/gimbctrl/Src/main.o
                0x080059fc                main
 .text.MX_SPI1_Init
                0x08005a3c       0x44 ./build/gimbctrl/Src/spi.o
                0x08005a3c                MX_SPI1_Init
 .text.HAL_SPI_MspInit
                0x08005a80      0x130 ./build/gimbctrl/Src/spi.o
                0x08005a80                HAL_SPI_MspInit
 .text.HAL_MspInit
                0x08005bb0       0x44 ./build/gimbctrl/Src/stm32f4xx_hal_msp.o
                0x08005bb0                HAL_MspInit
 .text.NMI_Handler
                0x08005bf4        0x2 ./build/gimbctrl/Src/stm32f4xx_it.o
                0x08005bf4                NMI_Handler
 .text.HardFault_Handler
                0x08005bf6        0x2 ./build/gimbctrl/Src/stm32f4xx_it.o
                0x08005bf6                HardFault_Handler
 .text.MemManage_Handler
                0x08005bf8        0x2 ./build/gimbctrl/Src/stm32f4xx_it.o
                0x08005bf8                MemManage_Handler
 .text.BusFault_Handler
                0x08005bfa        0x2 ./build/gimbctrl/Src/stm32f4xx_it.o
                0x08005bfa                BusFault_Handler
 .text.UsageFault_Handler
                0x08005bfc        0x2 ./build/gimbctrl/Src/stm32f4xx_it.o
                0x08005bfc                UsageFault_Handler
 .text.DebugMon_Handler
                0x08005bfe        0x2 ./build/gimbctrl/Src/stm32f4xx_it.o
                0x08005bfe                DebugMon_Handler
 .text.SysTick_Handler
                0x08005c00       0x16 ./build/gimbctrl/Src/stm32f4xx_it.o
                0x08005c00                SysTick_Handler
 .text.EXTI0_IRQHandler
                0x08005c16        0xa ./build/gimbctrl/Src/stm32f4xx_it.o
                0x08005c16                EXTI0_IRQHandler
 .text.EXTI3_IRQHandler
                0x08005c20        0xa ./build/gimbctrl/Src/stm32f4xx_it.o
                0x08005c20                EXTI3_IRQHandler
 .text.EXTI4_IRQHandler
                0x08005c2a        0xa ./build/gimbctrl/Src/stm32f4xx_it.o
                0x08005c2a                EXTI4_IRQHandler
 .text.CAN1_RX0_IRQHandler
                0x08005c34       0x10 ./build/gimbctrl/Src/stm32f4xx_it.o
                0x08005c34                CAN1_RX0_IRQHandler
 .text.EXTI9_5_IRQHandler
                0x08005c44        0xa ./build/gimbctrl/Src/stm32f4xx_it.o
                0x08005c44                EXTI9_5_IRQHandler
 *fill*         0x08005c4e        0x2 
 .text.CAN2_RX0_IRQHandler
                0x08005c50       0x10 ./build/gimbctrl/Src/stm32f4xx_it.o
                0x08005c50                CAN2_RX0_IRQHandler
 .text.SystemInit
                0x08005c60       0x14 ./build/gimbctrl/Src/system_stm32f4xx.o
                0x08005c60                SystemInit
 .text.HAL_TIM_PWM_MspInit
                0x08005c74       0x30 ./build/gimbctrl/Src/tim.o
                0x08005c74                HAL_TIM_PWM_MspInit
 .text.HAL_TIM_Base_MspInit
                0x08005ca4       0x30 ./build/gimbctrl/Src/tim.o
                0x08005ca4                HAL_TIM_Base_MspInit
 .text.HAL_TIM_MspPostInit
                0x08005cd4       0x98 ./build/gimbctrl/Src/tim.o
                0x08005cd4                HAL_TIM_MspPostInit
 .text.MX_TIM1_Init
                0x08005d6c       0xbc ./build/gimbctrl/Src/tim.o
                0x08005d6c                MX_TIM1_Init
 .text.MX_TIM10_Init
                0x08005e28       0x74 ./build/gimbctrl/Src/tim.o
                0x08005e28                MX_TIM10_Init
 .text.delay_init
                0x08005e9c       0x34 ./build/gimbctrl/src/bsps/bsp_delay.o
                0x08005e9c                delay_init
 .text.delay_us
                0x08005ed0       0x3c ./build/gimbctrl/src/bsps/bsp_delay.o
                0x08005ed0                delay_us
 .text.imu_pwm_set
                0x08005f0c        0xc ./build/gimbctrl/src/bsps/bsp_imu_pwm.o
                0x08005f0c                imu_pwm_set
 .text.SPI1_DMA_init
                0x08005f18      0x11c ./build/gimbctrl/src/bsps/bsp_spi.o
                0x08005f18                SPI1_DMA_init
 .text.SPI1_DMA_enable
                0x08006034     0x1d78 ./build/gimbctrl/src/bsps/bsp_spi.o
                0x08006034                SPI1_DMA_enable
 .text.can_filter_init
                0x08007dac       0x5c ./build/gimbctrl/src/bsps/can_bsp.o
                0x08007dac                can_filter_init
 .text.CAN_send
                0x08007e08       0x68 ./build/gimbctrl/src/bsps/can_bsp.o
                0x08007e08                CAN_send
 .text.BMI088_GPIO_init
                0x08007e70        0x2 ./build/gimbctrl/src/devices/BMI088Middleware.o
                0x08007e70                BMI088_GPIO_init
 .text.BMI088_com_init
                0x08007e72        0x2 ./build/gimbctrl/src/devices/BMI088Middleware.o
                0x08007e72                BMI088_com_init
 .text.BMI088_delay_ms
                0x08007e74        0x8 ./build/gimbctrl/src/devices/BMI088Middleware.o
                0x08007e74                BMI088_delay_ms
 .text.BMI088_delay_us
                0x08007e7c        0x8 ./build/gimbctrl/src/devices/BMI088Middleware.o
                0x08007e7c                BMI088_delay_us
 .text.BMI088_ACCEL_NS_L
                0x08007e84       0x14 ./build/gimbctrl/src/devices/BMI088Middleware.o
                0x08007e84                BMI088_ACCEL_NS_L
 .text.BMI088_ACCEL_NS_H
                0x08007e98       0x14 ./build/gimbctrl/src/devices/BMI088Middleware.o
                0x08007e98                BMI088_ACCEL_NS_H
 .text.BMI088_GYRO_NS_L
                0x08007eac       0x14 ./build/gimbctrl/src/devices/BMI088Middleware.o
                0x08007eac                BMI088_GYRO_NS_L
 .text.BMI088_GYRO_NS_H
                0x08007ec0       0x14 ./build/gimbctrl/src/devices/BMI088Middleware.o
                0x08007ec0                BMI088_GYRO_NS_H
 .text.BMI088_read_write_byte
                0x08007ed4       0x2c ./build/gimbctrl/src/devices/BMI088Middleware.o
                0x08007ed4                BMI088_read_write_byte
 .text.BMI088_write_single_reg
                0x08007f00       0x10 ./build/gimbctrl/src/devices/BMI088driver.o
 .text.BMI088_read_single_reg
                0x08007f10       0x16 ./build/gimbctrl/src/devices/BMI088driver.o
 .text.BMI088_read_muli_reg
                0x08007f26       0x22 ./build/gimbctrl/src/devices/BMI088driver.o
 .text.bmi088_accel_init
                0x08007f48      0x134 ./build/gimbctrl/src/devices/BMI088driver.o
                0x08007f48                bmi088_accel_init
 .text.bmi088_gyro_init
                0x0800807c       0xf0 ./build/gimbctrl/src/devices/BMI088driver.o
                0x0800807c                bmi088_gyro_init
 .text.bmi088_accel_self_test
                0x0800816c      0x2fc ./build/gimbctrl/src/devices/BMI088driver.o
                0x0800816c                bmi088_accel_self_test
 .text.bmi088_gyro_self_test
                0x08008468       0xd6 ./build/gimbctrl/src/devices/BMI088driver.o
                0x08008468                bmi088_gyro_self_test
 .text.BMI088_init
                0x0800853e       0x32 ./build/gimbctrl/src/devices/BMI088driver.o
                0x0800853e                BMI088_init
 .text.BMI088_temperature_read_over
                0x08008570       0x32 ./build/gimbctrl/src/devices/BMI088driver.o
                0x08008570                BMI088_temperature_read_over
 *fill*         0x080085a2        0x2 
 .text.BMI088_accel_read_over
                0x080085a4       0x88 ./build/gimbctrl/src/devices/BMI088driver.o
                0x080085a4                BMI088_accel_read_over
 .text.BMI088_gyro_read_over
                0x0800862c       0x64 ./build/gimbctrl/src/devices/BMI088driver.o
                0x0800862c                BMI088_gyro_read_over
 .text.BMI088_read
                0x08008690      0x164 ./build/gimbctrl/src/devices/BMI088driver.o
                0x08008690                BMI088_read
 .text.HAL_CAN_RxFifo0MsgPendingCallback
                0x080087f4       0x40 ./build/gimbctrl/src/devices/canbus.o
                0x080087f4                HAL_CAN_RxFifo0MsgPendingCallback
 .text.ist8310_init
                0x08008834       0x80 ./build/gimbctrl/src/devices/ist8310driver.o
                0x08008834                ist8310_init
 .text.ist8310_read_mag
                0x080088b4       0x78 ./build/gimbctrl/src/devices/ist8310driver.o
                0x080088b4                ist8310_read_mag
 .text.ist8310_GPIO_init
                0x0800892c        0x2 ./build/gimbctrl/src/devices/ist8310driver_middleware.o
                0x0800892c                ist8310_GPIO_init
 .text.ist8310_com_init
                0x0800892e        0x2 ./build/gimbctrl/src/devices/ist8310driver_middleware.o
                0x0800892e                ist8310_com_init
 .text.ist8310_IIC_read_single_reg
                0x08008930       0x2c ./build/gimbctrl/src/devices/ist8310driver_middleware.o
                0x08008930                ist8310_IIC_read_single_reg
 .text.ist8310_IIC_write_single_reg
                0x0800895c       0x2c ./build/gimbctrl/src/devices/ist8310driver_middleware.o
                0x0800895c                ist8310_IIC_write_single_reg
 .text.ist8310_IIC_read_muli_reg
                0x08008988       0x24 ./build/gimbctrl/src/devices/ist8310driver_middleware.o
                0x08008988                ist8310_IIC_read_muli_reg
 .text.ist8310_delay_ms
                0x080089ac        0x8 ./build/gimbctrl/src/devices/ist8310driver_middleware.o
                0x080089ac                ist8310_delay_ms
 .text.ist8310_RST_H
                0x080089b4       0x14 ./build/gimbctrl/src/devices/ist8310driver_middleware.o
                0x080089b4                ist8310_RST_H
 .text.ist8310_RST_L
                0x080089c8       0x14 ./build/gimbctrl/src/devices/ist8310driver_middleware.o
                0x080089c8                ist8310_RST_L
 .text.invSqrt  0x080089dc       0x30 ./build/gimbctrl/src/libs/MahonyAHRS.o
                0x080089dc                invSqrt
 .text.MahonyAHRSupdateIMU
                0x08008a0c      0x258 ./build/gimbctrl/src/libs/MahonyAHRS.o
                0x08008a0c                MahonyAHRSupdateIMU
 .text.MahonyAHRSupdate
                0x08008c64      0x3d4 ./build/gimbctrl/src/libs/MahonyAHRS.o
                0x08008c64                MahonyAHRSupdate
 .text.motparainit
                0x08009038       0x98 ./build/gimbctrl/src/libs/motlib.o
                0x08009038                motparainit
 .text.calc_mot_aspid
                0x080090d0       0x48 ./build/gimbctrl/src/libs/motlib.o
                0x080090d0                calc_mot_aspid
 .text.PID_calc
                0x08009118       0xf6 ./build/gimbctrl/src/libs/pid.o
                0x08009118                PID_calc
 *fill*         0x0800920e        0x2 
 .text.PID_angle_calc
                0x08009210      0x130 ./build/gimbctrl/src/libs/pid.o
                0x08009210                PID_angle_calc
 .text.imu_cali_slove
                0x08009340      0x100 ./build/gimbctrl/src/tasks/INS_task.o
 .text.imu_temp_control
                0x08009440       0x84 ./build/gimbctrl/src/tasks/INS_task.o
 .text.imu_cmd_spi_dma
                0x080094c4      0x180 ./build/gimbctrl/src/tasks/INS_task.o
 .text.instemp_PID_init
                0x08009644       0x28 ./build/gimbctrl/src/tasks/INS_task.o
                0x08009644                instemp_PID_init
 .text.AHRS_init
                0x0800966c       0x10 ./build/gimbctrl/src/tasks/INS_task.o
                0x0800966c                AHRS_init
 .text.AHRS_update
                0x0800967c       0x2c ./build/gimbctrl/src/tasks/INS_task.o
                0x0800967c                AHRS_update
 .text.get_angle
                0x080096a8       0xbc ./build/gimbctrl/src/tasks/INS_task.o
                0x080096a8                get_angle
 .text.INS_task
                0x08009764      0x268 ./build/gimbctrl/src/tasks/INS_task.o
                0x08009764                INS_task
 .text.HAL_GPIO_EXTI_Callback
                0x080099cc       0xd0 ./build/gimbctrl/src/tasks/INS_task.o
                0x080099cc                HAL_GPIO_EXTI_Callback
 .text.DMA2_Stream2_IRQHandler
                0x08009a9c      0x6b0 ./build/gimbctrl/src/tasks/INS_task.o
                0x08009a9c                DMA2_Stream2_IRQHandler
 .text.canrx2comuinfo_comd
                0x0800a14c       0x16 ./build/gimbctrl/src/tasks/comutask.o
                0x0800a14c                canrx2comuinfo_comd
 *fill*         0x0800a162        0x2 
 .text.pack_mes2chas_imu
                0x0800a164       0x40 ./build/gimbctrl/src/tasks/comutask.o
                0x0800a164                pack_mes2chas_imu
 .text.pack_mes2chas_cv
                0x0800a1a4       0x24 ./build/gimbctrl/src/tasks/comutask.o
                0x0800a1a4                pack_mes2chas_cv
 .text.comutask
                0x0800a1c8       0x78 ./build/gimbctrl/src/tasks/comutask.o
                0x0800a1c8                comutask
 .text.devmoni  0x0800a240       0x30 ./build/gimbctrl/src/tasks/devmoni.o
                0x0800a240                devmoni
 .text.get_comuinfo_imu
                0x0800a270       0x64 ./build/gimbctrl/src/tasks/infoupdate.o
                0x0800a270                get_comuinfo_imu
 .text.infoupdate
                0x0800a2d4       0x14 ./build/gimbctrl/src/tasks/infoupdate.o
                0x0800a2d4                infoupdate
 .text.chasmotinit
                0x0800a2e8       0x2c ./build/gimbctrl/src/tasks/init.o
                0x0800a2e8                chasmotinit
 .text.devinit  0x0800a314        0x8 ./build/gimbctrl/src/tasks/init.o
                0x0800a314                devinit
 .text.userinit
                0x0800a31c        0xc ./build/gimbctrl/src/tasks/init.o
                0x0800a31c                userinit
 .text.init_shootmot_para
                0x0800a328       0x50 ./build/gimbctrl/src/tasks/shoottask.o
                0x0800a328                init_shootmot_para
 .text.init_shootmot_pid
                0x0800a378       0x88 ./build/gimbctrl/src/tasks/shoottask.o
                0x0800a378                init_shootmot_pid
 .text.get_trigangle_comd
                0x0800a400       0x54 ./build/gimbctrl/src/tasks/shoottask.o
                0x0800a400                get_trigangle_comd
 .text.get_fricspeed_comd
                0x0800a454       0x24 ./build/gimbctrl/src/tasks/shoottask.o
                0x0800a454                get_fricspeed_comd
 .text.calc_shootmot_pid
                0x0800a478       0x58 ./build/gimbctrl/src/tasks/shoottask.o
                0x0800a478                calc_shootmot_pid
 .text.pack_shootmot_ctrlmes
                0x0800a4d0       0x44 ./build/gimbctrl/src/tasks/shoottask.o
                0x0800a4d0                pack_shootmot_ctrlmes
 .text.setmag   0x0800a514       0x20 ./build/gimbctrl/src/tasks/shoottask.o
                0x0800a514                setmag
 .text.shoottask
                0x0800a534       0xf8 ./build/gimbctrl/src/tasks/shoottask.o
                0x0800a534                shoottask
 .text.Reset_Handler
                0x0800a62c       0x50 ./build/gimbctrl/startup_stm32f407xx.o
                0x0800a62c                Reset_Handler
 .text.Default_Handler
                0x0800a67c        0x2 ./build/gimbctrl/startup_stm32f407xx.o
                0x0800a67c                RTC_Alarm_IRQHandler
                0x0800a67c                HASH_RNG_IRQHandler
                0x0800a67c                EXTI2_IRQHandler
                0x0800a67c                TIM8_CC_IRQHandler
                0x0800a67c                TIM1_CC_IRQHandler
                0x0800a67c                DMA2_Stream5_IRQHandler
                0x0800a67c                DMA1_Stream5_IRQHandler
                0x0800a67c                PVD_IRQHandler
                0x0800a67c                SDIO_IRQHandler
                0x0800a67c                TAMP_STAMP_IRQHandler
                0x0800a67c                CAN2_RX1_IRQHandler
                0x0800a67c                TIM8_TRG_COM_TIM14_IRQHandler
                0x0800a67c                TIM1_UP_TIM10_IRQHandler
                0x0800a67c                TIM8_UP_TIM13_IRQHandler
                0x0800a67c                I2C3_ER_IRQHandler
                0x0800a67c                I2C2_EV_IRQHandler
                0x0800a67c                DMA1_Stream2_IRQHandler
                0x0800a67c                FPU_IRQHandler
                0x0800a67c                OTG_HS_WKUP_IRQHandler
                0x0800a67c                CAN2_SCE_IRQHandler
                0x0800a67c                SPI1_IRQHandler
                0x0800a67c                TIM6_DAC_IRQHandler
                0x0800a67c                TIM1_BRK_TIM9_IRQHandler
                0x0800a67c                DCMI_IRQHandler
                0x0800a67c                DMA2_Stream3_IRQHandler
                0x0800a67c                USART6_IRQHandler
                0x0800a67c                USART3_IRQHandler
                0x0800a67c                CAN1_RX1_IRQHandler
                0x0800a67c                UART5_IRQHandler
                0x0800a67c                DMA2_Stream0_IRQHandler
                0x0800a67c                TIM4_IRQHandler
                0x0800a67c                I2C1_EV_IRQHandler
                0x0800a67c                DMA1_Stream6_IRQHandler
                0x0800a67c                DMA1_Stream1_IRQHandler
                0x0800a67c                UART4_IRQHandler
                0x0800a67c                TIM3_IRQHandler
                0x0800a67c                RCC_IRQHandler
                0x0800a67c                TIM8_BRK_TIM12_IRQHandler
                0x0800a67c                Default_Handler
                0x0800a67c                EXTI15_10_IRQHandler
                0x0800a67c                ADC_IRQHandler
                0x0800a67c                DMA1_Stream7_IRQHandler
                0x0800a67c                TIM7_IRQHandler
                0x0800a67c                CAN2_TX_IRQHandler
                0x0800a67c                TIM5_IRQHandler
                0x0800a67c                DMA2_Stream7_IRQHandler
                0x0800a67c                I2C3_EV_IRQHandler
                0x0800a67c                RTC_WKUP_IRQHandler
                0x0800a67c                ETH_WKUP_IRQHandler
                0x0800a67c                SPI2_IRQHandler
                0x0800a67c                OTG_HS_EP1_IN_IRQHandler
                0x0800a67c                DMA1_Stream0_IRQHandler
                0x0800a67c                CAN1_TX_IRQHandler
                0x0800a67c                FSMC_IRQHandler
                0x0800a67c                ETH_IRQHandler
                0x0800a67c                OTG_HS_EP1_OUT_IRQHandler
                0x0800a67c                WWDG_IRQHandler
                0x0800a67c                TIM2_IRQHandler
                0x0800a67c                OTG_FS_WKUP_IRQHandler
                0x0800a67c                TIM1_TRG_COM_TIM11_IRQHandler
                0x0800a67c                OTG_HS_IRQHandler
                0x0800a67c                EXTI1_IRQHandler
                0x0800a67c                USART2_IRQHandler
                0x0800a67c                I2C2_ER_IRQHandler
                0x0800a67c                DMA2_Stream1_IRQHandler
                0x0800a67c                CAN1_SCE_IRQHandler
                0x0800a67c                FLASH_IRQHandler
                0x0800a67c                DMA2_Stream4_IRQHandler
                0x0800a67c                USART1_IRQHandler
                0x0800a67c                OTG_FS_IRQHandler
                0x0800a67c                SPI3_IRQHandler
                0x0800a67c                DMA1_Stream4_IRQHandler
                0x0800a67c                I2C1_ER_IRQHandler
                0x0800a67c                DMA2_Stream6_IRQHandler
                0x0800a67c                DMA1_Stream3_IRQHandler
 *fill*         0x0800a67e        0x2 
 .text.sqrt     0x0800a680       0x74 c:/users/94736/.eide/tools/gcc_arm/bin/../lib/gcc/arm-none-eabi/8.3.1/../../../../arm-none-eabi/lib/thumb/v7e-m+fp/hard\libm.a(lib_a-w_sqrt.o)
                0x0800a680                sqrt
 .text.asinf    0x0800a6f4       0x64 c:/users/94736/.eide/tools/gcc_arm/bin/../lib/gcc/arm-none-eabi/8.3.1/../../../../arm-none-eabi/lib/thumb/v7e-m+fp/hard\libm.a(lib_a-wf_asin.o)
                0x0800a6f4                asinf
 .text.atan2f   0x0800a758        0x4 c:/users/94736/.eide/tools/gcc_arm/bin/../lib/gcc/arm-none-eabi/8.3.1/../../../../arm-none-eabi/lib/thumb/v7e-m+fp/hard\libm.a(lib_a-wf_atan2.o)
                0x0800a758                atan2f
 .text.__ieee754_sqrt
                0x0800a75c      0x198 c:/users/94736/.eide/tools/gcc_arm/bin/../lib/gcc/arm-none-eabi/8.3.1/../../../../arm-none-eabi/lib/thumb/v7e-m+fp/hard\libm.a(lib_a-e_sqrt.o)
                0x0800a75c                __ieee754_sqrt
 .text.__ieee754_asinf
                0x0800a8f4      0x1f8 c:/users/94736/.eide/tools/gcc_arm/bin/../lib/gcc/arm-none-eabi/8.3.1/../../../../arm-none-eabi/lib/thumb/v7e-m+fp/hard\libm.a(lib_a-ef_asin.o)
                0x0800a8f4                __ieee754_asinf
 .text.__ieee754_atan2f
                0x0800aaec      0x17c c:/users/94736/.eide/tools/gcc_arm/bin/../lib/gcc/arm-none-eabi/8.3.1/../../../../arm-none-eabi/lib/thumb/v7e-m+fp/hard\libm.a(lib_a-ef_atan2.o)
                0x0800aaec                __ieee754_atan2f
 .text.__ieee754_sqrtf
                0x0800ac68        0x8 c:/users/94736/.eide/tools/gcc_arm/bin/../lib/gcc/arm-none-eabi/8.3.1/../../../../arm-none-eabi/lib/thumb/v7e-m+fp/hard\libm.a(lib_a-ef_sqrt.o)
                0x0800ac68                __ieee754_sqrtf
 .text.atanf    0x0800ac70      0x1a4 c:/users/94736/.eide/tools/gcc_arm/bin/../lib/gcc/arm-none-eabi/8.3.1/../../../../arm-none-eabi/lib/thumb/v7e-m+fp/hard\libm.a(lib_a-sf_atan.o)
                0x0800ac70                atanf
 .text.fabsf    0x0800ae14       0x10 c:/users/94736/.eide/tools/gcc_arm/bin/../lib/gcc/arm-none-eabi/8.3.1/../../../../arm-none-eabi/lib/thumb/v7e-m+fp/hard\libm.a(lib_a-sf_fabs.o)
                0x0800ae14                fabsf
 .text.nanf     0x0800ae24        0xc c:/users/94736/.eide/tools/gcc_arm/bin/../lib/gcc/arm-none-eabi/8.3.1/../../../../arm-none-eabi/lib/thumb/v7e-m+fp/hard\libm.a(lib_a-sf_nan.o)
                0x0800ae24                nanf
 .text.__errno  0x0800ae30        0xc c:/users/94736/.eide/tools/gcc_arm/bin/../lib/gcc/arm-none-eabi/8.3.1/../../../../arm-none-eabi/lib/thumb/v7e-m+fp/hard\libc_nano.a(lib_a-errno.o)
                0x0800ae30                __errno
 .text.__libc_init_array
                0x0800ae3c       0x48 c:/users/94736/.eide/tools/gcc_arm/bin/../lib/gcc/arm-none-eabi/8.3.1/../../../../arm-none-eabi/lib/thumb/v7e-m+fp/hard\libc_nano.a(lib_a-init.o)
                0x0800ae3c                __libc_init_array
 .text.memcpy   0x0800ae84       0x1c c:/users/94736/.eide/tools/gcc_arm/bin/../lib/gcc/arm-none-eabi/8.3.1/../../../../arm-none-eabi/lib/thumb/v7e-m+fp/hard\libc_nano.a(lib_a-memcpy-stub.o)
                0x0800ae84                memcpy
 .text.memset   0x0800aea0       0x10 c:/users/94736/.eide/tools/gcc_arm/bin/../lib/gcc/arm-none-eabi/8.3.1/../../../../arm-none-eabi/lib/thumb/v7e-m+fp/hard\libc_nano.a(lib_a-memset.o)
                0x0800aea0                memset
 *(.glue_7)
 .glue_7        0x0800aeb0        0x0 linker stubs
 *(.glue_7t)
 .glue_7t       0x0800aeb0        0x0 linker stubs
 *(.eh_frame)
 .eh_frame      0x0800aeb0        0x0 c:/users/94736/.eide/tools/gcc_arm/bin/../lib/gcc/arm-none-eabi/8.3.1/thumb/v7e-m+fp/hard/crtbegin.o
 *(.init)
 .init          0x0800aeb0        0x4 c:/users/94736/.eide/tools/gcc_arm/bin/../lib/gcc/arm-none-eabi/8.3.1/thumb/v7e-m+fp/hard/crti.o
                0x0800aeb0                _init
 .init          0x0800aeb4        0x8 c:/users/94736/.eide/tools/gcc_arm/bin/../lib/gcc/arm-none-eabi/8.3.1/thumb/v7e-m+fp/hard/crtn.o
 *(.fini)
 .fini          0x0800aebc        0x4 c:/users/94736/.eide/tools/gcc_arm/bin/../lib/gcc/arm-none-eabi/8.3.1/thumb/v7e-m+fp/hard/crti.o
                0x0800aebc                _fini
 .fini          0x0800aec0        0x8 c:/users/94736/.eide/tools/gcc_arm/bin/../lib/gcc/arm-none-eabi/8.3.1/thumb/v7e-m+fp/hard/crtn.o
                0x0800aec8                . = ALIGN (0x4)
                0x0800aec8                _etext = .

.vfp11_veneer   0x0800aec8        0x0
 .vfp11_veneer  0x0800aec8        0x0 linker stubs

.v4_bx          0x0800aec8        0x0
 .v4_bx         0x0800aec8        0x0 linker stubs

.iplt           0x0800aec8        0x0
 .iplt          0x0800aec8        0x0 c:/users/94736/.eide/tools/gcc_arm/bin/../lib/gcc/arm-none-eabi/8.3.1/thumb/v7e-m+fp/hard/crtbegin.o

.rodata         0x0800aec8      0x298
                0x0800aec8                . = ALIGN (0x4)
 *(.rodata)
 .rodata        0x0800aec8       0xfc ./build/gimbctrl/src/libs/motlib.o
 *(.rodata*)
 .rodata.flagBitshiftOffset.8486
                0x0800afc4        0x8 ./build/gimbctrl/Drivers/STM32F4xx_HAL_Driver/Src/stm32f4xx_hal_dma.o
 .rodata.vTaskStartScheduler.str1.4
                0x0800afcc        0x5 ./build/gimbctrl/Middlewares/Third_Party/FreeRTOS/Source/tasks.o
 *fill*         0x0800afd1        0x3 
 .rodata.prvCheckForValidListAndQueue.str1.4
                0x0800afd4        0x5 ./build/gimbctrl/Middlewares/Third_Party/FreeRTOS/Source/timers.o
 *fill*         0x0800afd9        0x3 
 .rodata.xTimerCreateTimerTask.str1.4
                0x0800afdc        0x8 ./build/gimbctrl/Middlewares/Third_Party/FreeRTOS/Source/timers.o
 .rodata.INS_TASK_attributes
                0x0800afe4       0x24 ./build/gimbctrl/Src/freertos.o
                0x0800afe4                INS_TASK_attributes
 .rodata.Shoottask_attributes
                0x0800b008       0x24 ./build/gimbctrl/Src/freertos.o
                0x0800b008                Shoottask_attributes
 .rodata.communicatetask_attributes
                0x0800b02c       0x24 ./build/gimbctrl/Src/freertos.o
                0x0800b02c                communicatetask_attributes
 .rodata.devicemonitor_attributes
                0x0800b050       0x24 ./build/gimbctrl/Src/freertos.o
                0x0800b050                devicemonitor_attributes
 .rodata.infomationupdat_attributes
                0x0800b074       0x24 ./build/gimbctrl/Src/freertos.o
                0x0800b074                infomationupdat_attributes
 .rodata.str1.4
                0x0800b098       0x45 ./build/gimbctrl/Src/freertos.o
 *fill*         0x0800b0dd        0x3 
 .rodata.AHBPrescTable
                0x0800b0e0       0x10 ./build/gimbctrl/Src/system_stm32f4xx.o
                0x0800b0e0                AHBPrescTable
 .rodata.APBPrescTable
                0x0800b0f0        0x8 ./build/gimbctrl/Src/system_stm32f4xx.o
                0x0800b0f0                APBPrescTable
 .rodata.write_BMI088_ACCEL_self_test_Reg_Data_Error.5503
                0x0800b0f8       0x12 ./build/gimbctrl/src/devices/BMI088driver.o
 *fill*         0x0800b10a        0x2 
 .rodata.write_BMI088_accel_reg_data_error
                0x0800b10c       0x12 ./build/gimbctrl/src/devices/BMI088driver.o
 *fill*         0x0800b11e        0x2 
 .rodata.write_BMI088_gyro_reg_data_error
                0x0800b120       0x12 ./build/gimbctrl/src/devices/BMI088driver.o
 *fill*         0x0800b132        0x2 
 .rodata.ist8310_write_reg_data_error
                0x0800b134        0xc ./build/gimbctrl/src/devices/ist8310driver.o
 .rodata.asinf.str1.4
                0x0800b140       0x48 c:/users/94736/.eide/tools/gcc_arm/bin/../lib/gcc/arm-none-eabi/8.3.1/../../../../arm-none-eabi/lib/thumb/v7e-m+fp/hard\libm.a(lib_a-wf_asin.o)
                                  0x1 (size before relaxing)
 .rodata.atanhi
                0x0800b140       0x10 c:/users/94736/.eide/tools/gcc_arm/bin/../lib/gcc/arm-none-eabi/8.3.1/../../../../arm-none-eabi/lib/thumb/v7e-m+fp/hard\libm.a(lib_a-sf_atan.o)
 .rodata.atanlo
                0x0800b150       0x10 c:/users/94736/.eide/tools/gcc_arm/bin/../lib/gcc/arm-none-eabi/8.3.1/../../../../arm-none-eabi/lib/thumb/v7e-m+fp/hard\libm.a(lib_a-sf_atan.o)
                0x0800b188                . = ALIGN (0x4)

.ARM.extab
 *(.ARM.extab* .gnu.linkonce.armextab.*)

.ARM            0x0800b160        0x8
                0x0800b160                __exidx_start = .
 *(.ARM.exidx*)
 .ARM.exidx     0x0800b160        0x8 c:/users/94736/.eide/tools/gcc_arm/bin/../lib/gcc/arm-none-eabi/8.3.1/thumb/v7e-m+fp/hard\libgcc.a(_udivmoddi4.o)
                0x0800b168                __exidx_end = .

.rel.dyn        0x0800b168        0x0
 .rel.iplt      0x0800b168        0x0 c:/users/94736/.eide/tools/gcc_arm/bin/../lib/gcc/arm-none-eabi/8.3.1/thumb/v7e-m+fp/hard/crtbegin.o

.preinit_array  0x0800b168        0x0
                0x0800b168                PROVIDE (__preinit_array_start = .)
 *(.preinit_array*)
                0x0800b168                PROVIDE (__preinit_array_end = .)

.init_array     0x0800b168        0x4
                0x0800b168                PROVIDE (__init_array_start = .)
 *(SORT_BY_NAME(.init_array.*))
 *(.init_array*)
 .init_array    0x0800b168        0x4 c:/users/94736/.eide/tools/gcc_arm/bin/../lib/gcc/arm-none-eabi/8.3.1/thumb/v7e-m+fp/hard/crtbegin.o
                0x0800b16c                PROVIDE (__init_array_end = .)

.fini_array     0x0800b16c        0x4
                [!provide]                PROVIDE (__fini_array_start = .)
 *(SORT_BY_NAME(.fini_array.*))
 *(.fini_array*)
 .fini_array    0x0800b16c        0x4 c:/users/94736/.eide/tools/gcc_arm/bin/../lib/gcc/arm-none-eabi/8.3.1/thumb/v7e-m+fp/hard/crtbegin.o
                [!provide]                PROVIDE (__fini_array_end = .)
                0x0800b170                _sidata = LOADADDR (.data)

.data           0x20000000      0x108 load address 0x0800b170
                0x20000000                . = ALIGN (0x4)
                0x20000000                _sdata = .
 *(.data)
 *(.data*)
 .data.uwTickFreq
                0x20000000        0x1 ./build/gimbctrl/Drivers/STM32F4xx_HAL_Driver/Src/stm32f4xx_hal.o
                0x20000000                uwTickFreq
 *fill*         0x20000001        0x3 
 .data.uwTickPrio
                0x20000004        0x4 ./build/gimbctrl/Drivers/STM32F4xx_HAL_Driver/Src/stm32f4xx_hal.o
                0x20000004                uwTickPrio
 .data.uxCriticalNesting
                0x20000008        0x4 ./build/gimbctrl/Middlewares/Third_Party/FreeRTOS/Source/portable/GCC/ARM_CM4F/port.o
 .data.SystemCoreClock
                0x2000000c        0x4 ./build/gimbctrl/Src/system_stm32f4xx.o
                0x2000000c                SystemCoreClock
 .data.BMI088_ACCEL_SEN
                0x20000010        0x4 ./build/gimbctrl/src/devices/BMI088driver.o
                0x20000010                BMI088_ACCEL_SEN
 .data.BMI088_GYRO_SEN
                0x20000014        0x4 ./build/gimbctrl/src/devices/BMI088driver.o
                0x20000014                BMI088_GYRO_SEN
 .data.twoKp    0x20000018        0x4 ./build/gimbctrl/src/libs/MahonyAHRS.o
                0x20000018                twoKp
 .data.accel_dma_tx_buf
                0x2000001c        0x9 ./build/gimbctrl/src/tasks/INS_task.o
                0x2000001c                accel_dma_tx_buf
 *fill*         0x20000025        0x3 
 .data.accel_scale_factor
                0x20000028       0x24 ./build/gimbctrl/src/tasks/INS_task.o
                0x20000028                accel_scale_factor
 .data.accel_temp_dma_tx_buf
                0x2000004c        0x4 ./build/gimbctrl/src/tasks/INS_task.o
                0x2000004c                accel_temp_dma_tx_buf
 .data.gyro_dma_tx_buf
                0x20000050        0x8 ./build/gimbctrl/src/tasks/INS_task.o
                0x20000050                gyro_dma_tx_buf
 .data.gyro_scale_factor
                0x20000058       0x24 ./build/gimbctrl/src/tasks/INS_task.o
                0x20000058                gyro_scale_factor
 .data.mag_scale_factor
                0x2000007c       0x24 ./build/gimbctrl/src/tasks/INS_task.o
                0x2000007c                mag_scale_factor
 .data.__fdlib_version
                0x200000a0        0x1 c:/users/94736/.eide/tools/gcc_arm/bin/../lib/gcc/arm-none-eabi/8.3.1/../../../../arm-none-eabi/lib/thumb/v7e-m+fp/hard\libm.a(lib_a-s_lib_ver.o)
                0x200000a0                __fdlib_version
 *fill*         0x200000a1        0x3 
 .data._impure_ptr
                0x200000a4        0x4 c:/users/94736/.eide/tools/gcc_arm/bin/../lib/gcc/arm-none-eabi/8.3.1/../../../../arm-none-eabi/lib/thumb/v7e-m+fp/hard\libc_nano.a(lib_a-impure.o)
                0x200000a4                _impure_ptr
 .data.impure_data
                0x200000a8       0x60 c:/users/94736/.eide/tools/gcc_arm/bin/../lib/gcc/arm-none-eabi/8.3.1/../../../../arm-none-eabi/lib/thumb/v7e-m+fp/hard\libc_nano.a(lib_a-impure.o)
                0x20000108                . = ALIGN (0x4)
                0x20000108                _edata = .
                0x0800b278                _siccmram = LOADADDR (.ccmram)

.igot.plt       0x20000108        0x0 load address 0x0800b278
 .igot.plt      0x20000108        0x0 c:/users/94736/.eide/tools/gcc_arm/bin/../lib/gcc/arm-none-eabi/8.3.1/thumb/v7e-m+fp/hard/crtbegin.o

.ccmram         0x10000000        0x0 load address 0x0800b278
                0x10000000                . = ALIGN (0x4)
                0x10000000                _sccmram = .
 *(.ccmram)
 *(.ccmram*)
                0x10000000                . = ALIGN (0x4)
                0x10000000                _eccmram = .
                0x10000000                . = ALIGN (0x4)

.bss            0x20000108     0x4f98
                0x20000108                _sbss = .
                0x20000108                __bss_start__ = _sbss
 *(.bss)
 .bss           0x20000108       0x1c c:/users/94736/.eide/tools/gcc_arm/bin/../lib/gcc/arm-none-eabi/8.3.1/thumb/v7e-m+fp/hard/crtbegin.o
 *(.bss*)
 .bss.Idle_Stack.10153
                0x20000124      0x200 ./build/gimbctrl/Middlewares/Third_Party/FreeRTOS/Source/CMSIS_RTOS_V2/cmsis_os2.o
 .bss.Idle_TCB.10152
                0x20000324       0x5c ./build/gimbctrl/Middlewares/Third_Party/FreeRTOS/Source/CMSIS_RTOS_V2/cmsis_os2.o
 .bss.KernelState
                0x20000380        0x4 ./build/gimbctrl/Middlewares/Third_Party/FreeRTOS/Source/CMSIS_RTOS_V2/cmsis_os2.o
 .bss.Timer_Stack.10160
                0x20000384      0x400 ./build/gimbctrl/Middlewares/Third_Party/FreeRTOS/Source/CMSIS_RTOS_V2/cmsis_os2.o
 .bss.Timer_TCB.10159
                0x20000784       0x5c ./build/gimbctrl/Middlewares/Third_Party/FreeRTOS/Source/CMSIS_RTOS_V2/cmsis_os2.o
 .bss.ucMaxSysCallPriority
                0x200007e0        0x1 ./build/gimbctrl/Middlewares/Third_Party/FreeRTOS/Source/portable/GCC/ARM_CM4F/port.o
 *fill*         0x200007e1        0x3 
 .bss.ulMaxPRIGROUPValue
                0x200007e4        0x4 ./build/gimbctrl/Middlewares/Third_Party/FreeRTOS/Source/portable/GCC/ARM_CM4F/port.o
 .bss.pxEnd     0x200007e8        0x4 ./build/gimbctrl/Middlewares/Third_Party/FreeRTOS/Source/portable/MemMang/heap_4.o
 .bss.ucHeap    0x200007ec     0x3c00 ./build/gimbctrl/Middlewares/Third_Party/FreeRTOS/Source/portable/MemMang/heap_4.o
 .bss.xBlockAllocatedBit
                0x200043ec        0x4 ./build/gimbctrl/Middlewares/Third_Party/FreeRTOS/Source/portable/MemMang/heap_4.o
 .bss.xFreeBytesRemaining
                0x200043f0        0x4 ./build/gimbctrl/Middlewares/Third_Party/FreeRTOS/Source/portable/MemMang/heap_4.o
 .bss.xMinimumEverFreeBytesRemaining
                0x200043f4        0x4 ./build/gimbctrl/Middlewares/Third_Party/FreeRTOS/Source/portable/MemMang/heap_4.o
 .bss.xNumberOfSuccessfulAllocations
                0x200043f8        0x4 ./build/gimbctrl/Middlewares/Third_Party/FreeRTOS/Source/portable/MemMang/heap_4.o
 .bss.xNumberOfSuccessfulFrees
                0x200043fc        0x4 ./build/gimbctrl/Middlewares/Third_Party/FreeRTOS/Source/portable/MemMang/heap_4.o
 .bss.xStart    0x20004400        0x8 ./build/gimbctrl/Middlewares/Third_Party/FreeRTOS/Source/portable/MemMang/heap_4.o
 .bss.pxCurrentTCB
                0x20004408        0x4 ./build/gimbctrl/Middlewares/Third_Party/FreeRTOS/Source/tasks.o
                0x20004408                pxCurrentTCB
 .bss.pxDelayedTaskList
                0x2000440c        0x4 ./build/gimbctrl/Middlewares/Third_Party/FreeRTOS/Source/tasks.o
 .bss.pxOverflowDelayedTaskList
                0x20004410        0x4 ./build/gimbctrl/Middlewares/Third_Party/FreeRTOS/Source/tasks.o
 .bss.pxReadyTasksLists
                0x20004414      0x460 ./build/gimbctrl/Middlewares/Third_Party/FreeRTOS/Source/tasks.o
 .bss.uxCurrentNumberOfTasks
                0x20004874        0x4 ./build/gimbctrl/Middlewares/Third_Party/FreeRTOS/Source/tasks.o
 .bss.uxDeletedTasksWaitingCleanUp
                0x20004878        0x4 ./build/gimbctrl/Middlewares/Third_Party/FreeRTOS/Source/tasks.o
 .bss.uxSchedulerSuspended
                0x2000487c        0x4 ./build/gimbctrl/Middlewares/Third_Party/FreeRTOS/Source/tasks.o
 .bss.uxTaskNumber
                0x20004880        0x4 ./build/gimbctrl/Middlewares/Third_Party/FreeRTOS/Source/tasks.o
 .bss.uxTopReadyPriority
                0x20004884        0x4 ./build/gimbctrl/Middlewares/Third_Party/FreeRTOS/Source/tasks.o
 .bss.xDelayedTaskList1
                0x20004888       0x14 ./build/gimbctrl/Middlewares/Third_Party/FreeRTOS/Source/tasks.o
 .bss.xDelayedTaskList2
                0x2000489c       0x14 ./build/gimbctrl/Middlewares/Third_Party/FreeRTOS/Source/tasks.o
 .bss.xNextTaskUnblockTime
                0x200048b0        0x4 ./build/gimbctrl/Middlewares/Third_Party/FreeRTOS/Source/tasks.o
 .bss.xNumOfOverflows
                0x200048b4        0x4 ./build/gimbctrl/Middlewares/Third_Party/FreeRTOS/Source/tasks.o
 .bss.xPendedTicks
                0x200048b8        0x4 ./build/gimbctrl/Middlewares/Third_Party/FreeRTOS/Source/tasks.o
 .bss.xPendingReadyList
                0x200048bc       0x14 ./build/gimbctrl/Middlewares/Third_Party/FreeRTOS/Source/tasks.o
 .bss.xSchedulerRunning
                0x200048d0        0x4 ./build/gimbctrl/Middlewares/Third_Party/FreeRTOS/Source/tasks.o
 .bss.xSuspendedTaskList
                0x200048d4       0x14 ./build/gimbctrl/Middlewares/Third_Party/FreeRTOS/Source/tasks.o
 .bss.xTasksWaitingTermination
                0x200048e8       0x14 ./build/gimbctrl/Middlewares/Third_Party/FreeRTOS/Source/tasks.o
 .bss.xTickCount
                0x200048fc        0x4 ./build/gimbctrl/Middlewares/Third_Party/FreeRTOS/Source/tasks.o
 .bss.xYieldPending
                0x20004900        0x4 ./build/gimbctrl/Middlewares/Third_Party/FreeRTOS/Source/tasks.o
 .bss.pxCurrentTimerList
                0x20004904        0x4 ./build/gimbctrl/Middlewares/Third_Party/FreeRTOS/Source/timers.o
 .bss.pxOverflowTimerList
                0x20004908        0x4 ./build/gimbctrl/Middlewares/Third_Party/FreeRTOS/Source/timers.o
 .bss.ucStaticTimerQueueStorage.6642
                0x2000490c       0xa0 ./build/gimbctrl/Middlewares/Third_Party/FreeRTOS/Source/timers.o
 .bss.xActiveTimerList1
                0x200049ac       0x14 ./build/gimbctrl/Middlewares/Third_Party/FreeRTOS/Source/timers.o
 .bss.xActiveTimerList2
                0x200049c0       0x14 ./build/gimbctrl/Middlewares/Third_Party/FreeRTOS/Source/timers.o
 .bss.xLastTime.6591
                0x200049d4        0x4 ./build/gimbctrl/Middlewares/Third_Party/FreeRTOS/Source/timers.o
 .bss.xStaticTimerQueue.6641
                0x200049d8       0x50 ./build/gimbctrl/Middlewares/Third_Party/FreeRTOS/Source/timers.o
 .bss.xTimerQueue
                0x20004a28        0x4 ./build/gimbctrl/Middlewares/Third_Party/FreeRTOS/Source/timers.o
 .bss.xTimerTaskHandle
                0x20004a2c        0x4 ./build/gimbctrl/Middlewares/Third_Party/FreeRTOS/Source/timers.o
 .bss.HAL_RCC_CAN1_CLK_ENABLED
                0x20004a30        0x4 ./build/gimbctrl/Src/can.o
 .bss.fac_ms    0x20004a34        0x4 ./build/gimbctrl/src/bsps/bsp_delay.o
 .bss.fac_us    0x20004a38        0x1 ./build/gimbctrl/src/bsps/bsp_delay.o
 *fill*         0x20004a39        0x3 
 .bss.CAN_tx    0x20004a3c       0x18 ./build/gimbctrl/src/bsps/can_bsp.o
 .bss.CAN_tx_message
                0x20004a54        0x8 ./build/gimbctrl/src/bsps/can_bsp.o
 .bss.zeromes   0x20004a5c        0x8 ./build/gimbctrl/src/bsps/can_bsp.o
                0x20004a5c                zeromes
 .bss.integralFBx
                0x20004a64        0x4 ./build/gimbctrl/src/libs/MahonyAHRS.o
                0x20004a64                integralFBx
 .bss.integralFBy
                0x20004a68        0x4 ./build/gimbctrl/src/libs/MahonyAHRS.o
                0x20004a68                integralFBy
 .bss.integralFBz
                0x20004a6c        0x4 ./build/gimbctrl/src/libs/MahonyAHRS.o
                0x20004a6c                integralFBz
 .bss.twoKi     0x20004a70        0x4 ./build/gimbctrl/src/libs/MahonyAHRS.o
                0x20004a70                twoKi
 .bss.outcirccount.10231
                0x20004a74        0x1 ./build/gimbctrl/src/libs/motlib.o
 *fill*         0x20004a75        0x3 
 .bss.INS_accel
                0x20004a78        0xc ./build/gimbctrl/src/tasks/INS_task.o
 .bss.INS_angle
                0x20004a84        0xc ./build/gimbctrl/src/tasks/INS_task.o
                0x20004a84                INS_angle
 .bss.INS_gyro  0x20004a90        0xc ./build/gimbctrl/src/tasks/INS_task.o
                0x20004a90                INS_gyro
 .bss.INS_mag   0x20004a9c        0xc ./build/gimbctrl/src/tasks/INS_task.o
 .bss.INS_quat  0x20004aa8       0x10 ./build/gimbctrl/src/tasks/INS_task.o
 .bss.INS_task_local_handler
                0x20004ab8        0x4 ./build/gimbctrl/src/tasks/INS_task.o
 .bss.accel_fliter_2
                0x20004abc        0xc ./build/gimbctrl/src/tasks/INS_task.o
 .bss.accel_fliter_3
                0x20004ac8        0xc ./build/gimbctrl/src/tasks/INS_task.o
 .bss.accel_temp_update_flag
                0x20004ad4        0x1 ./build/gimbctrl/src/tasks/INS_task.o
                0x20004ad4                accel_temp_update_flag
 .bss.accel_update_flag
                0x20004ad5        0x1 ./build/gimbctrl/src/tasks/INS_task.o
                0x20004ad5                accel_update_flag
 .bss.first_temperate
                0x20004ad6        0x1 ./build/gimbctrl/src/tasks/INS_task.o
 .bss.gyro_update_flag
                0x20004ad7        0x1 ./build/gimbctrl/src/tasks/INS_task.o
                0x20004ad7                gyro_update_flag
 .bss.imu_start_dma_flag
                0x20004ad8        0x1 ./build/gimbctrl/src/tasks/INS_task.o
                0x20004ad8                imu_start_dma_flag
 *fill*         0x20004ad9        0x3 
 .bss.imu_temp_pid
                0x20004adc       0x3c ./build/gimbctrl/src/tasks/INS_task.o
 .bss.mag_update_flag
                0x20004b18        0x1 ./build/gimbctrl/src/tasks/INS_task.o
                0x20004b18                mag_update_flag
 .bss.temp_constant_time.10322
                0x20004b19        0x1 ./build/gimbctrl/src/tasks/INS_task.o
 *fill*         0x20004b1a        0x2 
 .bss.xHigherPriorityTaskWoken.10326
                0x20004b1c        0x4 ./build/gimbctrl/src/tasks/INS_task.o
 .bss.can1devsta
                0x20004b20        0x1 ./build/gimbctrl/src/tasks/devmoni.o
                0x20004b20                can1devsta
 .bss.can2devsta
                0x20004b21        0x1 ./build/gimbctrl/src/tasks/devmoni.o
                0x20004b21                can2devsta
 *fill*         0x20004b22        0x2 
 .bss.fricspid  0x20004b24       0x78 ./build/gimbctrl/src/tasks/shoottask.o
                0x20004b24                fricspid
 .bss.trigapid  0x20004b9c       0x3c ./build/gimbctrl/src/tasks/shoottask.o
                0x20004b9c                trigapid
 .bss.trigspid  0x20004bd8       0x3c ./build/gimbctrl/src/tasks/shoottask.o
                0x20004bd8                trigspid
 *(COMMON)
 COMMON         0x20004c14        0x4 ./build/gimbctrl/Drivers/STM32F4xx_HAL_Driver/Src/stm32f4xx_hal.o
                0x20004c14                uwTick
 COMMON         0x20004c18       0x40 ./build/gimbctrl/Middlewares/Third_Party/FreeRTOS/Source/queue.o
                0x20004c18                xQueueRegistry
 COMMON         0x20004c58       0x50 ./build/gimbctrl/Src/can.o
                0x20004c58                hcan2
                0x20004c80                hcan1
 COMMON         0x20004ca8       0x14 ./build/gimbctrl/Src/freertos.o
                0x20004ca8                devicemonitorHandle
                0x20004cac                INS_TASKHandle
                0x20004cb0                ShoottaskHandle
                0x20004cb4                infomationupdatHandle
                0x20004cb8                communicatetaskHandle
 COMMON         0x20004cbc       0x54 ./build/gimbctrl/Src/i2c.o
                0x20004cbc                hi2c3
 COMMON         0x20004d10      0x118 ./build/gimbctrl/Src/spi.o
                0x20004d10                hspi1
                0x20004d68                hdma_spi1_rx
                0x20004dc8                hdma_spi1_tx
 COMMON         0x20004e28       0x90 ./build/gimbctrl/Src/tim.o
                0x20004e28                htim10
                0x20004e70                htim1
 COMMON         0x20004eb8       0xac ./build/gimbctrl/src/tasks/INS_task.o
                0x20004eb8                ist8310_real_data
                0x20004ec8                accel_offset
                0x20004ed4                brsp
                0x20004ed8                ysp
                0x20004edc                bpsp
                0x20004ee0                accel_dma_rx_buf
                0x20004eec                mag_offset
                0x20004ef8                accel_temp_dma_rx_buf
                0x20004efc                accel_cali_offset
                0x20004f08                rsp
                0x20004f0c                gyro_dma_rx_buf
                0x20004f14                gyro_offset
                0x20004f20                bysp
                0x20004f24                mag_cali_offset
                0x20004f30                gyro_cali_offset
                0x20004f3c                bmi088_real_data
                0x20004f60                psp
 COMMON         0x20004f64       0x30 ./build/gimbctrl/src/tasks/comutask.o
                0x20004f64                comuinfo
                0x20004f84                can2_mes2chas_imu
                0x20004f8c                can2_mes2chas_cv
 COMMON         0x20004f94      0x10c ./build/gimbctrl/src/tasks/shoottask.o
                0x20004f94                can2_mes20x200
                0x20004f9c                trig
                0x20004ff0                fric
                0x20005098                can1_mes20x200
                0x200050a0                . = ALIGN (0x4)
                0x200050a0                _ebss = .
                0x200050a0                __bss_end__ = _ebss

._user_heap_stack
                0x200050a0      0x600
                0x200050a0                . = ALIGN (0x8)
                [!provide]                PROVIDE (end = .)
                [!provide]                PROVIDE (_end = .)
                0x200052a0                . = (. + _Min_Heap_Size)
 *fill*         0x200050a0      0x200 
                0x200056a0                . = (. + _Min_Stack_Size)
 *fill*         0x200052a0      0x400 
                0x200056a0                . = ALIGN (0x8)

/DISCARD/
 libc.a(*)
 libm.a(*)
 libgcc.a(*)

.ARM.attributes
                0x00000000       0x30
 *(.ARM.attributes)
 .ARM.attributes
                0x00000000       0x1e c:/users/94736/.eide/tools/gcc_arm/bin/../lib/gcc/arm-none-eabi/8.3.1/thumb/v7e-m+fp/hard/crti.o
 .ARM.attributes
                0x0000001e       0x34 c:/users/94736/.eide/tools/gcc_arm/bin/../lib/gcc/arm-none-eabi/8.3.1/thumb/v7e-m+fp/hard/crtbegin.o
 .ARM.attributes
                0x00000052       0x34 ./build/gimbctrl/Drivers/STM32F4xx_HAL_Driver/Src/stm32f4xx_hal.o
 .ARM.attributes
                0x00000086       0x34 ./build/gimbctrl/Drivers/STM32F4xx_HAL_Driver/Src/stm32f4xx_hal_can.o
 .ARM.attributes
                0x000000ba       0x34 ./build/gimbctrl/Drivers/STM32F4xx_HAL_Driver/Src/stm32f4xx_hal_cortex.o
 .ARM.attributes
                0x000000ee       0x34 ./build/gimbctrl/Drivers/STM32F4xx_HAL_Driver/Src/stm32f4xx_hal_dma.o
 .ARM.attributes
                0x00000122       0x34 ./build/gimbctrl/Drivers/STM32F4xx_HAL_Driver/Src/stm32f4xx_hal_gpio.o
 .ARM.attributes
                0x00000156       0x34 ./build/gimbctrl/Drivers/STM32F4xx_HAL_Driver/Src/stm32f4xx_hal_i2c.o
 .ARM.attributes
                0x0000018a       0x34 ./build/gimbctrl/Drivers/STM32F4xx_HAL_Driver/Src/stm32f4xx_hal_rcc.o
 .ARM.attributes
                0x000001be       0x34 ./build/gimbctrl/Drivers/STM32F4xx_HAL_Driver/Src/stm32f4xx_hal_spi.o
 .ARM.attributes
                0x000001f2       0x34 ./build/gimbctrl/Drivers/STM32F4xx_HAL_Driver/Src/stm32f4xx_hal_tim.o
 .ARM.attributes
                0x00000226       0x34 ./build/gimbctrl/Drivers/STM32F4xx_HAL_Driver/Src/stm32f4xx_hal_tim_ex.o
 .ARM.attributes
                0x0000025a       0x34 ./build/gimbctrl/Middlewares/Third_Party/FreeRTOS/Source/CMSIS_RTOS_V2/cmsis_os2.o
 .ARM.attributes
                0x0000028e       0x34 ./build/gimbctrl/Middlewares/Third_Party/FreeRTOS/Source/list.o
 .ARM.attributes
                0x000002c2       0x34 ./build/gimbctrl/Middlewares/Third_Party/FreeRTOS/Source/portable/GCC/ARM_CM4F/port.o
 .ARM.attributes
                0x000002f6       0x34 ./build/gimbctrl/Middlewares/Third_Party/FreeRTOS/Source/portable/MemMang/heap_4.o
 .ARM.attributes
                0x0000032a       0x34 ./build/gimbctrl/Middlewares/Third_Party/FreeRTOS/Source/queue.o
 .ARM.attributes
                0x0000035e       0x34 ./build/gimbctrl/Middlewares/Third_Party/FreeRTOS/Source/tasks.o
 .ARM.attributes
                0x00000392       0x34 ./build/gimbctrl/Middlewares/Third_Party/FreeRTOS/Source/timers.o
 .ARM.attributes
                0x000003c6       0x34 ./build/gimbctrl/Src/can.o
 .ARM.attributes
                0x000003fa       0x34 ./build/gimbctrl/Src/dma.o
 .ARM.attributes
                0x0000042e       0x34 ./build/gimbctrl/Src/freertos.o
 .ARM.attributes
                0x00000462       0x34 ./build/gimbctrl/Src/gpio.o
 .ARM.attributes
                0x00000496       0x34 ./build/gimbctrl/Src/i2c.o
 .ARM.attributes
                0x000004ca       0x34 ./build/gimbctrl/Src/main.o
 .ARM.attributes
                0x000004fe       0x34 ./build/gimbctrl/Src/spi.o
 .ARM.attributes
                0x00000532       0x34 ./build/gimbctrl/Src/stm32f4xx_hal_msp.o
 .ARM.attributes
                0x00000566       0x34 ./build/gimbctrl/Src/stm32f4xx_it.o
 .ARM.attributes
                0x0000059a       0x34 ./build/gimbctrl/Src/system_stm32f4xx.o
 .ARM.attributes
                0x000005ce       0x34 ./build/gimbctrl/Src/tim.o
 .ARM.attributes
                0x00000602       0x34 ./build/gimbctrl/src/bsps/bsp_delay.o
 .ARM.attributes
                0x00000636       0x34 ./build/gimbctrl/src/bsps/bsp_imu_pwm.o
 .ARM.attributes
                0x0000066a       0x34 ./build/gimbctrl/src/bsps/bsp_spi.o
 .ARM.attributes
                0x0000069e       0x34 ./build/gimbctrl/src/bsps/can_bsp.o
 .ARM.attributes
                0x000006d2       0x34 ./build/gimbctrl/src/devices/BMI088Middleware.o
 .ARM.attributes
                0x00000706       0x34 ./build/gimbctrl/src/devices/BMI088driver.o
 .ARM.attributes
                0x0000073a       0x34 ./build/gimbctrl/src/devices/canbus.o
 .ARM.attributes
                0x0000076e       0x34 ./build/gimbctrl/src/devices/ist8310driver.o
 .ARM.attributes
                0x000007a2       0x34 ./build/gimbctrl/src/devices/ist8310driver_middleware.o
 .ARM.attributes
                0x000007d6       0x34 ./build/gimbctrl/src/libs/MahonyAHRS.o
 .ARM.attributes
                0x0000080a       0x34 ./build/gimbctrl/src/libs/motlib.o
 .ARM.attributes
                0x0000083e       0x34 ./build/gimbctrl/src/libs/pid.o
 .ARM.attributes
                0x00000872       0x34 ./build/gimbctrl/src/tasks/INS_task.o
 .ARM.attributes
                0x000008a6       0x34 ./build/gimbctrl/src/tasks/comutask.o
 .ARM.attributes
                0x000008da       0x34 ./build/gimbctrl/src/tasks/devmoni.o
 .ARM.attributes
                0x0000090e       0x34 ./build/gimbctrl/src/tasks/infoupdate.o
 .ARM.attributes
                0x00000942       0x34 ./build/gimbctrl/src/tasks/init.o
 .ARM.attributes
                0x00000976       0x34 ./build/gimbctrl/src/tasks/shoottask.o
 .ARM.attributes
                0x000009aa       0x21 ./build/gimbctrl/startup_stm32f407xx.o
 .ARM.attributes
                0x000009cb       0x34 c:/users/94736/.eide/tools/gcc_arm/bin/../lib/gcc/arm-none-eabi/8.3.1/../../../../arm-none-eabi/lib/thumb/v7e-m+fp/hard\libm.a(lib_a-w_sqrt.o)
 .ARM.attributes
                0x000009ff       0x34 c:/users/94736/.eide/tools/gcc_arm/bin/../lib/gcc/arm-none-eabi/8.3.1/../../../../arm-none-eabi/lib/thumb/v7e-m+fp/hard\libm.a(lib_a-wf_asin.o)
 .ARM.attributes
                0x00000a33       0x34 c:/users/94736/.eide/tools/gcc_arm/bin/../lib/gcc/arm-none-eabi/8.3.1/../../../../arm-none-eabi/lib/thumb/v7e-m+fp/hard\libm.a(lib_a-wf_atan2.o)
 .ARM.attributes
                0x00000a67       0x34 c:/users/94736/.eide/tools/gcc_arm/bin/../lib/gcc/arm-none-eabi/8.3.1/../../../../arm-none-eabi/lib/thumb/v7e-m+fp/hard\libm.a(lib_a-e_sqrt.o)
 .ARM.attributes
                0x00000a9b       0x34 c:/users/94736/.eide/tools/gcc_arm/bin/../lib/gcc/arm-none-eabi/8.3.1/../../../../arm-none-eabi/lib/thumb/v7e-m+fp/hard\libm.a(lib_a-ef_asin.o)
 .ARM.attributes
                0x00000acf       0x34 c:/users/94736/.eide/tools/gcc_arm/bin/../lib/gcc/arm-none-eabi/8.3.1/../../../../arm-none-eabi/lib/thumb/v7e-m+fp/hard\libm.a(lib_a-ef_atan2.o)
 .ARM.attributes
                0x00000b03       0x34 c:/users/94736/.eide/tools/gcc_arm/bin/../lib/gcc/arm-none-eabi/8.3.1/../../../../arm-none-eabi/lib/thumb/v7e-m+fp/hard\libm.a(lib_a-ef_sqrt.o)
 .ARM.attributes
                0x00000b37       0x32 c:/users/94736/.eide/tools/gcc_arm/bin/../lib/gcc/arm-none-eabi/8.3.1/../../../../arm-none-eabi/lib/thumb/v7e-m+fp/hard\libm.a(lib_a-s_lib_ver.o)
 .ARM.attributes
                0x00000b69       0x34 c:/users/94736/.eide/tools/gcc_arm/bin/../lib/gcc/arm-none-eabi/8.3.1/../../../../arm-none-eabi/lib/thumb/v7e-m+fp/hard\libm.a(lib_a-sf_atan.o)
 .ARM.attributes
                0x00000b9d       0x34 c:/users/94736/.eide/tools/gcc_arm/bin/../lib/gcc/arm-none-eabi/8.3.1/../../../../arm-none-eabi/lib/thumb/v7e-m+fp/hard\libm.a(lib_a-sf_fabs.o)
 .ARM.attributes
                0x00000bd1       0x34 c:/users/94736/.eide/tools/gcc_arm/bin/../lib/gcc/arm-none-eabi/8.3.1/../../../../arm-none-eabi/lib/thumb/v7e-m+fp/hard\libm.a(lib_a-sf_nan.o)
 .ARM.attributes
                0x00000c05       0x1e c:/users/94736/.eide/tools/gcc_arm/bin/../lib/gcc/arm-none-eabi/8.3.1/thumb/v7e-m+fp/hard\libgcc.a(_arm_addsubdf3.o)
 .ARM.attributes
                0x00000c23       0x1e c:/users/94736/.eide/tools/gcc_arm/bin/../lib/gcc/arm-none-eabi/8.3.1/thumb/v7e-m+fp/hard\libgcc.a(_arm_muldivdf3.o)
 .ARM.attributes
                0x00000c41       0x1e c:/users/94736/.eide/tools/gcc_arm/bin/../lib/gcc/arm-none-eabi/8.3.1/thumb/v7e-m+fp/hard\libgcc.a(_arm_cmpdf2.o)
 .ARM.attributes
                0x00000c5f       0x1e c:/users/94736/.eide/tools/gcc_arm/bin/../lib/gcc/arm-none-eabi/8.3.1/thumb/v7e-m+fp/hard\libgcc.a(_arm_unorddf2.o)
 .ARM.attributes
                0x00000c7d       0x1e c:/users/94736/.eide/tools/gcc_arm/bin/../lib/gcc/arm-none-eabi/8.3.1/thumb/v7e-m+fp/hard\libgcc.a(_arm_truncdfsf2.o)
 .ARM.attributes
                0x00000c9b       0x1e c:/users/94736/.eide/tools/gcc_arm/bin/../lib/gcc/arm-none-eabi/8.3.1/thumb/v7e-m+fp/hard\libgcc.a(_aeabi_uldivmod.o)
 .ARM.attributes
                0x00000cb9       0x34 c:/users/94736/.eide/tools/gcc_arm/bin/../lib/gcc/arm-none-eabi/8.3.1/thumb/v7e-m+fp/hard\libgcc.a(_udivmoddi4.o)
 .ARM.attributes