Archive member included to satisfy reference by file (symbol)

c:/users/94736/.eide/tools/gcc_arm/bin/../lib/gcc/arm-none-eabi/8.3.1/../../../../arm-none-eabi/lib/thumb/v7e-m+fp/hard\libm.a(lib_a-w_sqrt.o)
                              ./build/gimbctrl/src/libs/MahonyAHRS.o (sqrt)
c:/users/94736/.eide/tools/gcc_arm/bin/../lib/gcc/arm-none-eabi/8.3.1/../../../../arm-none-eabi/lib/thumb/v7e-m+fp/hard\libm.a(lib_a-wf_asin.o)
                              ./build/gimbctrl/src/tasks/INS_task.o (asinf)
c:/users/94736/.eide/tools/gcc_arm/bin/../lib/gcc/arm-none-eabi/8.3.1/../../../../arm-none-eabi/lib/thumb/v7e-m+fp/hard\libm.a(lib_a-wf_atan2.o)
                              ./build/gimbctrl/src/tasks/INS_task.o (atan2f)
c:/users/94736/.eide/tools/gcc_arm/bin/../lib/gcc/arm-none-eabi/8.3.1/../../../../arm-none-eabi/lib/thumb/v7e-m+fp/hard\libm.a(lib_a-e_sqrt.o)
                              c:/users/94736/.eide/tools/gcc_arm/bin/../lib/gcc/arm-none-eabi/8.3.1/../../../../arm-none-eabi/lib/thumb/v7e-m+fp/hard\libm.a(lib_a-w_sqrt.o) (__ieee754_sqrt)
c:/users/94736/.eide/tools/gcc_arm/bin/../lib/gcc/arm-none-eabi/8.3.1/../../../../arm-none-eabi/lib/thumb/v7e-m+fp/hard\libm.a(lib_a-ef_asin.o)
                              c:/users/94736/.eide/tools/gcc_arm/bin/../lib/gcc/arm-none-eabi/8.3.1/../../../../arm-none-eabi/lib/thumb/v7e-m+fp/hard\libm.a(lib_a-wf_asin.o) (__ieee754_asinf)
c:/users/94736/.eide/tools/gcc_arm/bin/../lib/gcc/arm-none-eabi/8.3.1/../../../../arm-none-eabi/lib/thumb/v7e-m+fp/hard\libm.a(lib_a-ef_atan2.o)
                              c:/users/94736/.eide/tools/gcc_arm/bin/../lib/gcc/arm-none-eabi/8.3.1/../../../../arm-none-eabi/lib/thumb/v7e-m+fp/hard\libm.a(lib_a-wf_atan2.o) (__ieee754_atan2f)
c:/users/94736/.eide/tools/gcc_arm/bin/../lib/gcc/arm-none-eabi/8.3.1/../../../../arm-none-eabi/lib/thumb/v7e-m+fp/hard\libm.a(lib_a-ef_sqrt.o)
                              c:/users/94736/.eide/tools/gcc_arm/bin/../lib/gcc/arm-none-eabi/8.3.1/../../../../arm-none-eabi/lib/thumb/v7e-m+fp/hard\libm.a(lib_a-ef_asin.o) (__ieee754_sqrtf)
c:/users/94736/.eide/tools/gcc_arm/bin/../lib/gcc/arm-none-eabi/8.3.1/../../../../arm-none-eabi/lib/thumb/v7e-m+fp/hard\libm.a(lib_a-s_lib_ver.o)
                              c:/users/94736/.eide/tools/gcc_arm/bin/../lib/gcc/arm-none-eabi/8.3.1/../../../../arm-none-eabi/lib/thumb/v7e-m+fp/hard\libm.a(lib_a-w_sqrt.o) (__fdlib_version)
c:/users/94736/.eide/tools/gcc_arm/bin/../lib/gcc/arm-none-eabi/8.3.1/../../../../arm-none-eabi/lib/thumb/v7e-m+fp/hard\libm.a(lib_a-sf_atan.o)
                              c:/users/94736/.eide/tools/gcc_arm/bin/../lib/gcc/arm-none-eabi/8.3.1/../../../../arm-none-eabi/lib/thumb/v7e-m+fp/hard\libm.a(lib_a-ef_atan2.o) (atanf)
c:/users/94736/.eide/tools/gcc_arm/bin/../lib/gcc/arm-none-eabi/8.3.1/../../../../arm-none-eabi/lib/thumb/v7e-m+fp/hard\libm.a(lib_a-sf_fabs.o)
                              c:/users/94736/.eide/tools/gcc_arm/bin/../lib/gcc/arm-none-eabi/8.3.1/../../../../arm-none-eabi/lib/thumb/v7e-m+fp/hard\libm.a(lib_a-wf_asin.o) (fabsf)
c:/users/94736/.eide/tools/gcc_arm/bin/../lib/gcc/arm-none-eabi/8.3.1/../../../../arm-none-eabi/lib/thumb/v7e-m+fp/hard\libm.a(lib_a-sf_nan.o)
                              c:/users/94736/.eide/tools/gcc_arm/bin/../lib/gcc/arm-none-eabi/8.3.1/../../../../arm-none-eabi/lib/thumb/v7e-m+fp/hard\libm.a(lib_a-wf_asin.o) (nanf)
c:/users/94736/.eide/tools/gcc_arm/bin/../lib/gcc/arm-none-eabi/8.3.1/thumb/v7e-m+fp/hard\libgcc.a(_arm_addsubdf3.o)
                              c:/users/94736/.eide/tools/gcc_arm/bin/../lib/gcc/arm-none-eabi/8.3.1/../../../../arm-none-eabi/lib/thumb/v7e-m+fp/hard\libm.a(lib_a-e_sqrt.o) (__aeabi_dsub)
c:/users/94736/.eide/tools/gcc_arm/bin/../lib/gcc/arm-none-eabi/8.3.1/thumb/v7e-m+fp/hard\libgcc.a(_arm_muldivdf3.o)
                              c:/users/94736/.eide/tools/gcc_arm/bin/../lib/gcc/arm-none-eabi/8.3.1/../../../../arm-none-eabi/lib/thumb/v7e-m+fp/hard\libm.a(lib_a-e_sqrt.o) (__aeabi_dmul)
c:/users/94736/.eide/tools/gcc_arm/bin/../lib/gcc/arm-none-eabi/8.3.1/thumb/v7e-m+fp/hard\libgcc.a(_arm_cmpdf2.o)
                              c:/users/94736/.eide/tools/gcc_arm/bin/../lib/gcc/arm-none-eabi/8.3.1/../../../../arm-none-eabi/lib/thumb/v7e-m+fp/hard\libm.a(lib_a-w_sqrt.o) (__aeabi_dcmplt)
c:/users/94736/.eide/tools/gcc_arm/bin/../lib/gcc/arm-none-eabi/8.3.1/thumb/v7e-m+fp/hard\libgcc.a(_arm_unorddf2.o)
                              c:/users/94736/.eide/tools/gcc_arm/bin/../lib/gcc/arm-none-eabi/8.3.1/../../../../arm-none-eabi/lib/thumb/v7e-m+fp/hard\libm.a(lib_a-w_sqrt.o) (__aeabi_dcmpun)
c:/users/94736/.eide/tools/gcc_arm/bin/../lib/gcc/arm-none-eabi/8.3.1/thumb/v7e-m+fp/hard\libgcc.a(_arm_truncdfsf2.o)
                              ./build/gimbctrl/src/libs/MahonyAHRS.o (__aeabi_d2f)
c:/users/94736/.eide/tools/gcc_arm/bin/../lib/gcc/arm-none-eabi/8.3.1/thumb/v7e-m+fp/hard\libgcc.a(_aeabi_uldivmod.o)
[...]
Memory Configuration

Name             Origin             Length             Attributes
RAM              0x20000000         0x00020000         xrw
CCMRAM           0x10000000         0x00010000         xrw
FLASH            0x08000000         0x00100000         xr
*default*        0x00000000         0xffffffff

Linker script and memory map

LOAD c:/users/94736/.eide/tools/gcc_arm/bin/../lib/gcc/arm-none-eabi/8.3.1/thumb/v7e-m+fp/hard/crti.o
LOAD c:/users/94736/.eide/tools/gcc_arm/bin/../lib/gcc/arm-none-eabi/8.3.1/thumb/v7e-m+fp/hard/crtbegin.o
LOAD c:/users/94736/.eide/tools/gcc_arm/bin/../lib/gcc/arm-none-eabi/8.3.1/../../../../arm-none-eabi/lib/thumb/v7e-m+fp/hard/crt0.o
LOAD ./build/gimbctrl/Drivers/STM32F4xx_HAL_Driver/Src/stm32f4xx_hal.o
LOAD ./build/gimbctrl/Drivers/STM32F4xx_HAL_Driver/Src/stm32f4xx_hal_can.o
LOAD ./build/gimbctrl/Drivers/STM32F4xx_HAL_Driver/Src/stm32f4xx_hal_cortex.o
LOAD ./build/gimbctrl/Drivers/STM32F4xx_HAL_Driver/Src/stm32f4xx_hal_dma.o
LOAD ./build/gimbctrl/Drivers/STM32F4xx_HAL_Driver/Src/stm32f4xx_hal_dma_ex.o
LOAD ./build/gimbctrl/Drivers/STM32F4xx_HAL_Driver/Src/stm32f4xx_hal_exti.o
LOAD ./build/gimbctrl/Drivers/STM32F4xx_HAL_Driver/Src/stm32f4xx_hal_flash.o
LOAD ./build/gimbctrl/Drivers/STM32F4xx_HAL_Driver/Src/stm32f4xx_hal_flash_ex.o
LOAD ./build/gimbctrl/Drivers/STM32F4xx_HAL_Driver/Src/stm32f4xx_hal_flash_ramfunc.o
LOAD ./build/gimbctrl/Drivers/STM32F4xx_HAL_Driver/Src/stm32f4xx_hal_gpio.o
LOAD ./build/gimbctrl/Drivers/STM32F4xx_HAL_Driver/Src/stm32f4xx_hal_i2c.o
LOAD ./build/gimbctrl/Drivers/STM32F4xx_HAL_Driver/Src/stm32f4xx_hal_i2c_ex.o
LOAD ./build/gimbctrl/Drivers/STM32F4xx_HAL_Driver/Src/stm32f4xx_hal_pwr.o
LOAD ./build/gimbctrl/Drivers/STM32F4xx_HAL_Driver/Src/stm32f4xx_hal_pwr_ex.o
LOAD ./build/gimbctrl/Drivers/STM32F4xx_HAL_Driver/Src/stm32f4xx_hal_rcc.o
LOAD ./build/gimbctrl/Drivers/STM32F4xx_HAL_Driver/Src/stm32f4xx_hal_rcc_ex.o
LOAD ./build/gimbctrl/Drivers/STM32F4xx_HAL_Driver/Src/stm32f4xx_hal_spi.o
LOAD ./build/gimbctrl/Drivers/STM32F4xx_HAL_Driver/Src/stm32f4xx_hal_tim.o
LOAD ./build/gimbctrl/Drivers/STM32F4xx_HAL_Driver/Src/stm32f4xx_hal_tim_ex.o
LOAD ./build/gimbctrl/Middlewares/Third_Party/FreeRTOS/Source/CMSIS_RTOS_V2/cmsis_os2.o
LOAD ./build/gimbctrl/Middlewares/Third_Party/FreeRTOS/Source/croutine.o
LOAD ./build/gimbctrl/Middlewares/Third_Party/FreeRTOS/Source/event_groups.o
LOAD ./build/gimbctrl/Middlewares/Third_Party/FreeRTOS/Source/list.o
LOAD ./build/gimbctrl/Middlewares/Third_Party/FreeRTOS/Source/portable/GCC/ARM_CM4F/port.o
LOAD ./build/gimbctrl/Middlewares/Third_Party/FreeRTOS/Source/portable/MemMang/heap_4.o
LOAD ./build/gimbctrl/Middlewares/Third_Party/FreeRTOS/Source/queue.o
LOAD ./build/gimbctrl/Middlewares/Third_Party/FreeRTOS/Source/stream_buffer.o
LOAD ./build/gimbctrl/Middlewares/Third_Party/FreeRTOS/Source/tasks.o
LOAD ./build/gimbctrl/Middlewares/Third_Party/FreeRTOS/Source/timers.o
LOAD ./build/gimbctrl/Src/can.o
LOAD ./build/gimbctrl/Src/dma.o
LOAD ./build/gimbctrl/Src/freertos.o
LOAD ./build/gimbctrl/Src/gpio.o
LOAD ./build/gimbctrl/Src/i2c.o
LOAD ./build/gimbctrl/Src/main.o
LOAD ./build/gimbctrl/Src/spi.o
LOAD ./build/gimbctrl/Src/stm32f4xx_hal_msp.o
LOAD ./build/gimbctrl/Src/stm32f4xx_it.o
LOAD ./build/gimbctrl/Src/system_stm32f4xx.o
LOAD ./build/gimbctrl/Src/tim.o
LOAD ./build/gimbctrl/src/bsps/bsp_delay.o
LOAD ./build/gimbctrl/src/bsps/bsp_imu_pwm.o
LOAD ./build/gimbctrl/src/bsps/bsp_spi.o
LOAD ./build/gimbctrl/src/bsps/can_bsp.o
LOAD ./build/gimbctrl/src/bsps/flash_bsp.o
LOAD ./build/gimbctrl/src/devices/BMI088Middleware.o
LOAD ./build/gimbctrl/src/devices/BMI088driver.o
LOAD ./build/gimbctrl/src/devices/canbus.o
LOAD ./build/gimbctrl/src/devices/ist8310driver.o
LOAD ./build/gimbctrl/src/devices/ist8310driver_middleware.o
LOAD ./build/gimbctrl/src/libs/MahonyAHRS.o
LOAD ./build/gimbctrl/src/libs/motlib.o
LOAD ./build/gimbctrl/src/libs/pid.o
LOAD ./build/gimbctrl/src/libs/user_lib.o
LOAD ./build/gimbctrl/src/tasks/INS_task.o
LOAD ./build/gimbctrl/src/tasks/comutask.o
LOAD ./build/gimbctrl/src/tasks/devmoni.o
LOAD ./build/gimbctrl/src/tasks/infoupdate.o
LOAD ./build/gimbctrl/src/tasks/shoottask.o
LOAD ./build/gimbctrl/startup_stm32f407xx.o
LOAD c:/users/94736/.eide/tools/gcc_arm/bin/../lib/gcc/arm-none-eabi/8.3.1/../../../../arm-none-eabi/lib/thumb/v7e-m+fp/hard\libm.a
START GROUP
LOAD c:/users/94736/.eide/tools/gcc_arm/bin/../lib/gcc/arm-none-eabi/8.3.1/thumb/v7e-m+fp/hard\libgcc.a
LOAD c:/users/94736/.eide/tools/gcc_arm/bin/../lib/gcc/arm-none-eabi/8.3.1/../../../../arm-none-eabi/lib/thumb/v7e-m+fp/hard\libc_nano.a
END GROUP
START GROUP
LOAD c:/users/94736/.eide/tools/gcc_arm/bin/../lib/gcc/arm-none-eabi/8.3.1/thumb/v7e-m+fp/hard\libgcc.a
LOAD c:/users/94736/.eide/tools/gcc_arm/bin/../lib/gcc/arm-none-eabi/8.3.1/../../../../arm-none-eabi/lib/thumb/v7e-m+fp/hard\libc_nano.a
LOAD c:/users/94736/.eide/tools/gcc_arm/bin/../lib/gcc/arm-none-eabi/8.3.1/../../../../arm-none-eabi/lib/thumb/v7e-m+fp/hard\libnosys.a
END GROUP
START GROUP
LOAD c:/users/94736/.eide/tools/gcc_arm/bin/../lib/gcc/arm-none-eabi/8.3.1/thumb/v7e-m+fp/hard\libgcc.a
LOAD c:/users/94736/.eide/tools/gcc_arm/bin/../lib/gcc/arm-none-eabi/8.3.1/../../../../arm-none-eabi/lib/thumb/v7e-m+fp/hard\libc_nano.a
LOAD c:/users/94736/.eide/tools/gcc_arm/bin/../lib/gcc/arm-none-eabi/8.3.1/../../../../arm-none-eabi/lib/thumb/v7e-m+fp/hard\libnosys.a
END GROUP
LOAD c:/users/94736/.eide/tools/gcc_arm/bin/../lib/gcc/arm-none-eabi/8.3.1/thumb/v7e-m+fp/hard/crtend.o
LOAD c:/users/94736/.eide/tools/gcc_arm/bin/../lib/gcc/arm-none-eabi/8.3.1/thumb/v7e-m+fp/hard/crtn.o
                0x20020000                _estack = (ORIGIN (RAM) + LENGTH (RAM))
                0x00000200                _Min_Heap_Size = 0x200
                0x00000400                _Min_Stack_Size = 0x400

.isr_vector     0x08000000      0x188
                0x08000000                . = ALIGN (0x4)
 *(.isr_vector)
 .isr_vector    0x08000000      0x188 ./build/gimbctrl/startup_stm32f407xx.o
                0x08000000                g_pfnVectors
                0x08000188                . = ALIGN (0x4)

.text           0x08000190     0xa73c
                0x08000190                . = ALIGN (0x4)
 *(.text)
 .text          0x08000190       0x40 c:/users/94736/.eide/tools/gcc_arm/bin/../lib/gcc/arm-none-eabi/8.3.1/thumb/v7e-m+fp/hard/crtbegin.o
 .text          0x080001d0      0x378 c:/users/94736/.eide/tools/gcc_arm/bin/../lib/gcc/arm-none-eabi/8.3.1/thumb/v7e-m+fp/hard\libgcc.a(_arm_addsubdf3.o)
                0x080001d0                __aeabi_drsub
                0x080001d8                __aeabi_dsub
                0x080001d8                __subdf3
                0x080001dc                __aeabi_dadd
                0x080001dc                __adddf3
                0x08000454                __floatunsidf
                0x08000454                __aeabi_ui2d
                0x08000474                __floatsidf
                0x08000474                __aeabi_i2d
                0x08000498                __aeabi_f2d
                0x08000498                __extendsfdf2
                0x080004dc                __floatundidf
                0x080004dc                __aeabi_ul2d
                0x080004ec                __floatdidf
                0x080004ec                __aeabi_l2d
 .text          0x08000548      0x424 c:/users/94736/.eide/tools/gcc_arm/bin/../lib/gcc/arm-none-eabi/8.3.1/thumb/v7e-m+fp/hard\libgcc.a(_arm_muldivdf3.o)
                0x08000548                __aeabi_dmul
                0x08000548                __muldf3
                0x0800079c                __divdf3
                0x0800079c                __aeabi_ddiv
 .text          0x0800096c      0x110 c:/users/94736/.eide/tools/gcc_arm/bin/../lib/gcc/arm-none-eabi/8.3.1/thumb/v7e-m+fp/hard\libgcc.a(_arm_cmpdf2.o)
                0x0800096c                __gtdf2
                0x0800096c                __gedf2
                0x08000974                __ltdf2
                0x08000974                __ledf2
                0x0800097c                __nedf2
                0x0800097c                __eqdf2
                0x0800097c                __cmpdf2
                0x080009f8                __aeabi_cdrcmple
                0x08000a08                __aeabi_cdcmpeq
                0x08000a08                __aeabi_cdcmple
                0x08000a18                __aeabi_dcmpeq
                0x08000a2c                __aeabi_dcmplt
                0x08000a40                __aeabi_dcmple
                0x08000a54                __aeabi_dcmpge
                0x08000a68                __aeabi_dcmpgt
 .text          0x08000a7c       0x2c c:/users/94736/.eide/tools/gcc_arm/bin/../lib/gcc/arm-none-eabi/8.3.1/thumb/v7e-m+fp/hard\libgcc.a(_arm_unorddf2.o)
                0x08000a7c                __unorddf2
                0x08000a7c                __aeabi_dcmpun
 .text          0x08000aa8       0xa0 c:/users/94736/.eide/tools/gcc_arm/bin/../lib/gcc/arm-none-eabi/8.3.1/thumb/v7e-m+fp/hard\libgcc.a(_arm_truncdfsf2.o)
                0x08000aa8                __truncdfsf2
                0x08000aa8                __aeabi_d2f
 .text          0x08000b48       0x30 c:/users/94736/.eide/tools/gcc_arm/bin/../lib/gcc/arm-none-eabi/8.3.1/thumb/v7e-m+fp/hard\libgcc.a(_aeabi_uldivmod.o)
                0x08000b48                __aeabi_uldivmod
 .text          0x08000b78      0x2d0 c:/users/94736/.eide/tools/gcc_arm/bin/../lib/gcc/arm-none-eabi/8.3.1/thumb/v7e-m+fp/hard\libgcc.a(_udivmoddi4.o)
                0x08000b78                __udivmoddi4
 .text          0x08000e48        0x4 c:/users/94736/.eide/tools/gcc_arm/bin/../lib/gcc/arm-none-eabi/8.3.1/thumb/v7e-m+fp/hard\libgcc.a(_dvmd_tls.o)
                0x08000e48                __aeabi_idiv0
                0x08000e48                __aeabi_ldiv0
 .text          0x08000e4c       0x10 c:/users/94736/.eide/tools/gcc_arm/bin/../lib/gcc/arm-none-eabi/8.3.1/../../../../arm-none-eabi/lib/thumb/v7e-m+fp/hard\libc_nano.a(lib_a-strlen.o)
                0x08000e4c                strlen
 *(.text*)
 .text.HAL_InitTick
                0x08000e5c       0x4c ./build/gimbctrl/Drivers/STM32F4xx_HAL_Driver/Src/stm32f4xx_hal.o
                0x08000e5c                HAL_InitTick
 .text.HAL_Init
                0x08000ea8       0x34 ./build/gimbctrl/Drivers/STM32F4xx_HAL_Driver/Src/stm32f4xx_hal.o
                0x08000ea8                HAL_Init
 .text.HAL_IncTick
                0x08000edc       0x18 ./build/gimbctrl/Drivers/STM32F4xx_HAL_Driver/Src/stm32f4xx_hal.o
                0x08000edc                HAL_IncTick
 .text.HAL_GetTick
                0x08000ef4        0xc ./build/gimbctrl/Drivers/STM32F4xx_HAL_Driver/Src/stm32f4xx_hal.o
                0x08000ef4                HAL_GetTick
 .text.HAL_CAN_Init
                0x08000f00      0x14c ./build/gimbctrl/Drivers/STM32F4xx_HAL_Driver/Src/stm32f4xx_hal_can.o
                0x08000f00                HAL_CAN_Init
 .text.HAL_CAN_AddTxMessage
                0x0800104c       0xec ./build/gimbctrl/Drivers/STM32F4xx_HAL_Driver/Src/stm32f4xx_hal_can.o
                0x0800104c                HAL_CAN_AddTxMessage
 .text.HAL_CAN_GetRxMessage
                0x08001138      0x132 ./build/gimbctrl/Drivers/STM32F4xx_HAL_Driver/Src/stm32f4xx_hal_can.o
                0x08001138                HAL_CAN_GetRxMessage
 .text.HAL_CAN_TxMailbox0CompleteCallback
                0x0800126a        0x2 ./build/gimbctrl/Drivers/STM32F4xx_HAL_Driver/Src/stm32f4xx_hal_can.o
                0x0800126a                HAL_CAN_TxMailbox0CompleteCallback
 .text.HAL_CAN_TxMailbox1CompleteCallback
                0x0800126c        0x2 ./build/gimbctrl/Drivers/STM32F4xx_HAL_Driver/Src/stm32f4xx_hal_can.o
                0x0800126c                HAL_CAN_TxMailbox1CompleteCallback
 .text.HAL_CAN_TxMailbox2CompleteCallback
                0x0800126e        0x2 ./build/gimbctrl/Drivers/STM32F4xx_HAL_Driver/Src/stm32f4xx_hal_can.o
                0x0800126e                HAL_CAN_TxMailbox2CompleteCallback
 .text.HAL_CAN_TxMailbox0AbortCallback
                0x08001270        0x2 ./build/gimbctrl/Drivers/STM32F4xx_HAL_Driver/Src/stm32f4xx_hal_can.o
                0x08001270                HAL_CAN_TxMailbox0AbortCallback
 .text.HAL_CAN_TxMailbox1AbortCallback
                0x08001272        0x2 ./build/gimbctrl/Drivers/STM32F4xx_HAL_Driver/Src/stm32f4xx_hal_can.o
                0x08001272                HAL_CAN_TxMailbox1AbortCallback
 .text.HAL_CAN_TxMailbox2AbortCallback
                0x08001274        0x2 ./build/gimbctrl/Drivers/STM32F4xx_HAL_Driver/Src/stm32f4xx_hal_can.o
                0x08001274                HAL_CAN_TxMailbox2AbortCallback
 .text.HAL_CAN_RxFifo0FullCallback
                0x08001276        0x2 ./build/gimbctrl/Drivers/STM32F4xx_HAL_Driver/Src/stm32f4xx_hal_can.o
                0x08001276                HAL_CAN_RxFifo0FullCallback
 .text.HAL_CAN_RxFifo1MsgPendingCallback
                0x08001278        0x2 ./build/gimbctrl/Drivers/STM32F4xx_HAL_Driver/Src/stm32f4xx_hal_can.o
                0x08001278                HAL_CAN_RxFifo1MsgPendingCallback
 .text.HAL_CAN_RxFifo1FullCallback
                0x0800127a        0x2 ./build/gimbctrl/Drivers/STM32F4xx_HAL_Driver/Src/stm32f4xx_hal_can.o
                0x0800127a                HAL_CAN_RxFifo1FullCallback
 .text.HAL_CAN_SleepCallback
                0x0800127c        0x2 ./build/gimbctrl/Drivers/STM32F4xx_HAL_Driver/Src/stm32f4xx_hal_can.o
                0x0800127c                HAL_CAN_SleepCallback
 .text.HAL_CAN_WakeUpFromRxMsgCallback
                0x0800127e        0x2 ./build/gimbctrl/Drivers/STM32F4xx_HAL_Driver/Src/stm32f4xx_hal_can.o
                0x0800127e                HAL_CAN_WakeUpFromRxMsgCallback
 .text.HAL_CAN_ErrorCallback
                0x08001280        0x2 ./build/gimbctrl/Drivers/STM32F4xx_HAL_Driver/Src/stm32f4xx_hal_can.o
                0x08001280                HAL_CAN_ErrorCallback
 .text.HAL_CAN_IRQHandler
                0x08001282      0x252 ./build/gimbctrl/Drivers/STM32F4xx_HAL_Driver/Src/stm32f4xx_hal_can.o
                0x08001282                HAL_CAN_IRQHandler
 .text.HAL_NVIC_SetPriorityGrouping
                0x080014d4       0x24 ./build/gimbctrl/Drivers/STM32F4xx_HAL_Driver/Src/stm32f4xx_hal_cortex.o
                0x080014d4                HAL_NVIC_SetPriorityGrouping
 .text.HAL_NVIC_SetPriority
                0x080014f8       0x68 ./build/gimbctrl/Drivers/STM32F4xx_HAL_Driver/Src/stm32f4xx_hal_cortex.o
                0x080014f8                HAL_NVIC_SetPriority
 .text.HAL_NVIC_EnableIRQ
                0x08001560       0x1c ./build/gimbctrl/Drivers/STM32F4xx_HAL_Driver/Src/stm32f4xx_hal_cortex.o
                0x08001560                HAL_NVIC_EnableIRQ
 .text.HAL_SYSTICK_Config
                0x0800157c       0x2c ./build/gimbctrl/Drivers/STM32F4xx_HAL_Driver/Src/stm32f4xx_hal_cortex.o
                0x0800157c                HAL_SYSTICK_Config
 .text.DMA_CalcBaseAndBitshift
                0x080015a8       0x44 ./build/gimbctrl/Drivers/STM32F4xx_HAL_Driver/Src/stm32f4xx_hal_dma.o
 .text.DMA_CheckFifoParam
                0x080015ec       0x8e ./build/gimbctrl/Drivers/STM32F4xx_HAL_Driver/Src/stm32f4xx_hal_dma.o
 *fill*         0x0800167a        0x2 
 .text.HAL_DMA_Init
                0x0800167c       0xcc ./build/gimbctrl/Drivers/STM32F4xx_HAL_Driver/Src/stm32f4xx_hal_dma.o
                0x0800167c                HAL_DMA_Init
 .text.HAL_GPIO_Init
                0x08001748      0x1d4 ./build/gimbctrl/Drivers/STM32F4xx_HAL_Driver/Src/stm32f4xx_hal_gpio.o
                0x08001748                HAL_GPIO_Init
 .text.HAL_GPIO_WritePin
                0x0800191c        0xc ./build/gimbctrl/Drivers/STM32F4xx_HAL_Driver/Src/stm32f4xx_hal_gpio.o
                0x0800191c                HAL_GPIO_WritePin
 .text.HAL_GPIO_EXTI_IRQHandler
                0x08001928       0x1c ./build/gimbctrl/Drivers/STM32F4xx_HAL_Driver/Src/stm32f4xx_hal_gpio.o
                0x08001928                HAL_GPIO_EXTI_IRQHandler
 .text.I2C_IsAcknowledgeFailed
                0x08001944       0x32 ./build/gimbctrl/Drivers/STM32F4xx_HAL_Driver/Src/stm32f4xx_hal_i2c.o
 .text.I2C_WaitOnFlagUntilTimeout
                0x08001976       0x70 ./build/gimbctrl/Drivers/STM32F4xx_HAL_Driver/Src/stm32f4xx_hal_i2c.o
 .text.I2C_WaitOnMasterAddressFlagUntilTimeout
                0x080019e6       0xa4 ./build/gimbctrl/Drivers/STM32F4xx_HAL_Driver/Src/stm32f4xx_hal_i2c.o
 .text.I2C_WaitOnTXEFlagUntilTimeout
                0x08001a8a       0x54 ./build/gimbctrl/Drivers/STM32F4xx_HAL_Driver/Src/stm32f4xx_hal_i2c.o
 *fill*         0x08001ade        0x2 
 .text.I2C_RequestMemoryWrite
                0x08001ae0       0xd8 ./build/gimbctrl/Drivers/STM32F4xx_HAL_Driver/Src/stm32f4xx_hal_i2c.o
 .text.I2C_RequestMemoryRead
                0x08001bb8      0x14c ./build/gimbctrl/Drivers/STM32F4xx_HAL_Driver/Src/stm32f4xx_hal_i2c.o
 .text.I2C_WaitOnBTFFlagUntilTimeout
                0x08001d04       0x54 ./build/gimbctrl/Drivers/STM32F4xx_HAL_Driver/Src/stm32f4xx_hal_i2c.o
 .text.I2C_WaitOnRXNEFlagUntilTimeout
                0x08001d58       0x6a ./build/gimbctrl/Drivers/STM32F4xx_HAL_Driver/Src/stm32f4xx_hal_i2c.o
 *fill*         0x08001dc2        0x2 
 .text.HAL_I2C_Init
                0x08001dc4      0x1b8 ./build/gimbctrl/Drivers/STM32F4xx_HAL_Driver/Src/stm32f4xx_hal_i2c.o
                0x08001dc4                HAL_I2C_Init
 .text.HAL_I2C_Mem_Write
                0x08001f7c      0x164 ./build/gimbctrl/Drivers/STM32F4xx_HAL_Driver/Src/stm32f4xx_hal_i2c.o
                0x08001f7c                HAL_I2C_Mem_Write
 .text.HAL_I2C_Mem_Read
                0x080020e0      0x2d0 ./build/gimbctrl/Drivers/STM32F4xx_HAL_Driver/Src/stm32f4xx_hal_i2c.o
                0x080020e0                HAL_I2C_Mem_Read
 .text.HAL_RCC_OscConfig
                0x080023b0      0x3f8 ./build/gimbctrl/Drivers/STM32F4xx_HAL_Driver/Src/stm32f4xx_hal_rcc.o
                0x080023b0                HAL_RCC_OscConfig
 .text.HAL_RCC_GetSysClockFreq
                0x080027a8       0xa4 ./build/gimbctrl/Drivers/STM32F4xx_HAL_Driver/Src/stm32f4xx_hal_rcc.o
                0x080027a8                HAL_RCC_GetSysClockFreq
 .text.HAL_RCC_ClockConfig
                0x0800284c      0x160 ./build/gimbctrl/Drivers/STM32F4xx_HAL_Driver/Src/stm32f4xx_hal_rcc.o
                0x0800284c                HAL_RCC_ClockConfig
 .text.HAL_RCC_GetHCLKFreq
                0x080029ac        0xc ./build/gimbctrl/Drivers/STM32F4xx_HAL_Driver/Src/stm32f4xx_hal_rcc.o
                0x080029ac                HAL_RCC_GetHCLKFreq
 .text.HAL_RCC_GetPCLK1Freq
                0x080029b8       0x20 ./build/gimbctrl/Drivers/STM32F4xx_HAL_Driver/Src/stm32f4xx_hal_rcc.o
                0x080029b8                HAL_RCC_GetPCLK1Freq
 .text.SPI_WaitFlagStateUntilTimeout
                0x080029d8       0xd0 ./build/gimbctrl/Drivers/STM32F4xx_HAL_Driver/Src/stm32f4xx_hal_spi.o
 .text.SPI_EndRxTxTransaction
                0x08002aa8       0x68 ./build/gimbctrl/Drivers/STM32F4xx_HAL_Driver/Src/stm32f4xx_hal_spi.o
 .text.HAL_SPI_Init
                0x08002b10       0xbe ./build/gimbctrl/Drivers/STM32F4xx_HAL_Driver/Src/stm32f4xx_hal_spi.o
                0x08002b10                HAL_SPI_Init
 .text.HAL_SPI_TransmitReceive
                0x08002bce      0x230 ./build/gimbctrl/Drivers/STM32F4xx_HAL_Driver/Src/stm32f4xx_hal_spi.o
                0x08002bce                HAL_SPI_TransmitReceive
 *fill*         0x08002dfe        0x2 
 .text.TIM_OC1_SetConfig
                0x08002e00       0x68 ./build/gimbctrl/Drivers/STM32F4xx_HAL_Driver/Src/stm32f4xx_hal_tim.o
 .text.TIM_OC3_SetConfig
                0x08002e68       0x70 ./build/gimbctrl/Drivers/STM32F4xx_HAL_Driver/Src/stm32f4xx_hal_tim.o
 .text.TIM_OC4_SetConfig
                0x08002ed8       0x50 ./build/gimbctrl/Drivers/STM32F4xx_HAL_Driver/Src/stm32f4xx_hal_tim.o
 .text.HAL_TIM_PWM_MspInit
                0x08002f28        0x2 ./build/gimbctrl/Drivers/STM32F4xx_HAL_Driver/Src/stm32f4xx_hal_tim.o
                0x08002f28                HAL_TIM_PWM_MspInit
 *fill*         0x08002f2a        0x2 
 .text.TIM_Base_SetConfig
                0x08002f2c       0xc8 ./build/gimbctrl/Drivers/STM32F4xx_HAL_Driver/Src/stm32f4xx_hal_tim.o
                0x08002f2c                TIM_Base_SetConfig
 .text.HAL_TIM_Base_Init
                0x08002ff4       0x58 ./build/gimbctrl/Drivers/STM32F4xx_HAL_Driver/Src/stm32f4xx_hal_tim.o
                0x08002ff4                HAL_TIM_Base_Init
 .text.HAL_TIM_PWM_Init
                0x0800304c       0x58 ./build/gimbctrl/Drivers/STM32F4xx_HAL_Driver/Src/stm32f4xx_hal_tim.o
                0x0800304c                HAL_TIM_PWM_Init
 .text.TIM_OC2_SetConfig
                0x080030a4       0x70 ./build/gimbctrl/Drivers/STM32F4xx_HAL_Driver/Src/stm32f4xx_hal_tim.o
                0x080030a4                TIM_OC2_SetConfig
 .text.HAL_TIM_PWM_ConfigChannel
                0x08003114       0xdc ./build/gimbctrl/Drivers/STM32F4xx_HAL_Driver/Src/stm32f4xx_hal_tim.o
                0x08003114                HAL_TIM_PWM_ConfigChannel
 .text.osKernelInitialize
                0x080031f0       0x24 ./build/gimbctrl/Middlewares/Third_Party/FreeRTOS/Source/CMSIS_RTOS_V2/cmsis_os2.o
                0x080031f0                osKernelInitialize
 .text.osKernelStart
                0x08003214       0x38 ./build/gimbctrl/Middlewares/Third_Party/FreeRTOS/Source/CMSIS_RTOS_V2/cmsis_os2.o
                0x08003214                osKernelStart
 .text.osThreadNew
                0x0800324c       0xbc ./build/gimbctrl/Middlewares/Third_Party/FreeRTOS/Source/CMSIS_RTOS_V2/cmsis_os2.o
                0x0800324c                osThreadNew
 .text.osDelay  0x08003308       0x1c ./build/gimbctrl/Middlewares/Third_Party/FreeRTOS/Source/CMSIS_RTOS_V2/cmsis_os2.o
                0x08003308                osDelay
 .text.osDelayUntil
                0x08003324       0x30 ./build/gimbctrl/Middlewares/Third_Party/FreeRTOS/Source/CMSIS_RTOS_V2/cmsis_os2.o
                0x08003324                osDelayUntil
 .text.vApplicationGetIdleTaskMemory
                0x08003354       0x18 ./build/gimbctrl/Middlewares/Third_Party/FreeRTOS/Source/CMSIS_RTOS_V2/cmsis_os2.o
                0x08003354                vApplicationGetIdleTaskMemory
 .text.vApplicationGetTimerTaskMemory
                0x0800336c       0x18 ./build/gimbctrl/Middlewares/Third_Party/FreeRTOS/Source/CMSIS_RTOS_V2/cmsis_os2.o
                0x0800336c                vApplicationGetTimerTaskMemory
 .text.vListInitialise
                0x08003384       0x16 ./build/gimbctrl/Middlewares/Third_Party/FreeRTOS/Source/list.o
                0x08003384                vListInitialise
 .text.vListInitialiseItem
                0x0800339a        0x6 ./build/gimbctrl/Middlewares/Third_Party/FreeRTOS/Source/list.o
                0x0800339a                vListInitialiseItem
 .text.vListInsertEnd
                0x080033a0       0x16 ./build/gimbctrl/Middlewares/Third_Party/FreeRTOS/Source/list.o
                0x080033a0                vListInsertEnd
 .text.vListInsert
                0x080033b6       0x34 ./build/gimbctrl/Middlewares/Third_Party/FreeRTOS/Source/list.o
                0x080033b6                vListInsert
 .text.uxListRemove
                0x080033ea       0x26 ./build/gimbctrl/Middlewares/Third_Party/FreeRTOS/Source/list.o
                0x080033ea                uxListRemove
 .text.prvTaskExitError
                0x08003410       0x40 ./build/gimbctrl/Middlewares/Third_Party/FreeRTOS/Source/portable/GCC/ARM_CM4F/port.o
 .text.prvPortStartFirstTask
                0x08003450       0x28 ./build/gimbctrl/Middlewares/Third_Party/FreeRTOS/Source/portable/GCC/ARM_CM4F/port.o
 .text.vPortEnableVFP
                0x08003478       0x14 ./build/gimbctrl/Middlewares/Third_Party/FreeRTOS/Source/portable/GCC/ARM_CM4F/port.o
 .text.pxPortInitialiseStack
                0x0800348c       0x2c ./build/gimbctrl/Middlewares/Third_Party/FreeRTOS/Source/portable/GCC/ARM_CM4F/port.o
                0x0800348c                pxPortInitialiseStack
 *fill*         0x080034b8        0x8 
 .text.SVC_Handler
                0x080034c0       0x24 ./build/gimbctrl/Middlewares/Third_Party/FreeRTOS/Source/portable/GCC/ARM_CM4F/port.o
                0x080034c0                SVC_Handler
 .text.vPortEnterCritical
                0x080034e4       0x44 ./build/gimbctrl/Middlewares/Third_Party/FreeRTOS/Source/portable/GCC/ARM_CM4F/port.o
                0x080034e4                vPortEnterCritical
 .text.vPortExitCritical
                0x08003528       0x2c ./build/gimbctrl/Middlewares/Third_Party/FreeRTOS/Source/portable/GCC/ARM_CM4F/port.o
                0x08003528                vPortExitCritical
 *fill*         0x08003554        0xc 
 .text.PendSV_Handler
                0x08003560       0x64 ./build/gimbctrl/Middlewares/Third_Party/FreeRTOS/Source/portable/GCC/ARM_CM4F/port.o
                0x08003560                PendSV_Handler
 .text.xPortSysTickHandler
                0x080035c4       0x2c ./build/gimbctrl/Middlewares/Third_Party/FreeRTOS/Source/portable/GCC/ARM_CM4F/port.o
                0x080035c4                xPortSysTickHandler
 .text.vPortSetupTimerInterrupt
                0x080035f0       0x38 ./build/gimbctrl/Middlewares/Third_Party/FreeRTOS/Source/portable/GCC/ARM_CM4F/port.o
                0x080035f0                vPortSetupTimerInterrupt
 .text.xPortStartScheduler
                0x08003628      0x110 ./build/gimbctrl/Middlewares/Third_Party/FreeRTOS/Source/portable/GCC/ARM_CM4F/port.o
                0x08003628                xPortStartScheduler
 .text.vPortValidateInterruptPriority
                0x08003738       0x5c ./build/gimbctrl/Middlewares/Third_Party/FreeRTOS/Source/portable/GCC/ARM_CM4F/port.o
                0x08003738                vPortValidateInterruptPriority
 .text.prvHeapInit
                0x08003794       0x64 ./build/gimbctrl/Middlewares/Third_Party/FreeRTOS/Source/portable/MemMang/heap_4.o
 .text.prvInsertBlockIntoFreeList
                0x080037f8       0x58 ./build/gimbctrl/Middlewares/Third_Party/FreeRTOS/Source/portable/MemMang/heap_4.o
 .text.pvPortMalloc
                0x08003850      0x114 ./build/gimbctrl/Middlewares/Third_Party/FreeRTOS/Source/portable/MemMang/heap_4.o
                0x08003850                pvPortMalloc
 .text.vPortFree
                0x08003964       0x7c ./build/gimbctrl/Middlewares/Third_Party/FreeRTOS/Source/portable/MemMang/heap_4.o
                0x08003964                vPortFree
 .text.prvIsQueueFull
                0x080039e0       0x1e ./build/gimbctrl/Middlewares/Third_Party/FreeRTOS/Source/queue.o
 .text.prvIsQueueEmpty
                0x080039fe       0x1a ./build/gimbctrl/Middlewares/Third_Party/FreeRTOS/Source/queue.o
 .text.prvCopyDataToQueue
                0x08003a18       0x76 ./build/gimbctrl/Middlewares/Third_Party/FreeRTOS/Source/queue.o
 .text.prvCopyDataFromQueue
                0x08003a8e       0x24 ./build/gimbctrl/Middlewares/Third_Party/FreeRTOS/Source/queue.o
 .text.prvUnlockQueue
                0x08003ab2       0x6e ./build/gimbctrl/Middlewares/Third_Party/FreeRTOS/Source/queue.o
 .text.xQueueGenericReset
                0x08003b20       0x84 ./build/gimbctrl/Middlewares/Third_Party/FreeRTOS/Source/queue.o
                0x08003b20                xQueueGenericReset
 .text.prvInitialiseNewQueue
                0x08003ba4       0x22 ./build/gimbctrl/Middlewares/Third_Party/FreeRTOS/Source/queue.o
 .text.xQueueGenericCreateStatic
                0x08003bc6       0x94 ./build/gimbctrl/Middlewares/Third_Party/FreeRTOS/Source/queue.o
                0x08003bc6                xQueueGenericCreateStatic
 *fill*         0x08003c5a        0x2 
 .text.xQueueGenericSend
                0x08003c5c      0x180 ./build/gimbctrl/Middlewares/Third_Party/FreeRTOS/Source/queue.o
                0x08003c5c                xQueueGenericSend
 .text.xQueueGenericSendFromISR
                0x08003ddc       0xd0 ./build/gimbctrl/Middlewares/Third_Party/FreeRTOS/Source/queue.o
                0x08003ddc                xQueueGenericSendFromISR
 .text.xQueueReceive
                0x08003eac      0x15c ./build/gimbctrl/Middlewares/Third_Party/FreeRTOS/Source/queue.o
                0x08003eac                xQueueReceive
 .text.vQueueAddToRegistry
                0x08004008       0x28 ./build/gimbctrl/Middlewares/Third_Party/FreeRTOS/Source/queue.o
                0x08004008                vQueueAddToRegistry
 .text.vQueueWaitForMessageRestricted
                0x08004030       0x52 ./build/gimbctrl/Middlewares/Third_Party/FreeRTOS/Source/queue.o
                0x08004030                vQueueWaitForMessageRestricted
 .text.prvSearchForNameWithinSingleList
                0x08004082       0x62 ./build/gimbctrl/Middlewares/Third_Party/FreeRTOS/Source/tasks.o
 .text.prvResetNextTaskUnblockTime
                0x080040e4       0x2c ./build/gimbctrl/Middlewares/Third_Party/FreeRTOS/Source/tasks.o
 .text.prvInitialiseNewTask
                0x08004110       0x9c ./build/gimbctrl/Middlewares/Third_Party/FreeRTOS/Source/tasks.o
 .text.prvInitialiseTaskLists
                0x080041ac       0x68 ./build/gimbctrl/Middlewares/Third_Party/FreeRTOS/Source/tasks.o
 .text.prvAddNewTaskToReadyList
                0x08004214       0xac ./build/gimbctrl/Middlewares/Third_Party/FreeRTOS/Source/tasks.o
 .text.prvDeleteTCB
                0x080042c0       0x38 ./build/gimbctrl/Middlewares/Third_Party/FreeRTOS/Source/tasks.o
 .text.prvCheckTasksWaitingTermination
                0x080042f8       0x4c ./build/gimbctrl/Middlewares/Third_Party/FreeRTOS/Source/tasks.o
 .text.prvIdleTask
                0x08004344       0x28 ./build/gimbctrl/Middlewares/Third_Party/FreeRTOS/Source/tasks.o
 .text.prvAddCurrentTaskToDelayedList
                0x0800436c       0x84 ./build/gimbctrl/Middlewares/Third_Party/FreeRTOS/Source/tasks.o
 .text.xTaskCreateStatic
                0x080043f0       0x74 ./build/gimbctrl/Middlewares/Third_Party/FreeRTOS/Source/tasks.o
                0x080043f0                xTaskCreateStatic
 .text.xTaskCreate
                0x08004464       0x66 ./build/gimbctrl/Middlewares/Third_Party/FreeRTOS/Source/tasks.o
                0x08004464                xTaskCreate
 *fill*         0x080044ca        0x2 
 .text.vTaskStartScheduler
                0x080044cc       0x94 ./build/gimbctrl/Middlewares/Third_Party/FreeRTOS/Source/tasks.o
                0x080044cc                vTaskStartScheduler
 .text.vTaskSuspendAll
                0x08004560       0x10 ./build/gimbctrl/Middlewares/Third_Party/FreeRTOS/Source/tasks.o
                0x08004560                vTaskSuspendAll
 .text.xTaskGetTickCount
                0x08004570        0xc ./build/gimbctrl/Middlewares/Third_Party/FreeRTOS/Source/tasks.o
                0x08004570                xTaskGetTickCount
 .text.pcTaskGetName
                0x0800457c       0x28 ./build/gimbctrl/Middlewares/Third_Party/FreeRTOS/Source/tasks.o
                0x0800457c                pcTaskGetName
 .text.xTaskIncrementTick
                0x080045a4      0x11c ./build/gimbctrl/Middlewares/Third_Party/FreeRTOS/Source/tasks.o
                0x080045a4                xTaskIncrementTick
 .text.xTaskResumeAll
                0x080046c0       0xf8 ./build/gimbctrl/Middlewares/Third_Party/FreeRTOS/Source/tasks.o
                0x080046c0                xTaskResumeAll
 .text.vTaskDelayUntil
                0x080047b8       0xa4 ./build/gimbctrl/Middlewares/Third_Party/FreeRTOS/Source/tasks.o
                0x080047b8                vTaskDelayUntil
 .text.vTaskDelay
                0x0800485c       0x4c ./build/gimbctrl/Middlewares/Third_Party/FreeRTOS/Source/tasks.o
                0x0800485c                vTaskDelay
 .text.xTaskGetHandle
                0x080048a8       0x98 ./build/gimbctrl/Middlewares/Third_Party/FreeRTOS/Source/tasks.o
                0x080048a8                xTaskGetHandle
 .text.vTaskSwitchContext
                0x08004940       0x9c ./build/gimbctrl/Middlewares/Third_Party/FreeRTOS/Source/tasks.o
                0x08004940                vTaskSwitchContext
 .text.vTaskPlaceOnEventList
                0x080049dc       0x30 ./build/gimbctrl/Middlewares/Third_Party/FreeRTOS/Source/tasks.o
                0x080049dc                vTaskPlaceOnEventList
 .text.vTaskPlaceOnEventListRestricted
                0x08004a0c       0x38 ./build/gimbctrl/Middlewares/Third_Party/FreeRTOS/Source/tasks.o
                0x08004a0c                vTaskPlaceOnEventListRestricted
 .text.xTaskRemoveFromEventList
                0x08004a44       0x8c ./build/gimbctrl/Middlewares/Third_Party/FreeRTOS/Source/tasks.o
                0x08004a44                xTaskRemoveFromEventList
 .text.vTaskInternalSetTimeOutState
                0x08004ad0       0x18 ./build/gimbctrl/Middlewares/Third_Party/FreeRTOS/Source/tasks.o
                0x08004ad0                vTaskInternalSetTimeOutState
 .text.xTaskCheckForTimeOut
                0x08004ae8       0xa0 ./build/gimbctrl/Middlewares/Third_Party/FreeRTOS/Source/tasks.o
                0x08004ae8                xTaskCheckForTimeOut
 .text.vTaskMissedYield
                0x08004b88        0xc ./build/gimbctrl/Middlewares/Third_Party/FreeRTOS/Source/tasks.o
                0x08004b88                vTaskMissedYield
 .text.xTaskGetSchedulerState
                0x08004b94       0x20 ./build/gimbctrl/Middlewares/Third_Party/FreeRTOS/Source/tasks.o
                0x08004b94                xTaskGetSchedulerState
 .text.xTaskPriorityDisinherit
                0x08004bb4       0x90 ./build/gimbctrl/Middlewares/Third_Party/FreeRTOS/Source/tasks.o
                0x08004bb4                xTaskPriorityDisinherit
 .text.ulTaskNotifyTake
                0x08004c44       0x78 ./build/gimbctrl/Middlewares/Third_Party/FreeRTOS/Source/tasks.o
                0x08004c44                ulTaskNotifyTake
 .text.vTaskNotifyGiveFromISR
                0x08004cbc       0xd0 ./build/gimbctrl/Middlewares/Third_Party/FreeRTOS/Source/tasks.o
                0x08004cbc                vTaskNotifyGiveFromISR
 .text.prvGetNextExpireTime
                0x08004d8c       0x20 ./build/gimbctrl/Middlewares/Third_Party/FreeRTOS/Source/timers.o
 .text.prvInsertTimerInActiveList
                0x08004dac       0x48 ./build/gimbctrl/Middlewares/Third_Party/FreeRTOS/Source/timers.o
 .text.prvCheckForValidListAndQueue
                0x08004df4       0x70 ./build/gimbctrl/Middlewares/Third_Party/FreeRTOS/Source/timers.o
 .text.xTimerCreateTimerTask
                0x08004e64       0x64 ./build/gimbctrl/Middlewares/Third_Party/FreeRTOS/Source/timers.o
                0x08004e64                xTimerCreateTimerTask
 .text.xTimerGenericCommand
                0x08004ec8       0x6c ./build/gimbctrl/Middlewares/Third_Party/FreeRTOS/Source/timers.o
                0x08004ec8                xTimerGenericCommand
 .text.prvSwitchTimerLists
                0x08004f34       0x7c ./build/gimbctrl/Middlewares/Third_Party/FreeRTOS/Source/timers.o
 .text.prvSampleTimeNow
                0x08004fb0       0x2c ./build/gimbctrl/Middlewares/Third_Party/FreeRTOS/Source/timers.o
 .text.prvProcessExpiredTimer
                0x08004fdc       0x6c ./build/gimbctrl/Middlewares/Third_Party/FreeRTOS/Source/timers.o
 .text.prvProcessTimerOrBlockTask
                0x08005048       0x74 ./build/gimbctrl/Middlewares/Third_Party/FreeRTOS/Source/timers.o
 .text.prvProcessReceivedCommands
                0x080050bc      0x110 ./build/gimbctrl/Middlewares/Third_Party/FreeRTOS/Source/timers.o
 .text.prvTimerTask
                0x080051cc       0x16 ./build/gimbctrl/Middlewares/Third_Party/FreeRTOS/Source/timers.o
 *fill*         0x080051e2        0x2 
 .text.MX_CAN1_Init
                0x080051e4       0x40 ./build/gimbctrl/Src/can.o
                0x080051e4                MX_CAN1_Init
 .text.MX_CAN2_Init
                0x08005224       0x38 ./build/gimbctrl/Src/can.o
                0x08005224                MX_CAN2_Init
 .text.HAL_CAN_MspInit
                0x0800525c      0x120 ./build/gimbctrl/Src/can.o
                0x0800525c                HAL_CAN_MspInit
 .text.MX_DMA_Init
                0x0800537c       0x44 ./build/gimbctrl/Src/dma.o
                0x0800537c                MX_DMA_Init
 .text.MX_FREERTOS_Init
                0x080053c0       0x88 ./build/gimbctrl/Src/freertos.o
                0x080053c0                MX_FREERTOS_Init
 .text.MX_GPIO_Init
                0x08005448      0x184 ./build/gimbctrl/Src/gpio.o
                0x08005448                MX_GPIO_Init
 .text.MX_I2C3_Init
                0x080055cc       0x3c ./build/gimbctrl/Src/i2c.o
                0x080055cc                MX_I2C3_Init
 .text.HAL_I2C_MspInit
                0x08005608       0xb4 ./build/gimbctrl/Src/i2c.o
                0x08005608                HAL_I2C_MspInit
 .text.Error_Handler
                0x080056bc        0x4 ./build/gimbctrl/Src/main.o
                0x080056bc                Error_Handler
 .text.SystemClock_Config
                0x080056c0       0xa8 ./build/gimbctrl/Src/main.o
                0x080056c0                SystemClock_Config
 .text.main     0x08005768       0x38 ./build/gimbctrl/Src/main.o
                0x08005768                main
 .text.MX_SPI1_Init
                0x080057a0       0x44 ./build/gimbctrl/Src/spi.o
                0x080057a0                MX_SPI1_Init
 .text.HAL_SPI_MspInit
                0x080057e4      0x130 ./build/gimbctrl/Src/spi.o
                0x080057e4                HAL_SPI_MspInit
 .text.HAL_MspInit
                0x08005914       0x44 ./build/gimbctrl/Src/stm32f4xx_hal_msp.o
                0x08005914                HAL_MspInit
 .text.NMI_Handler
                0x08005958        0x2 ./build/gimbctrl/Src/stm32f4xx_it.o
                0x08005958                NMI_Handler
 .text.HardFault_Handler
                0x0800595a        0x2 ./build/gimbctrl/Src/stm32f4xx_it.o
                0x0800595a                HardFault_Handler
 .text.MemManage_Handler
                0x0800595c        0x2 ./build/gimbctrl/Src/stm32f4xx_it.o
                0x0800595c                MemManage_Handler
 .text.BusFault_Handler
                0x0800595e        0x2 ./build/gimbctrl/Src/stm32f4xx_it.o
                0x0800595e                BusFault_Handler
 .text.UsageFault_Handler
                0x08005960        0x2 ./build/gimbctrl/Src/stm32f4xx_it.o
                0x08005960                UsageFault_Handler
 .text.DebugMon_Handler
                0x08005962        0x2 ./build/gimbctrl/Src/stm32f4xx_it.o
                0x08005962                DebugMon_Handler
 .text.SysTick_Handler
                0x08005964       0x16 ./build/gimbctrl/Src/stm32f4xx_it.o
                0x08005964                SysTick_Handler
 .text.EXTI0_IRQHandler
                0x0800597a        0xa ./build/gimbctrl/Src/stm32f4xx_it.o
                0x0800597a                EXTI0_IRQHandler
 .text.EXTI3_IRQHandler
                0x08005984        0xa ./build/gimbctrl/Src/stm32f4xx_it.o
                0x08005984                EXTI3_IRQHandler
 .text.EXTI4_IRQHandler
                0x0800598e        0xa ./build/gimbctrl/Src/stm32f4xx_it.o
                0x0800598e                EXTI4_IRQHandler
 .text.CAN1_RX0_IRQHandler
                0x08005998       0x10 ./build/gimbctrl/Src/stm32f4xx_it.o
                0x08005998                CAN1_RX0_IRQHandler
 .text.EXTI9_5_IRQHandler
                0x080059a8        0xa ./build/gimbctrl/Src/stm32f4xx_it.o
                0x080059a8                EXTI9_5_IRQHandler
 *fill*         0x080059b2        0x2 
 .text.CAN2_RX0_IRQHandler
                0x080059b4       0x10 ./build/gimbctrl/Src/stm32f4xx_it.o
                0x080059b4                CAN2_RX0_IRQHandler
 .text.SystemInit
                0x080059c4       0x14 ./build/gimbctrl/Src/system_stm32f4xx.o
                0x080059c4                SystemInit
 .text.HAL_TIM_Base_MspInit
                0x080059d8       0x30 ./build/gimbctrl/Src/tim.o
                0x080059d8                HAL_TIM_Base_MspInit
 .text.HAL_TIM_MspPostInit
                0x08005a08       0x58 ./build/gimbctrl/Src/tim.o
                0x08005a08                HAL_TIM_MspPostInit
 .text.MX_TIM10_Init
                0x08005a60       0x74 ./build/gimbctrl/Src/tim.o
                0x08005a60                MX_TIM10_Init
 .text.delay_init
                0x08005ad4       0x34 ./build/gimbctrl/src/bsps/bsp_delay.o
                0x08005ad4                delay_init
 .text.delay_us
                0x08005b08       0x3c ./build/gimbctrl/src/bsps/bsp_delay.o
                0x08005b08                delay_us
 .text.imu_pwm_set
                0x08005b44        0xc ./build/gimbctrl/src/bsps/bsp_imu_pwm.o
                0x08005b44                imu_pwm_set
 .text.SPI1_DMA_init
                0x08005b50      0x11c ./build/gimbctrl/src/bsps/bsp_spi.o
                0x08005b50                SPI1_DMA_init
 .text.SPI1_DMA_enable
                0x08005c6c     0x1d78 ./build/gimbctrl/src/bsps/bsp_spi.o
                0x08005c6c                SPI1_DMA_enable
 .text.CAN_send
                0x080079e4       0x68 ./build/gimbctrl/src/bsps/can_bsp.o
                0x080079e4                CAN_send
 .text.BMI088_GPIO_init
                0x08007a4c        0x2 ./build/gimbctrl/src/devices/BMI088Middleware.o
                0x08007a4c                BMI088_GPIO_init
 .text.BMI088_com_init
                0x08007a4e        0x2 ./build/gimbctrl/src/devices/BMI088Middleware.o
                0x08007a4e                BMI088_com_init
 .text.BMI088_delay_ms
                0x08007a50        0x8 ./build/gimbctrl/src/devices/BMI088Middleware.o
                0x08007a50                BMI088_delay_ms
 .text.BMI088_delay_us
                0x08007a58        0x8 ./build/gimbctrl/src/devices/BMI088Middleware.o
                0x08007a58                BMI088_delay_us
 .text.BMI088_ACCEL_NS_L
                0x08007a60       0x14 ./build/gimbctrl/src/devices/BMI088Middleware.o
                0x08007a60                BMI088_ACCEL_NS_L
 .text.BMI088_ACCEL_NS_H
                0x08007a74       0x14 ./build/gimbctrl/src/devices/BMI088Middleware.o
                0x08007a74                BMI088_ACCEL_NS_H
 .text.BMI088_GYRO_NS_L
                0x08007a88       0x14 ./build/gimbctrl/src/devices/BMI088Middleware.o
                0x08007a88                BMI088_GYRO_NS_L
 .text.BMI088_GYRO_NS_H
                0x08007a9c       0x14 ./build/gimbctrl/src/devices/BMI088Middleware.o
                0x08007a9c                BMI088_GYRO_NS_H
 .text.BMI088_read_write_byte
                0x08007ab0       0x2c ./build/gimbctrl/src/devices/BMI088Middleware.o
                0x08007ab0                BMI088_read_write_byte
 .text.BMI088_write_single_reg
                0x08007adc       0x10 ./build/gimbctrl/src/devices/BMI088driver.o
 .text.BMI088_read_single_reg
                0x08007aec       0x16 ./build/gimbctrl/src/devices/BMI088driver.o
 .text.BMI088_read_muli_reg
                0x08007b02       0x22 ./build/gimbctrl/src/devices/BMI088driver.o
 .text.bmi088_accel_init
                0x08007b24      0x134 ./build/gimbctrl/src/devices/BMI088driver.o
                0x08007b24                bmi088_accel_init
 .text.bmi088_gyro_init
                0x08007c58       0xf0 ./build/gimbctrl/src/devices/BMI088driver.o
                0x08007c58                bmi088_gyro_init
 .text.bmi088_accel_self_test
                0x08007d48      0x2fc ./build/gimbctrl/src/devices/BMI088driver.o
                0x08007d48                bmi088_accel_self_test
 .text.bmi088_gyro_self_test
                0x08008044       0xd6 ./build/gimbctrl/src/devices/BMI088driver.o
                0x08008044                bmi088_gyro_self_test
 .text.BMI088_init
                0x0800811a       0x32 ./build/gimbctrl/src/devices/BMI088driver.o
                0x0800811a                BMI088_init
 .text.BMI088_temperature_read_over
                0x0800814c       0x32 ./build/gimbctrl/src/devices/BMI088driver.o
                0x0800814c                BMI088_temperature_read_over
 *fill*         0x0800817e        0x2 
 .text.BMI088_accel_read_over
                0x08008180       0x88 ./build/gimbctrl/src/devices/BMI088driver.o
                0x08008180                BMI088_accel_read_over
 .text.BMI088_gyro_read_over
                0x08008208       0x64 ./build/gimbctrl/src/devices/BMI088driver.o
                0x08008208                BMI088_gyro_read_over
 .text.BMI088_read
                0x0800826c      0x164 ./build/gimbctrl/src/devices/BMI088driver.o
                0x0800826c                BMI088_read
 .text.HAL_CAN_RxFifo0MsgPendingCallback
                0x080083d0       0x40 ./build/gimbctrl/src/devices/canbus.o
                0x080083d0                HAL_CAN_RxFifo0MsgPendingCallback
 .text.ist8310_init
                0x08008410       0x80 ./build/gimbctrl/src/devices/ist8310driver.o
                0x08008410                ist8310_init
 .text.ist8310_read_mag
                0x08008490       0x78 ./build/gimbctrl/src/devices/ist8310driver.o
                0x08008490                ist8310_read_mag
 .text.ist8310_GPIO_init
                0x08008508        0x2 ./build/gimbctrl/src/devices/ist8310driver_middleware.o
                0x08008508                ist8310_GPIO_init
 .text.ist8310_com_init
                0x0800850a        0x2 ./build/gimbctrl/src/devices/ist8310driver_middleware.o
                0x0800850a                ist8310_com_init
 .text.ist8310_IIC_read_single_reg
                0x0800850c       0x2c ./build/gimbctrl/src/devices/ist8310driver_middleware.o
                0x0800850c                ist8310_IIC_read_single_reg
 .text.ist8310_IIC_write_single_reg
                0x08008538       0x2c ./build/gimbctrl/src/devices/ist8310driver_middleware.o
                0x08008538                ist8310_IIC_write_single_reg
 .text.ist8310_IIC_read_muli_reg
                0x08008564       0x24 ./build/gimbctrl/src/devices/ist8310driver_middleware.o
                0x08008564                ist8310_IIC_read_muli_reg
 .text.ist8310_delay_ms
                0x08008588        0x8 ./build/gimbctrl/src/devices/ist8310driver_middleware.o
                0x08008588                ist8310_delay_ms
 .text.ist8310_RST_H
                0x08008590       0x14 ./build/gimbctrl/src/devices/ist8310driver_middleware.o
                0x08008590                ist8310_RST_H
 .text.ist8310_RST_L
                0x080085a4       0x14 ./build/gimbctrl/src/devices/ist8310driver_middleware.o
                0x080085a4                ist8310_RST_L
 .text.invSqrt  0x080085b8       0x30 ./build/gimbctrl/src/libs/MahonyAHRS.o
                0x080085b8                invSqrt
 .text.MahonyAHRSupdateIMU
                0x080085e8      0x258 ./build/gimbctrl/src/libs/MahonyAHRS.o
                0x080085e8                MahonyAHRSupdateIMU
 .text.MahonyAHRSupdate
                0x08008840      0x3d4 ./build/gimbctrl/src/libs/MahonyAHRS.o
                0x08008840                MahonyAHRSupdate
 .text.calc_mot_aspid
                0x08008c14       0x48 ./build/gimbctrl/src/libs/motlib.o
                0x08008c14                calc_mot_aspid
 .text.PID_calc
                0x08008c5c       0xf6 ./build/gimbctrl/src/libs/pid.o
                0x08008c5c                PID_calc
 *fill*         0x08008d52        0x2 
 .text.PID_angle_calc
                0x08008d54      0x130 ./build/gimbctrl/src/libs/pid.o
                0x08008d54                PID_angle_calc
 .text.imu_cali_slove
                0x08008e84      0x100 ./build/gimbctrl/src/tasks/INS_task.o
 .text.imu_temp_control
                0x08008f84       0x84 ./build/gimbctrl/src/tasks/INS_task.o
 .text.imu_cmd_spi_dma
                0x08009008      0x180 ./build/gimbctrl/src/tasks/INS_task.o
 .text.instemp_PID_init
                0x08009188       0x28 ./build/gimbctrl/src/tasks/INS_task.o
                0x08009188                instemp_PID_init
 .text.AHRS_init
                0x080091b0       0x10 ./build/gimbctrl/src/tasks/INS_task.o
                0x080091b0                AHRS_init
 .text.AHRS_update
                0x080091c0       0x2c ./build/gimbctrl/src/tasks/INS_task.o
                0x080091c0                AHRS_update
 .text.get_angle
                0x080091ec       0xbc ./build/gimbctrl/src/tasks/INS_task.o
                0x080091ec                get_angle
 .text.INS_task
                0x080092a8      0x268 ./build/gimbctrl/src/tasks/INS_task.o
                0x080092a8                INS_task
 .text.HAL_GPIO_EXTI_Callback
                0x08009510       0xd0 ./build/gimbctrl/src/tasks/INS_task.o
                0x08009510                HAL_GPIO_EXTI_Callback
 .text.DMA2_Stream2_IRQHandler
                0x080095e0      0x6b0 ./build/gimbctrl/src/tasks/INS_task.o
                0x080095e0                DMA2_Stream2_IRQHandler
 .text.canrx2comuinfo_comd
                0x08009c90       0x16 ./build/gimbctrl/src/tasks/comutask.o
                0x08009c90                canrx2comuinfo_comd
 *fill*         0x08009ca6        0x2 
 .text.pack_mes2chas_imu
                0x08009ca8       0x40 ./build/gimbctrl/src/tasks/comutask.o
                0x08009ca8                pack_mes2chas_imu
 .text.pack_mes2chas_cv
                0x08009ce8       0x24 ./build/gimbctrl/src/tasks/comutask.o
                0x08009ce8                pack_mes2chas_cv
 .text.comutask
                0x08009d0c       0x78 ./build/gimbctrl/src/tasks/comutask.o
                0x08009d0c                comutask
 .text.devmoni  0x08009d84       0x30 ./build/gimbctrl/src/tasks/devmoni.o
                0x08009d84                devmoni
 .text.get_comuinfo_imu
                0x08009db4       0x64 ./build/gimbctrl/src/tasks/infoupdate.o
                0x08009db4                get_comuinfo_imu
 .text.infoupdate
                0x08009e18       0x14 ./build/gimbctrl/src/tasks/infoupdate.o
                0x08009e18                infoupdate
 .text.get_trigangle_comd
                0x08009e2c       0x54 ./build/gimbctrl/src/tasks/shoottask.o
                0x08009e2c                get_trigangle_comd
 .text.get_fricspeed_comd
                0x08009e80       0x24 ./build/gimbctrl/src/tasks/shoottask.o
                0x08009e80                get_fricspeed_comd
 .text.calc_shootmot_pid
                0x08009ea4       0x58 ./build/gimbctrl/src/tasks/shoottask.o
                0x08009ea4                calc_shootmot_pid
 .text.pack_shootmot_ctrlmes
                0x08009efc       0x44 ./build/gimbctrl/src/tasks/shoottask.o
                0x08009efc                pack_shootmot_ctrlmes
 .text.shoottask
                0x08009f40       0xf0 ./build/gimbctrl/src/tasks/shoottask.o
                0x08009f40                shoottask
 .text.Reset_Handler
                0x0800a030       0x50 ./build/gimbctrl/startup_stm32f407xx.o
                0x0800a030                Reset_Handler
 .text.Default_Handler
                0x0800a080        0x2 ./build/gimbctrl/startup_stm32f407xx.o
                0x0800a080                RTC_Alarm_IRQHandler
                0x0800a080                HASH_RNG_IRQHandler
                0x0800a080                EXTI2_IRQHandler
                0x0800a080                TIM8_CC_IRQHandler
                0x0800a080                TIM1_CC_IRQHandler
                0x0800a080                DMA2_Stream5_IRQHandler
                0x0800a080                DMA1_Stream5_IRQHandler
                0x0800a080                PVD_IRQHandler
                0x0800a080                SDIO_IRQHandler
                0x0800a080                TAMP_STAMP_IRQHandler
                0x0800a080                CAN2_RX1_IRQHandler
                0x0800a080                TIM8_TRG_COM_TIM14_IRQHandler
                0x0800a080                TIM1_UP_TIM10_IRQHandler
                0x0800a080                TIM8_UP_TIM13_IRQHandler
                0x0800a080                I2C3_ER_IRQHandler
                0x0800a080                I2C2_EV_IRQHandler
                0x0800a080                DMA1_Stream2_IRQHandler
                0x0800a080                FPU_IRQHandler
                0x0800a080                OTG_HS_WKUP_IRQHandler
                0x0800a080                CAN2_SCE_IRQHandler
                0x0800a080                SPI1_IRQHandler
                0x0800a080                TIM6_DAC_IRQHandler
                0x0800a080                TIM1_BRK_TIM9_IRQHandler
                0x0800a080                DCMI_IRQHandler
                0x0800a080                DMA2_Stream3_IRQHandler
                0x0800a080                USART6_IRQHandler
                0x0800a080                USART3_IRQHandler
                0x0800a080                CAN1_RX1_IRQHandler
                0x0800a080                UART5_IRQHandler
                0x0800a080                DMA2_Stream0_IRQHandler
                0x0800a080                TIM4_IRQHandler
                0x0800a080                I2C1_EV_IRQHandler
                0x0800a080                DMA1_Stream6_IRQHandler
                0x0800a080                DMA1_Stream1_IRQHandler
                0x0800a080                UART4_IRQHandler
                0x0800a080                TIM3_IRQHandler
                0x0800a080                RCC_IRQHandler
                0x0800a080                TIM8_BRK_TIM12_IRQHandler
                0x0800a080                Default_Handler
                0x0800a080                EXTI15_10_IRQHandler
                0x0800a080                ADC_IRQHandler
                0x0800a080                DMA1_Stream7_IRQHandler
                0x0800a080                TIM7_IRQHandler
                0x0800a080                CAN2_TX_IRQHandler
                0x0800a080                TIM5_IRQHandler
                0x0800a080                DMA2_Stream7_IRQHandler
                0x0800a080                I2C3_EV_IRQHandler
                0x0800a080                RTC_WKUP_IRQHandler
                0x0800a080                ETH_WKUP_IRQHandler
                0x0800a080                SPI2_IRQHandler
                0x0800a080                OTG_HS_EP1_IN_IRQHandler
                0x0800a080                DMA1_Stream0_IRQHandler
                0x0800a080                CAN1_TX_IRQHandler
                0x0800a080                FSMC_IRQHandler
                0x0800a080                ETH_IRQHandler
                0x0800a080                OTG_HS_EP1_OUT_IRQHandler
                0x0800a080                WWDG_IRQHandler
                0x0800a080                TIM2_IRQHandler
                0x0800a080                OTG_FS_WKUP_IRQHandler
                0x0800a080                TIM1_TRG_COM_TIM11_IRQHandler
                0x0800a080                OTG_HS_IRQHandler
                0x0800a080                EXTI1_IRQHandler
                0x0800a080                USART2_IRQHandler
                0x0800a080                I2C2_ER_IRQHandler
                0x0800a080                DMA2_Stream1_IRQHandler
                0x0800a080                CAN1_SCE_IRQHandler
                0x0800a080                FLASH_IRQHandler
                0x0800a080                DMA2_Stream4_IRQHandler
                0x0800a080                USART1_IRQHandler
                0x0800a080                OTG_FS_IRQHandler
                0x0800a080                SPI3_IRQHandler
                0x0800a080                DMA1_Stream4_IRQHandler
                0x0800a080                I2C1_ER_IRQHandler
                0x0800a080                DMA2_Stream6_IRQHandler
                0x0800a080                DMA1_Stream3_IRQHandler
 *fill*         0x0800a082        0x2 
 .text.sqrt     0x0800a084       0x74 c:/users/94736/.eide/tools/gcc_arm/bin/../lib/gcc/arm-none-eabi/8.3.1/../../../../arm-none-eabi/lib/thumb/v7e-m+fp/hard\libm.a(lib_a-w_sqrt.o)
                0x0800a084                sqrt
 .text.asinf    0x0800a0f8       0x64 c:/users/94736/.eide/tools/gcc_arm/bin/../lib/gcc/arm-none-eabi/8.3.1/../../../../arm-none-eabi/lib/thumb/v7e-m+fp/hard\libm.a(lib_a-wf_asin.o)
                0x0800a0f8                asinf
 .text.atan2f   0x0800a15c        0x4 c:/users/94736/.eide/tools/gcc_arm/bin/../lib/gcc/arm-none-eabi/8.3.1/../../../../arm-none-eabi/lib/thumb/v7e-m+fp/hard\libm.a(lib_a-wf_atan2.o)
                0x0800a15c                atan2f
 .text.__ieee754_sqrt
                0x0800a160      0x198 c:/users/94736/.eide/tools/gcc_arm/bin/../lib/gcc/arm-none-eabi/8.3.1/../../../../arm-none-eabi/lib/thumb/v7e-m+fp/hard\libm.a(lib_a-e_sqrt.o)
                0x0800a160                __ieee754_sqrt
 .text.__ieee754_asinf
                0x0800a2f8      0x1f8 c:/users/94736/.eide/tools/gcc_arm/bin/../lib/gcc/arm-none-eabi/8.3.1/../../../../arm-none-eabi/lib/thumb/v7e-m+fp/hard\libm.a(lib_a-ef_asin.o)
                0x0800a2f8                __ieee754_asinf
 .text.__ieee754_atan2f
                0x0800a4f0      0x17c c:/users/94736/.eide/tools/gcc_arm/bin/../lib/gcc/arm-none-eabi/8.3.1/../../../../arm-none-eabi/lib/thumb/v7e-m+fp/hard\libm.a(lib_a-ef_atan2.o)
                0x0800a4f0                __ieee754_atan2f
 .text.__ieee754_sqrtf
                0x0800a66c        0x8 c:/users/94736/.eide/tools/gcc_arm/bin/../lib/gcc/arm-none-eabi/8.3.1/../../../../arm-none-eabi/lib/thumb/v7e-m+fp/hard\libm.a(lib_a-ef_sqrt.o)
                0x0800a66c                __ieee754_sqrtf
 .text.atanf    0x0800a674      0x1a4 c:/users/94736/.eide/tools/gcc_arm/bin/../lib/gcc/arm-none-eabi/8.3.1/../../../../arm-none-eabi/lib/thumb/v7e-m+fp/hard\libm.a(lib_a-sf_atan.o)
                0x0800a674                atanf
 .text.fabsf    0x0800a818       0x10 c:/users/94736/.eide/tools/gcc_arm/bin/../lib/gcc/arm-none-eabi/8.3.1/../../../../arm-none-eabi/lib/thumb/v7e-m+fp/hard\libm.a(lib_a-sf_fabs.o)
                0x0800a818                fabsf
 .text.nanf     0x0800a828        0xc c:/users/94736/.eide/tools/gcc_arm/bin/../lib/gcc/arm-none-eabi/8.3.1/../../../../arm-none-eabi/lib/thumb/v7e-m+fp/hard\libm.a(lib_a-sf_nan.o)
                0x0800a828                nanf
 .text.__errno  0x0800a834        0xc c:/users/94736/.eide/tools/gcc_arm/bin/../lib/gcc/arm-none-eabi/8.3.1/../../../../arm-none-eabi/lib/thumb/v7e-m+fp/hard\libc_nano.a(lib_a-errno.o)
                0x0800a834                __errno
 .text.__libc_init_array
                0x0800a840       0x48 c:/users/94736/.eide/tools/gcc_arm/bin/../lib/gcc/arm-none-eabi/8.3.1/../../../../arm-none-eabi/lib/thumb/v7e-m+fp/hard\libc_nano.a(lib_a-init.o)
                0x0800a840                __libc_init_array
 .text.memcpy   0x0800a888       0x1c c:/users/94736/.eide/tools/gcc_arm/bin/../lib/gcc/arm-none-eabi/8.3.1/../../../../arm-none-eabi/lib/thumb/v7e-m+fp/hard\libc_nano.a(lib_a-memcpy-stub.o)
                0x0800a888                memcpy
 .text.memset   0x0800a8a4       0x10 c:/users/94736/.eide/tools/gcc_arm/bin/../lib/gcc/arm-none-eabi/8.3.1/../../../../arm-none-eabi/lib/thumb/v7e-m+fp/hard\libc_nano.a(lib_a-memset.o)
                0x0800a8a4                memset
 *(.glue_7)
 .glue_7        0x0800a8b4        0x0 linker stubs
 *(.glue_7t)
 .glue_7t       0x0800a8b4        0x0 linker stubs
 *(.eh_frame)
 .eh_frame      0x0800a8b4        0x0 c:/users/94736/.eide/tools/gcc_arm/bin/../lib/gcc/arm-none-eabi/8.3.1/thumb/v7e-m+fp/hard/crtbegin.o
 *(.init)
 .init          0x0800a8b4        0x4 c:/users/94736/.eide/tools/gcc_arm/bin/../lib/gcc/arm-none-eabi/8.3.1/thumb/v7e-m+fp/hard/crti.o
                0x0800a8b4                _init
 .init          0x0800a8b8        0x8 c:/users/94736/.eide/tools/gcc_arm/bin/../lib/gcc/arm-none-eabi/8.3.1/thumb/v7e-m+fp/hard/crtn.o
 *(.fini)
 .fini          0x0800a8c0        0x4 c:/users/94736/.eide/tools/gcc_arm/bin/../lib/gcc/arm-none-eabi/8.3.1/thumb/v7e-m+fp/hard/crti.o
                0x0800a8c0                _fini
 .fini          0x0800a8c4        0x8 c:/users/94736/.eide/tools/gcc_arm/bin/../lib/gcc/arm-none-eabi/8.3.1/thumb/v7e-m+fp/hard/crtn.o
                0x0800a8cc                . = ALIGN (0x4)
                0x0800a8cc                _etext = .

.vfp11_veneer   0x0800a8cc        0x0
 .vfp11_veneer  0x0800a8cc        0x0 linker stubs

.v4_bx          0x0800a8cc        0x0
 .v4_bx         0x0800a8cc        0x0 linker stubs

.iplt           0x0800a8cc        0x0
 .iplt          0x0800a8cc        0x0 c:/users/94736/.eide/tools/gcc_arm/bin/../lib/gcc/arm-none-eabi/8.3.1/thumb/v7e-m+fp/hard/crtbegin.o

.rodata         0x0800a8cc      0x19c
                0x0800a8cc                . = ALIGN (0x4)
 *(.rodata)
 *(.rodata*)
 .rodata.flagBitshiftOffset.8486
                0x0800a8cc        0x8 ./build/gimbctrl/Drivers/STM32F4xx_HAL_Driver/Src/stm32f4xx_hal_dma.o
 .rodata.vTaskStartScheduler.str1.4
                0x0800a8d4        0x5 ./build/gimbctrl/Middlewares/Third_Party/FreeRTOS/Source/tasks.o
 *fill*         0x0800a8d9        0x3 
 .rodata.prvCheckForValidListAndQueue.str1.4
                0x0800a8dc        0x5 ./build/gimbctrl/Middlewares/Third_Party/FreeRTOS/Source/timers.o
 *fill*         0x0800a8e1        0x3 
 .rodata.xTimerCreateTimerTask.str1.4
                0x0800a8e4        0x8 ./build/gimbctrl/Middlewares/Third_Party/FreeRTOS/Source/timers.o
 .rodata.INS_TASK_attributes
                0x0800a8ec       0x24 ./build/gimbctrl/Src/freertos.o
                0x0800a8ec                INS_TASK_attributes
 .rodata.Shoottask_attributes
                0x0800a910       0x24 ./build/gimbctrl/Src/freertos.o
                0x0800a910                Shoottask_attributes
 .rodata.communicatetask_attributes
                0x0800a934       0x24 ./build/gimbctrl/Src/freertos.o
                0x0800a934                communicatetask_attributes
 .rodata.devicemonitor_attributes
                0x0800a958       0x24 ./build/gimbctrl/Src/freertos.o
                0x0800a958                devicemonitor_attributes
 .rodata.infomationupdat_attributes
                0x0800a97c       0x24 ./build/gimbctrl/Src/freertos.o
                0x0800a97c                infomationupdat_attributes
 .rodata.str1.4
                0x0800a9a0       0x45 ./build/gimbctrl/Src/freertos.o
 *fill*         0x0800a9e5        0x3 
 .rodata.AHBPrescTable
                0x0800a9e8       0x10 ./build/gimbctrl/Src/system_stm32f4xx.o
                0x0800a9e8                AHBPrescTable
 .rodata.APBPrescTable
                0x0800a9f8        0x8 ./build/gimbctrl/Src/system_stm32f4xx.o
                0x0800a9f8                APBPrescTable
 .rodata.write_BMI088_ACCEL_self_test_Reg_Data_Error.5503
                0x0800aa00       0x12 ./build/gimbctrl/src/devices/BMI088driver.o
 *fill*         0x0800aa12        0x2 
 .rodata.write_BMI088_accel_reg_data_error
                0x0800aa14       0x12 ./build/gimbctrl/src/devices/BMI088driver.o
 *fill*         0x0800aa26        0x2 
 .rodata.write_BMI088_gyro_reg_data_error
                0x0800aa28       0x12 ./build/gimbctrl/src/devices/BMI088driver.o
 *fill*         0x0800aa3a        0x2 
 .rodata.ist8310_write_reg_data_error
                0x0800aa3c        0xc ./build/gimbctrl/src/devices/ist8310driver.o
 .rodata.asinf.str1.4
                0x0800aa48       0x48 c:/users/94736/.eide/tools/gcc_arm/bin/../lib/gcc/arm-none-eabi/8.3.1/../../../../arm-none-eabi/lib/thumb/v7e-m+fp/hard\libm.a(lib_a-wf_asin.o)
                                  0x1 (size before relaxing)
 .rodata.atanhi
                0x0800aa48       0x10 c:/users/94736/.eide/tools/gcc_arm/bin/../lib/gcc/arm-none-eabi/8.3.1/../../../../arm-none-eabi/lib/thumb/v7e-m+fp/hard\libm.a(lib_a-sf_atan.o)
 .rodata.atanlo
                0x0800aa58       0x10 c:/users/94736/.eide/tools/gcc_arm/bin/../lib/gcc/arm-none-eabi/8.3.1/../../../../arm-none-eabi/lib/thumb/v7e-m+fp/hard\libm.a(lib_a-sf_atan.o)
                0x0800aa90                . = ALIGN (0x4)

.ARM.extab
 *(.ARM.extab* .gnu.linkonce.armextab.*)

.ARM            0x0800aa68        0x8
                0x0800aa68                __exidx_start = .
 *(.ARM.exidx*)
 .ARM.exidx     0x0800aa68        0x8 c:/users/94736/.eide/tools/gcc_arm/bin/../lib/gcc/arm-none-eabi/8.3.1/thumb/v7e-m+fp/hard\libgcc.a(_udivmoddi4.o)
                0x0800aa70                __exidx_end = .

.rel.dyn        0x0800aa70        0x0
 .rel.iplt      0x0800aa70        0x0 c:/users/94736/.eide/tools/gcc_arm/bin/../lib/gcc/arm-none-eabi/8.3.1/thumb/v7e-m+fp/hard/crtbegin.o

.preinit_array  0x0800aa70        0x0
                0x0800aa70                PROVIDE (__preinit_array_start = .)
 *(.preinit_array*)
                0x0800aa70                PROVIDE (__preinit_array_end = .)

.init_array     0x0800aa70        0x4
                0x0800aa70                PROVIDE (__init_array_start = .)
 *(SORT_BY_NAME(.init_array.*))
 *(.init_array*)
 .init_array    0x0800aa70        0x4 c:/users/94736/.eide/tools/gcc_arm/bin/../lib/gcc/arm-none-eabi/8.3.1/thumb/v7e-m+fp/hard/crtbegin.o
                0x0800aa74                PROVIDE (__init_array_end = .)

.fini_array     0x0800aa74        0x4
                [!provide]                PROVIDE (__fini_array_start = .)
 *(SORT_BY_NAME(.fini_array.*))
 *(.fini_array*)
 .fini_array    0x0800aa74        0x4 c:/users/94736/.eide/tools/gcc_arm/bin/../lib/gcc/arm-none-eabi/8.3.1/thumb/v7e-m+fp/hard/crtbegin.o
                [!provide]                PROVIDE (__fini_array_end = .)
                0x0800aa78                _sidata = LOADADDR (.data)

.data           0x20000000      0x108 load address 0x0800aa78
                0x20000000                . = ALIGN (0x4)
                0x20000000                _sdata = .
 *(.data)
 *(.data*)
 .data.uwTickFreq
                0x20000000        0x1 ./build/gimbctrl/Drivers/STM32F4xx_HAL_Driver/Src/stm32f4xx_hal.o
                0x20000000                uwTickFreq
 *fill*         0x20000001        0x3 
 .data.uwTickPrio
                0x20000004        0x4 ./build/gimbctrl/Drivers/STM32F4xx_HAL_Driver/Src/stm32f4xx_hal.o
                0x20000004                uwTickPrio
 .data.uxCriticalNesting
                0x20000008        0x4 ./build/gimbctrl/Middlewares/Third_Party/FreeRTOS/Source/portable/GCC/ARM_CM4F/port.o
 .data.SystemCoreClock
                0x2000000c        0x4 ./build/gimbctrl/Src/system_stm32f4xx.o
                0x2000000c                SystemCoreClock
 .data.BMI088_ACCEL_SEN
                0x20000010        0x4 ./build/gimbctrl/src/devices/BMI088driver.o
                0x20000010                BMI088_ACCEL_SEN
 .data.BMI088_GYRO_SEN
                0x20000014        0x4 ./build/gimbctrl/src/devices/BMI088driver.o
                0x20000014                BMI088_GYRO_SEN
 .data.twoKp    0x20000018        0x4 ./build/gimbctrl/src/libs/MahonyAHRS.o
                0x20000018                twoKp
 .data.accel_dma_tx_buf
                0x2000001c        0x9 ./build/gimbctrl/src/tasks/INS_task.o
                0x2000001c                accel_dma_tx_buf
 *fill*         0x20000025        0x3 
 .data.accel_scale_factor
                0x20000028       0x24 ./build/gimbctrl/src/tasks/INS_task.o
                0x20000028                accel_scale_factor
 .data.accel_temp_dma_tx_buf
                0x2000004c        0x4 ./build/gimbctrl/src/tasks/INS_task.o
                0x2000004c                accel_temp_dma_tx_buf
 .data.gyro_dma_tx_buf
                0x20000050        0x8 ./build/gimbctrl/src/tasks/INS_task.o
                0x20000050                gyro_dma_tx_buf
 .data.gyro_scale_factor
                0x20000058       0x24 ./build/gimbctrl/src/tasks/INS_task.o
                0x20000058                gyro_scale_factor
 .data.mag_scale_factor
                0x2000007c       0x24 ./build/gimbctrl/src/tasks/INS_task.o
                0x2000007c                mag_scale_factor
 .data.__fdlib_version
                0x200000a0        0x1 c:/users/94736/.eide/tools/gcc_arm/bin/../lib/gcc/arm-none-eabi/8.3.1/../../../../arm-none-eabi/lib/thumb/v7e-m+fp/hard\libm.a(lib_a-s_lib_ver.o)
                0x200000a0                __fdlib_version
 *fill*         0x200000a1        0x3 
 .data._impure_ptr
                0x200000a4        0x4 c:/users/94736/.eide/tools/gcc_arm/bin/../lib/gcc/arm-none-eabi/8.3.1/../../../../arm-none-eabi/lib/thumb/v7e-m+fp/hard\libc_nano.a(lib_a-impure.o)
                0x200000a4                _impure_ptr
 .data.impure_data
                0x200000a8       0x60 c:/users/94736/.eide/tools/gcc_arm/bin/../lib/gcc/arm-none-eabi/8.3.1/../../../../arm-none-eabi/lib/thumb/v7e-m+fp/hard\libc_nano.a(lib_a-impure.o)
                0x20000108                . = ALIGN (0x4)
                0x20000108                _edata = .
                0x0800ab80                _siccmram = LOADADDR (.ccmram)

.igot.plt       0x20000108        0x0 load address 0x0800ab80
 .igot.plt      0x20000108        0x0 c:/users/94736/.eide/tools/gcc_arm/bin/../lib/gcc/arm-none-eabi/8.3.1/thumb/v7e-m+fp/hard/crtbegin.o

.ccmram         0x10000000        0x0 load address 0x0800ab80
                0x10000000                . = ALIGN (0x4)
                0x10000000                _sccmram = .
 *(.ccmram)
 *(.ccmram*)
                0x10000000                . = ALIGN (0x4)
                0x10000000                _eccmram = .
                0x10000000                . = ALIGN (0x4)

.bss            0x20000108     0x4f50
                0x20000108                _sbss = .
                0x20000108                __bss_start__ = _sbss
 *(.bss)
 .bss           0x20000108       0x1c c:/users/94736/.eide/tools/gcc_arm/bin/../lib/gcc/arm-none-eabi/8.3.1/thumb/v7e-m+fp/hard/crtbegin.o
 *(.bss*)
 .bss.Idle_Stack.10153
                0x20000124      0x200 ./build/gimbctrl/Middlewares/Third_Party/FreeRTOS/Source/CMSIS_RTOS_V2/cmsis_os2.o
 .bss.Idle_TCB.10152
                0x20000324       0x5c ./build/gimbctrl/Middlewares/Third_Party/FreeRTOS/Source/CMSIS_RTOS_V2/cmsis_os2.o
 .bss.KernelState
                0x20000380        0x4 ./build/gimbctrl/Middlewares/Third_Party/FreeRTOS/Source/CMSIS_RTOS_V2/cmsis_os2.o
 .bss.Timer_Stack.10160
                0x20000384      0x400 ./build/gimbctrl/Middlewares/Third_Party/FreeRTOS/Source/CMSIS_RTOS_V2/cmsis_os2.o
 .bss.Timer_TCB.10159
                0x20000784       0x5c ./build/gimbctrl/Middlewares/Third_Party/FreeRTOS/Source/CMSIS_RTOS_V2/cmsis_os2.o
 .bss.ucMaxSysCallPriority
                0x200007e0        0x1 ./build/gimbctrl/Middlewares/Third_Party/FreeRTOS/Source/portable/GCC/ARM_CM4F/port.o
 *fill*         0x200007e1        0x3 
 .bss.ulMaxPRIGROUPValue
                0x200007e4        0x4 ./build/gimbctrl/Middlewares/Third_Party/FreeRTOS/Source/portable/GCC/ARM_CM4F/port.o
 .bss.pxEnd     0x200007e8        0x4 ./build/gimbctrl/Middlewares/Third_Party/FreeRTOS/Source/portable/MemMang/heap_4.o
 .bss.ucHeap    0x200007ec     0x3c00 ./build/gimbctrl/Middlewares/Third_Party/FreeRTOS/Source/portable/MemMang/heap_4.o
 .bss.xBlockAllocatedBit
                0x200043ec        0x4 ./build/gimbctrl/Middlewares/Third_Party/FreeRTOS/Source/portable/MemMang/heap_4.o
 .bss.xFreeBytesRemaining
                0x200043f0        0x4 ./build/gimbctrl/Middlewares/Third_Party/FreeRTOS/Source/portable/MemMang/heap_4.o
 .bss.xMinimumEverFreeBytesRemaining
                0x200043f4        0x4 ./build/gimbctrl/Middlewares/Third_Party/FreeRTOS/Source/portable/MemMang/heap_4.o
 .bss.xNumberOfSuccessfulAllocations
                0x200043f8        0x4 ./build/gimbctrl/Middlewares/Third_Party/FreeRTOS/Source/portable/MemMang/heap_4.o
 .bss.xNumberOfSuccessfulFrees
                0x200043fc        0x4 ./build/gimbctrl/Middlewares/Third_Party/FreeRTOS/Source/portable/MemMang/heap_4.o
 .bss.xStart    0x20004400        0x8 ./build/gimbctrl/Middlewares/Third_Party/FreeRTOS/Source/portable/MemMang/heap_4.o
 .bss.pxCurrentTCB
                0x20004408        0x4 ./build/gimbctrl/Middlewares/Third_Party/FreeRTOS/Source/tasks.o
                0x20004408                pxCurrentTCB
 .bss.pxDelayedTaskList
                0x2000440c        0x4 ./build/gimbctrl/Middlewares/Third_Party/FreeRTOS/Source/tasks.o
 .bss.pxOverflowDelayedTaskList
                0x20004410        0x4 ./build/gimbctrl/Middlewares/Third_Party/FreeRTOS/Source/tasks.o
 .bss.pxReadyTasksLists
                0x20004414      0x460 ./build/gimbctrl/Middlewares/Third_Party/FreeRTOS/Source/tasks.o
 .bss.uxCurrentNumberOfTasks
                0x20004874        0x4 ./build/gimbctrl/Middlewares/Third_Party/FreeRTOS/Source/tasks.o
 .bss.uxDeletedTasksWaitingCleanUp
                0x20004878        0x4 ./build/gimbctrl/Middlewares/Third_Party/FreeRTOS/Source/tasks.o
 .bss.uxSchedulerSuspended
                0x2000487c        0x4 ./build/gimbctrl/Middlewares/Third_Party/FreeRTOS/Source/tasks.o
 .bss.uxTaskNumber
                0x20004880        0x4 ./build/gimbctrl/Middlewares/Third_Party/FreeRTOS/Source/tasks.o
 .bss.uxTopReadyPriority
                0x20004884        0x4 ./build/gimbctrl/Middlewares/Third_Party/FreeRTOS/Source/tasks.o
 .bss.xDelayedTaskList1
                0x20004888       0x14 ./build/gimbctrl/Middlewares/Third_Party/FreeRTOS/Source/tasks.o
 .bss.xDelayedTaskList2
                0x2000489c       0x14 ./build/gimbctrl/Middlewares/Third_Party/FreeRTOS/Source/tasks.o
 .bss.xNextTaskUnblockTime
                0x200048b0        0x4 ./build/gimbctrl/Middlewares/Third_Party/FreeRTOS/Source/tasks.o
 .bss.xNumOfOverflows
                0x200048b4        0x4 ./build/gimbctrl/Middlewares/Third_Party/FreeRTOS/Source/tasks.o
 .bss.xPendedTicks
                0x200048b8        0x4 ./build/gimbctrl/Middlewares/Third_Party/FreeRTOS/Source/tasks.o
 .bss.xPendingReadyList
                0x200048bc       0x14 ./build/gimbctrl/Middlewares/Third_Party/FreeRTOS/Source/tasks.o
 .bss.xSchedulerRunning
                0x200048d0        0x4 ./build/gimbctrl/Middlewares/Third_Party/FreeRTOS/Source/tasks.o
 .bss.xSuspendedTaskList
                0x200048d4       0x14 ./build/gimbctrl/Middlewares/Third_Party/FreeRTOS/Source/tasks.o
 .bss.xTasksWaitingTermination
                0x200048e8       0x14 ./build/gimbctrl/Middlewares/Third_Party/FreeRTOS/Source/tasks.o
 .bss.xTickCount
                0x200048fc        0x4 ./build/gimbctrl/Middlewares/Third_Party/FreeRTOS/Source/tasks.o
 .bss.xYieldPending
                0x20004900        0x4 ./build/gimbctrl/Middlewares/Third_Party/FreeRTOS/Source/tasks.o
 .bss.pxCurrentTimerList
                0x20004904        0x4 ./build/gimbctrl/Middlewares/Third_Party/FreeRTOS/Source/timers.o
 .bss.pxOverflowTimerList
                0x20004908        0x4 ./build/gimbctrl/Middlewares/Third_Party/FreeRTOS/Source/timers.o
 .bss.ucStaticTimerQueueStorage.6642
                0x2000490c       0xa0 ./build/gimbctrl/Middlewares/Third_Party/FreeRTOS/Source/timers.o
 .bss.xActiveTimerList1
                0x200049ac       0x14 ./build/gimbctrl/Middlewares/Third_Party/FreeRTOS/Source/timers.o
 .bss.xActiveTimerList2
                0x200049c0       0x14 ./build/gimbctrl/Middlewares/Third_Party/FreeRTOS/Source/timers.o
 .bss.xLastTime.6591
                0x200049d4        0x4 ./build/gimbctrl/Middlewares/Third_Party/FreeRTOS/Source/timers.o
 .bss.xStaticTimerQueue.6641
                0x200049d8       0x50 ./build/gimbctrl/Middlewares/Third_Party/FreeRTOS/Source/timers.o
 .bss.xTimerQueue
                0x20004a28        0x4 ./build/gimbctrl/Middlewares/Third_Party/FreeRTOS/Source/timers.o
 .bss.xTimerTaskHandle
                0x20004a2c        0x4 ./build/gimbctrl/Middlewares/Third_Party/FreeRTOS/Source/timers.o
 .bss.HAL_RCC_CAN1_CLK_ENABLED
                0x20004a30        0x4 ./build/gimbctrl/Src/can.o
 .bss.fac_ms    0x20004a34        0x4 ./build/gimbctrl/src/bsps/bsp_delay.o
 .bss.fac_us    0x20004a38        0x1 ./build/gimbctrl/src/bsps/bsp_delay.o
 *fill*         0x20004a39        0x3 
 .bss.CAN_tx    0x20004a3c       0x18 ./build/gimbctrl/src/bsps/can_bsp.o
 .bss.CAN_tx_message
                0x20004a54        0x8 ./build/gimbctrl/src/bsps/can_bsp.o
 .bss.zeromes   0x20004a5c        0x8 ./build/gimbctrl/src/bsps/can_bsp.o
                0x20004a5c                zeromes
 .bss.integralFBx
                0x20004a64        0x4 ./build/gimbctrl/src/libs/MahonyAHRS.o
                0x20004a64                integralFBx
 .bss.integralFBy
                0x20004a68        0x4 ./build/gimbctrl/src/libs/MahonyAHRS.o
                0x20004a68                integralFBy
 .bss.integralFBz
                0x20004a6c        0x4 ./build/gimbctrl/src/libs/MahonyAHRS.o
                0x20004a6c                integralFBz
 .bss.twoKi     0x20004a70        0x4 ./build/gimbctrl/src/libs/MahonyAHRS.o
                0x20004a70                twoKi
 .bss.outcirccount.10210
                0x20004a74        0x1 ./build/gimbctrl/src/libs/motlib.o
 *fill*         0x20004a75        0x3 
 .bss.INS_accel
                0x20004a78        0xc ./build/gimbctrl/src/tasks/INS_task.o
 .bss.INS_angle
                0x20004a84        0xc ./build/gimbctrl/src/tasks/INS_task.o
                0x20004a84                INS_angle
 .bss.INS_gyro  0x20004a90        0xc ./build/gimbctrl/src/tasks/INS_task.o
                0x20004a90                INS_gyro
 .bss.INS_mag   0x20004a9c        0xc ./build/gimbctrl/src/tasks/INS_task.o
 .bss.INS_quat  0x20004aa8       0x10 ./build/gimbctrl/src/tasks/INS_task.o
 .bss.INS_task_local_handler
                0x20004ab8        0x4 ./build/gimbctrl/src/tasks/INS_task.o
 .bss.accel_fliter_2
                0x20004abc        0xc ./build/gimbctrl/src/tasks/INS_task.o
 .bss.accel_fliter_3
                0x20004ac8        0xc ./build/gimbctrl/src/tasks/INS_task.o
 .bss.accel_temp_update_flag
                0x20004ad4        0x1 ./build/gimbctrl/src/tasks/INS_task.o
                0x20004ad4                accel_temp_update_flag
 .bss.accel_update_flag
                0x20004ad5        0x1 ./build/gimbctrl/src/tasks/INS_task.o
                0x20004ad5                accel_update_flag
 .bss.first_temperate
                0x20004ad6        0x1 ./build/gimbctrl/src/tasks/INS_task.o
 .bss.gyro_update_flag
                0x20004ad7        0x1 ./build/gimbctrl/src/tasks/INS_task.o
                0x20004ad7                gyro_update_flag
 .bss.imu_start_dma_flag
                0x20004ad8        0x1 ./build/gimbctrl/src/tasks/INS_task.o
                0x20004ad8                imu_start_dma_flag
 *fill*         0x20004ad9        0x3 
 .bss.imu_temp_pid
                0x20004adc       0x3c ./build/gimbctrl/src/tasks/INS_task.o
 .bss.mag_update_flag
                0x20004b18        0x1 ./build/gimbctrl/src/tasks/INS_task.o
                0x20004b18                mag_update_flag
 .bss.temp_constant_time.10301
                0x20004b19        0x1 ./build/gimbctrl/src/tasks/INS_task.o
 *fill*         0x20004b1a        0x2 
 .bss.xHigherPriorityTaskWoken.10305
                0x20004b1c        0x4 ./build/gimbctrl/src/tasks/INS_task.o
 .bss.can1devsta
                0x20004b20        0x1 ./build/gimbctrl/src/tasks/devmoni.o
                0x20004b20                can1devsta
 .bss.can2devsta
                0x20004b21        0x1 ./build/gimbctrl/src/tasks/devmoni.o
                0x20004b21                can2devsta
 *(COMMON)
 *fill*         0x20004b22        0x2 
 COMMON         0x20004b24        0x4 ./build/gimbctrl/Drivers/STM32F4xx_HAL_Driver/Src/stm32f4xx_hal.o
                0x20004b24                uwTick
 COMMON         0x20004b28       0x40 ./build/gimbctrl/Middlewares/Third_Party/FreeRTOS/Source/queue.o
                0x20004b28                xQueueRegistry
 COMMON         0x20004b68       0x50 ./build/gimbctrl/Src/can.o
                0x20004b68                hcan2
                0x20004b90                hcan1
 COMMON         0x20004bb8       0x14 ./build/gimbctrl/Src/freertos.o
                0x20004bb8                devicemonitorHandle
                0x20004bbc                INS_TASKHandle
                0x20004bc0                ShoottaskHandle
                0x20004bc4                infomationupdatHandle
                0x20004bc8                communicatetaskHandle
 COMMON         0x20004bcc       0x54 ./build/gimbctrl/Src/i2c.o
                0x20004bcc                hi2c3
 COMMON         0x20004c20      0x118 ./build/gimbctrl/Src/spi.o
                0x20004c20                hspi1
                0x20004c78                hdma_spi1_rx
                0x20004cd8                hdma_spi1_tx
 COMMON         0x20004d38       0x48 ./build/gimbctrl/Src/tim.o
                0x20004d38                htim10
 COMMON         0x20004d80       0xac ./build/gimbctrl/src/tasks/INS_task.o
                0x20004d80                ist8310_real_data
                0x20004d90                accel_offset
                0x20004d9c                brsp
                0x20004da0                ysp
                0x20004da4                bpsp
                0x20004da8                accel_dma_rx_buf
                0x20004db4                mag_offset
                0x20004dc0                accel_temp_dma_rx_buf
                0x20004dc4                accel_cali_offset
                0x20004dd0                rsp
                0x20004dd4                gyro_dma_rx_buf
                0x20004ddc                gyro_offset
                0x20004de8                bysp
                0x20004dec                mag_cali_offset
                0x20004df8                gyro_cali_offset
                0x20004e04                bmi088_real_data
                0x20004e28                psp
 COMMON         0x20004e2c       0x30 ./build/gimbctrl/src/tasks/comutask.o
                0x20004e2c                comuinfo
                0x20004e4c                can2_mes2chas_imu
                0x20004e54                can2_mes2chas_cv
 COMMON         0x20004e5c      0x1fc ./build/gimbctrl/src/tasks/shoottask.o
                0x20004e5c                trigspid
                0x20004e98                can2_mes20x200
                0x20004ea0                trig
                0x20004ef4                fric
                0x20004f9c                fricspid
                0x20005014                trigapid
                0x20005050                can1_mes20x200
                0x20005058                . = ALIGN (0x4)
                0x20005058                _ebss = .
                0x20005058                __bss_end__ = _ebss

._user_heap_stack
                0x20005058      0x600
                0x20005058                . = ALIGN (0x8)
                [!provide]                PROVIDE (end = .)
                [!provide]                PROVIDE (_end = .)
                0x20005258                . = (. + _Min_Heap_Size)
 *fill*         0x20005058      0x200 
                0x20005658                . = (. + _Min_Stack_Size)
 *fill*         0x20005258      0x400 
                0x20005658                . = ALIGN (0x8)

/DISCARD/
 libc.a(*)
 libm.a(*)
 libgcc.a(*)

.ARM.attributes
                0x00000000       0x30
 *(.ARM.attributes)
 .ARM.attributes
                0x00000000       0x1e c:/users/94736/.eide/tools/gcc_arm/bin/../lib/gcc/arm-none-eabi/8.3.1/thumb/v7e-m+fp/hard/crti.o
 .ARM.attributes
                0x0000001e       0x34 c:/users/94736/.eide/tools/gcc_arm/bin/../lib/gcc/arm-none-eabi/8.3.1/thumb/v7e-m+fp/hard/crtbegin.o
 .ARM.attributes
                0x00000052       0x34 ./build/gimbctrl/Drivers/STM32F4xx_HAL_Driver/Src/stm32f4xx_hal.o
 .ARM.attributes
                0x00000086       0x34 ./build/gimbctrl/Drivers/STM32F4xx_HAL_Driver/Src/stm32f4xx_hal_can.o
 .ARM.attributes
                0x000000ba       0x34 ./build/gimbctrl/Drivers/STM32F4xx_HAL_Driver/Src/stm32f4xx_hal_cortex.o
 .ARM.attributes
                0x000000ee       0x34 ./build/gimbctrl/Drivers/STM32F4xx_HAL_Driver/Src/stm32f4xx_hal_dma.o
 .ARM.attributes
                0x00000122       0x34 ./build/gimbctrl/Drivers/STM32F4xx_HAL_Driver/Src/stm32f4xx_hal_gpio.o
 .ARM.attributes
                0x00000156       0x34 ./build/gimbctrl/Drivers/STM32F4xx_HAL_Driver/Src/stm32f4xx_hal_i2c.o
 .ARM.attributes
                0x0000018a       0x34 ./build/gimbctrl/Drivers/STM32F4xx_HAL_Driver/Src/stm32f4xx_hal_rcc.o
 .ARM.attributes
                0x000001be       0x34 ./build/gimbctrl/Drivers/STM32F4xx_HAL_Driver/Src/stm32f4xx_hal_spi.o
 .ARM.attributes
                0x000001f2       0x34 ./build/gimbctrl/Drivers/STM32F4xx_HAL_Driver/Src/stm32f4xx_hal_tim.o
 .ARM.attributes
                0x00000226       0x34 ./build/gimbctrl/Middlewares/Third_Party/FreeRTOS/Source/CMSIS_RTOS_V2/cmsis_os2.o
 .ARM.attributes
                0x0000025a       0x34 ./build/gimbctrl/Middlewares/Third_Party/FreeRTOS/Source/list.o
 .ARM.attributes
                0x0000028e       0x34 ./build/gimbctrl/Middlewares/Third_Party/FreeRTOS/Source/portable/GCC/ARM_CM4F/port.o
 .ARM.attributes
                0x000002c2       0x34 ./build/gimbctrl/Middlewares/Third_Party/FreeRTOS/Source/portable/MemMang/heap_4.o
 .ARM.attributes
                0x000002f6       0x34 ./build/gimbctrl/Middlewares/Third_Party/FreeRTOS/Source/queue.o
 .ARM.attributes
                0x0000032a       0x34 ./build/gimbctrl/Middlewares/Third_Party/FreeRTOS/Source/tasks.o
 .ARM.attributes
                0x0000035e       0x34 ./build/gimbctrl/Middlewares/Third_Party/FreeRTOS/Source/timers.o
 .ARM.attributes
                0x00000392       0x34 ./build/gimbctrl/Src/can.o
 .ARM.attributes
                0x000003c6       0x34 ./build/gimbctrl/Src/dma.o
 .ARM.attributes
                0x000003fa       0x34 ./build/gimbctrl/Src/freertos.o
 .ARM.attributes
                0x0000042e       0x34 ./build/gimbctrl/Src/gpio.o
 .ARM.attributes
                0x00000462       0x34 ./build/gimbctrl/Src/i2c.o
 .ARM.attributes
                0x00000496       0x34 ./build/gimbctrl/Src/main.o
 .ARM.attributes
                0x000004ca       0x34 ./build/gimbctrl/Src/spi.o
 .ARM.attributes
                0x000004fe       0x34 ./build/gimbctrl/Src/stm32f4xx_hal_msp.o
 .ARM.attributes
                0x00000532       0x34 ./build/gimbctrl/Src/stm32f4xx_it.o
 .ARM.attributes
                0x00000566       0x34 ./build/gimbctrl/Src/system_stm32f4xx.o
 .ARM.attributes
                0x0000059a       0x34 ./build/gimbctrl/Src/tim.o
 .ARM.attributes
                0x000005ce       0x34 ./build/gimbctrl/src/bsps/bsp_delay.o
 .ARM.attributes
                0x00000602       0x34 ./build/gimbctrl/src/bsps/bsp_imu_pwm.o
 .ARM.attributes
                0x00000636       0x34 ./build/gimbctrl/src/bsps/bsp_spi.o
 .ARM.attributes
                0x0000066a       0x34 ./build/gimbctrl/src/bsps/can_bsp.o
 .ARM.attributes
                0x0000069e       0x34 ./build/gimbctrl/src/devices/BMI088Middleware.o
 .ARM.attributes
                0x000006d2       0x34 ./build/gimbctrl/src/devices/BMI088driver.o
 .ARM.attributes
                0x00000706       0x34 ./build/gimbctrl/src/devices/canbus.o
 .ARM.attributes
                0x0000073a       0x34 ./build/gimbctrl/src/devices/ist8310driver.o
 .ARM.attributes
                0x0000076e       0x34 ./build/gimbctrl/src/devices/ist8310driver_middleware.o
 .ARM.attributes
                0x000007a2       0x34 ./build/gimbctrl/src/libs/MahonyAHRS.o
 .ARM.attributes
                0x000007d6       0x34 ./build/gimbctrl/src/libs/motlib.o
 .ARM.attributes
                0x0000080a       0x34 ./build/gimbctrl/src/libs/pid.o
 .ARM.attributes
                0x0000083e       0x34 ./build/gimbctrl/src/tasks/INS_task.o
 .ARM.attributes
                0x00000872       0x34 ./build/gimbctrl/src/tasks/comutask.o
 .ARM.attributes
                0x000008a6       0x34 ./build/gimbctrl/src/tasks/devmoni.o
 .ARM.attributes
                0x000008da       0x34 ./build/gimbctrl/src/tasks/infoupdate.o
 .ARM.attributes
                0x0000090e       0x34 ./build/gimbctrl/src/tasks/shoottask.o
 .ARM.attributes
                0x00000942       0x21 ./build/gimbctrl/startup_stm32f407xx.o
 .ARM.attributes
                0x00000963       0x34 c:/users/94736/.eide/tools/gcc_arm/bin/../lib/gcc/arm-none-eabi/8.3.1/../../../../arm-none-eabi/lib/thumb/v7e-m+fp/hard\libm.a(lib_a-w_sqrt.o)
 .ARM.attributes
                0x00000997       0x34 c:/users/94736/.eide/tools/gcc_arm/bin/../lib/gcc/arm-none-eabi/8.3.1/../../../../arm-none-eabi/lib/thumb/v7e-m+fp/hard\libm.a(lib_a-wf_asin.o)
 .ARM.attributes
                0x000009cb       0x34 c:/users/94736/.eide/tools/gcc_arm/bin/../lib/gcc/arm-none-eabi/8.3.1/../../../../arm-none-eabi/lib/thumb/v7e-m+fp/hard\libm.a(lib_a-wf_atan2.o)
 .ARM.attributes
                0x000009ff       0x34 c:/users/94736/.eide/tools/gcc_arm/bin/../lib/gcc/arm-none-eabi/8.3.1/../../../../arm-none-eabi/lib/thumb/v7e-m+fp/hard\libm.a(lib_a-e_sqrt.o)
 .ARM.attributes
                0x00000a33       0x34 c:/users/94736/.eide/tools/gcc_arm/bin/../lib/gcc/arm-none-eabi/8.3.1/../../../../arm-none-eabi/lib/thumb/v7e-m+fp/hard\libm.a(lib_a-ef_asin.o)
 .ARM.attributes
                0x00000a67       0x34 c:/users/94736/.eide/tools/gcc_arm/bin/../lib/gcc/arm-none-eabi/8.3.1/../../../../arm-none-eabi/lib/thumb/v7e-m+fp/hard\libm.a(lib_a-ef_atan2.o)
 .ARM.attributes
                0x00000a9b       0x34 c:/users/94736/.eide/tools/gcc_arm/bin/../lib/gcc/arm-none-eabi/8.3.1/../../../../arm-none-eabi/lib/thumb/v7e-m+fp/hard\libm.a(lib_a-ef_sqrt.o)
 .ARM.attributes
                0x00000acf       0x32 c:/users/94736/.eide/tools/gcc_arm/bin/../lib/gcc/arm-none-eabi/8.3.1/../../../../arm-none-eabi/lib/thumb/v7e-m+fp/hard\libm.a(lib_a-s_lib_ver.o)
 .ARM.attributes
                0x00000b01       0x34 c:/users/94736/.eide/tools/gcc_arm/bin/../lib/gcc/arm-none-eabi/8.3.1/../../../../arm-none-eabi/lib/thumb/v7e-m+fp/hard\libm.a(lib_a-sf_atan.o)
 .ARM.attributes
                0x00000b35       0x34 c:/users/94736/.eide/tools/gcc_arm/bin/../lib/gcc/arm-none-eabi/8.3.1/../../../../arm-none-eabi/lib/thumb/v7e-m+fp/hard\libm.a(lib_a-sf_fabs.o)
 .ARM.attributes
                0x00000b69       0x34 c:/users/94736/.eide/tools/gcc_arm/bin/../lib/gcc/arm-none-eabi/8.3.1/../../../../arm-none-eabi/lib/thumb/v7e-m+fp/hard\libm.a(lib_a-sf_nan.o)
 .ARM.attributes
                0x00000b9d       0x1e c:/users/94736/.eide/tools/gcc_arm/bin/../lib/gcc/arm-none-eabi/8.3.1/thumb/v7e-m+fp/hard\libgcc.a(_arm_addsubdf3.o)
 .ARM.attributes
                0x00000bbb       0x1e c:/users/94736/.eide/tools/gcc_arm/bin/../lib/gcc/arm-none-eabi/8.3.1/thumb/v7e-m+fp/hard\libgcc.a(_arm_muldivdf3.o)
 .ARM.attributes
                0x00000bd9       0x1e c:/users/94736/.eide/tools/gcc_arm/bin/../lib/gcc/arm-none-eabi/8.3.1/thumb/v7e-m+fp/hard\libgcc.a(_arm_cmpdf2.o)
 .ARM.attributes
                0x00000bf7       0x1e c:/users/94736/.eide/tools/gcc_arm/bin/../lib/gcc/arm-none-eabi/8.3.1/thumb/v7e-m+fp/hard\libgcc.a(_arm_unorddf2.o)
 .ARM.attributes
                0x00000c15       0x1e c:/users/94736/.eide/tools/gcc_arm/bin/../lib/gcc/arm-none-eabi/8.3.1/thumb/v7e-m+fp/hard\libgcc.a(_arm_truncdfsf2.o)
 .ARM.attributes
                0x00000c33       0x1e c:/users/94736/.eide/tools/gcc_arm/bin/../lib/gcc/arm-none-eabi/8.3.1/thumb/v7e-m+fp/hard\libgcc.a(_aeabi_uldivmod.o)
 .ARM.attributes
                0x00000c51       0x34 c:/users/94736/.eide/tools/gcc_arm/bin/../lib/gcc/arm-none-eabi/8.3.1/thumb/v7e-m+fp/hard\libgcc.a(_udivmoddi4.o)
 .ARM.attributes
                0x00000c85       0x1e c:/users/94736/.eide/tools/gcc_arm/bin/../lib/gcc/arm-none-eabi/8.3.1/thumb/v7e-m+fp/hard\libgcc.a(_dvmd_tls.o)
 .ARM.attributes
                0x00000ca3       0x34 c:/users/94736/.eide/tools/gcc_arm/bin/../lib/gcc/arm-none-eabi/8.3.1/../../../../arm-none-eabi/lib/thumb/v7e-m+fp/hard\libc_nano.a(lib_a-errno.o)
 .ARM.attributes
                0x00000cd7       0x32 c:/users/94736/.eide/tools/gcc_arm/bin/../lib/gcc/arm-none-eabi/8.3.1/../../../../arm-none-eabi/lib/thumb/v7e-m+fp/hard\libc_nano.a(lib_a-impure.o)
 .ARM.attributes
                0x00000d09       0x34 c:/users/94736/.eide/tools/gcc_arm/bin/../lib/gcc/arm-none-eabi/8.3.1/../../../../arm-none-eabi/lib/thumb/v7e-m+fp/hard\libc_nano.a(lib_a-init.o)
 .ARM.attributes
                0x00000d3d       0x34 c:/users/94736/.eide/tools/gcc_arm/bin/../lib/gcc/arm-none-eabi/8.3.1/../../../../arm-none-eabi/lib/thumb/v7e-m+fp/hard\libc_nano.a(lib_a-memcpy-stub.o)
 .ARM.attributes
                0x00000d71       0x34 c:/users/94736/.eide/tools/gcc_arm/bin/../lib/gcc/arm-none-eabi/8.3.1/../../../../arm-none-eabi/lib/thumb/v7e-m+fp/hard\libc_nano.a(lib_a-memset.o)
 .ARM.attributes
                0x00000da5       0x17 c:/users/94736/.eide/tools/gcc_arm/bin/../lib/gcc/arm-none-eabi/8.3.1/../../../../arm-none-eabi/lib/thumb/v7e-m+fp/hard\libc_nano.a(lib_a-strlen.o)
 .ARM.attributes
                0x00000dbc       0x1e c:/users/94736/.eide/tools/gcc_arm/bin/../lib/gcc/arm-none-eabi/8.3.1/thumb/v7e-m+fp/hard/crtn.o
OUTPUT(./build/gimbctrl/gimbctrl.elf elf32-littlearm)

.debug_info     0x00000000    0x447ba
 .debug_info    0x00000000      0xa72 ./build/gimbctrl/Drivers/STM32F4xx_HAL_Driver/Src/stm32f4xx_hal.o
 .debug_info    0x00000a72     0x133a ./build/gimbctrl/Drivers/STM32F4xx_HAL_Driver/Src/stm32f4xx_hal_can.o
 .debug_info    0x00001dac     0x115f ./build/gimbctrl/Drivers/STM32F4xx_HAL_Driver/Src/stm32f4xx_hal_cortex.o
 .debug_info    0x00002f0b      0xbe0 ./build/gimbctrl/Drivers/STM32F4xx_HAL_Driver/Src/stm32f4xx_hal_dma.o
 .debug_info    0x00003aeb      0x87d ./build/gimbctrl/Drivers/STM32F4xx_HAL_Driver/Src/stm32f4xx_hal_gpio.o
 .debug_info    0x00004368     0x3a2d ./build/gimbctrl/Drivers/STM32F4xx_HAL_Driver/Src/stm32f4xx_hal_i2c.o
 .debug_info    0x00007d95      0xb56 ./build/gimbctrl/Drivers/STM32F4xx_HAL_Driver/Src/stm32f4xx_hal_rcc.o
 .debug_info    0x000088eb     0x1f6b ./build/gimbctrl/Drivers/STM32F4xx_HAL_Driver/Src/stm32f4xx_hal_spi.o
 .debug_info    0x0000a856     0x3df5 ./build/gimbctrl/Drivers/STM32F4xx_HAL_Driver/Src/stm32f4xx_hal_tim.o
 .debug_info    0x0000e64b     0x56ad ./build/gimbctrl/Middlewares/Third_Party/FreeRTOS/Source/CMSIS_RTOS_V2/cmsis_os2.o
 .debug_info    0x00013cf8      0xb7e ./build/gimbctrl/Middlewares/Third_Party/FreeRTOS/Source/list.o
 .debug_info    0x00014876      0x5f8 ./build/gimbctrl/Middlewares/Third_Party/FreeRTOS/Source/portable/GCC/ARM_CM4F/port.o